Archive member included to satisfy reference by file (symbol)

/usr/lib/gcc/arm-none-eabi/10.3.1/../../../arm-none-eabi/lib/thumb/v7-m/nofp/libm.a(lib_a-w_exp2.o)
                              build/cc26x0-cc13x0/sensortag/cc2650/obj/opt-3001-sensor.o (exp2)
/usr/lib/gcc/arm-none-eabi/10.3.1/../../../arm-none-eabi/lib/thumb/v7-m/nofp/libm.a(lib_a-w_pow.o)
                              /usr/lib/gcc/arm-none-eabi/10.3.1/../../../arm-none-eabi/lib/thumb/v7-m/nofp/libm.a(lib_a-w_exp2.o) (pow)
/usr/lib/gcc/arm-none-eabi/10.3.1/../../../arm-none-eabi/lib/thumb/v7-m/nofp/libm.a(lib_a-e_pow.o)
                              /usr/lib/gcc/arm-none-eabi/10.3.1/../../../arm-none-eabi/lib/thumb/v7-m/nofp/libm.a(lib_a-w_pow.o) (__ieee754_pow)
/usr/lib/gcc/arm-none-eabi/10.3.1/../../../arm-none-eabi/lib/thumb/v7-m/nofp/libm.a(lib_a-e_sqrt.o)
                              /usr/lib/gcc/arm-none-eabi/10.3.1/../../../arm-none-eabi/lib/thumb/v7-m/nofp/libm.a(lib_a-e_pow.o) (__ieee754_sqrt)
/usr/lib/gcc/arm-none-eabi/10.3.1/../../../arm-none-eabi/lib/thumb/v7-m/nofp/libm.a(lib_a-s_fabs.o)
                              /usr/lib/gcc/arm-none-eabi/10.3.1/../../../arm-none-eabi/lib/thumb/v7-m/nofp/libm.a(lib_a-e_pow.o) (fabs)
/usr/lib/gcc/arm-none-eabi/10.3.1/../../../arm-none-eabi/lib/thumb/v7-m/nofp/libm.a(lib_a-s_finite.o)
                              /usr/lib/gcc/arm-none-eabi/10.3.1/../../../arm-none-eabi/lib/thumb/v7-m/nofp/libm.a(lib_a-w_pow.o) (finite)
/usr/lib/gcc/arm-none-eabi/10.3.1/../../../arm-none-eabi/lib/thumb/v7-m/nofp/libm.a(lib_a-s_lib_ver.o)
                              /usr/lib/gcc/arm-none-eabi/10.3.1/../../../arm-none-eabi/lib/thumb/v7-m/nofp/libm.a(lib_a-w_pow.o) (__fdlib_version)
/usr/lib/gcc/arm-none-eabi/10.3.1/../../../arm-none-eabi/lib/thumb/v7-m/nofp/libm.a(lib_a-s_nan.o)
                              /usr/lib/gcc/arm-none-eabi/10.3.1/../../../arm-none-eabi/lib/thumb/v7-m/nofp/libm.a(lib_a-e_pow.o) (nan)
/usr/lib/gcc/arm-none-eabi/10.3.1/../../../arm-none-eabi/lib/thumb/v7-m/nofp/libm.a(lib_a-s_rint.o)
                              /usr/lib/gcc/arm-none-eabi/10.3.1/../../../arm-none-eabi/lib/thumb/v7-m/nofp/libm.a(lib_a-w_pow.o) (rint)
/usr/lib/gcc/arm-none-eabi/10.3.1/../../../arm-none-eabi/lib/thumb/v7-m/nofp/libm.a(lib_a-s_scalbn.o)
                              /usr/lib/gcc/arm-none-eabi/10.3.1/../../../arm-none-eabi/lib/thumb/v7-m/nofp/libm.a(lib_a-e_pow.o) (scalbn)
/usr/lib/gcc/arm-none-eabi/10.3.1/thumb/v7-m/nofp/libgcc.a(_arm_muldf3.o)
                              build/cc26x0-cc13x0/sensortag/cc2650/obj/opt-3001-sensor.o (__aeabi_dmul)
/usr/lib/gcc/arm-none-eabi/10.3.1/thumb/v7-m/nofp/libgcc.a(_arm_mulsf3.o)
                              build/cc26x0-cc13x0/sensortag/cc2650/obj/opt-3001-sensor.o (__aeabi_fmul)
/usr/lib/gcc/arm-none-eabi/10.3.1/thumb/v7-m/nofp/libgcc.a(_arm_addsubdf3.o)
                              build/cc26x0-cc13x0/sensortag/cc2650/obj/hdc-1000-sensor.o (__aeabi_dsub)
/usr/lib/gcc/arm-none-eabi/10.3.1/thumb/v7-m/nofp/libgcc.a(_arm_muldivdf3.o)
                              build/cc26x0-cc13x0/sensortag/cc2650/obj/ble-hal-cc26xx.o (__aeabi_ddiv)
/usr/lib/gcc/arm-none-eabi/10.3.1/thumb/v7-m/nofp/libgcc.a(_arm_cmpdf2.o)
                              /usr/lib/gcc/arm-none-eabi/10.3.1/../../../arm-none-eabi/lib/thumb/v7-m/nofp/libm.a(lib_a-w_pow.o) (__aeabi_dcmpeq)
/usr/lib/gcc/arm-none-eabi/10.3.1/thumb/v7-m/nofp/libgcc.a(_arm_unorddf2.o)
                              /usr/lib/gcc/arm-none-eabi/10.3.1/../../../arm-none-eabi/lib/thumb/v7-m/nofp/libm.a(lib_a-w_pow.o) (__aeabi_dcmpun)
/usr/lib/gcc/arm-none-eabi/10.3.1/thumb/v7-m/nofp/libgcc.a(_arm_fixunsdfsi.o)
                              build/cc26x0-cc13x0/sensortag/cc2650/obj/ble-hal-cc26xx.o (__aeabi_d2uiz)
/usr/lib/gcc/arm-none-eabi/10.3.1/thumb/v7-m/nofp/libgcc.a(_arm_truncdfsf2.o)
                              build/cc26x0-cc13x0/sensortag/cc2650/obj/opt-3001-sensor.o (__aeabi_d2f)
/usr/lib/gcc/arm-none-eabi/10.3.1/thumb/v7-m/nofp/libgcc.a(_arm_fixsfsi.o)
                              build/cc26x0-cc13x0/sensortag/cc2650/obj/opt-3001-sensor.o (__aeabi_f2iz)
/usr/lib/gcc/arm-none-eabi/10.3.1/thumb/v7-m/nofp/libgcc.a(_aeabi_ldivmod.o)
                              build/cc26x0-cc13x0/sensortag/cc2650/obj/tsch-adaptive-timesync.o (__aeabi_ldivmod)
/usr/lib/gcc/arm-none-eabi/10.3.1/thumb/v7-m/nofp/libgcc.a(_aeabi_uldivmod.o)
                              build/cc26x0-cc13x0/sensortag/cc2650/obj/rf-core.o (__aeabi_uldivmod)
/usr/lib/gcc/arm-none-eabi/10.3.1/thumb/v7-m/nofp/libgcc.a(_udivmoddi4.o)
                              /usr/lib/gcc/arm-none-eabi/10.3.1/thumb/v7-m/nofp/libgcc.a(_aeabi_ldivmod.o) (__udivmoddi4)
/usr/lib/gcc/arm-none-eabi/10.3.1/thumb/v7-m/nofp/libgcc.a(_dvmd_tls.o)
                              /usr/lib/gcc/arm-none-eabi/10.3.1/thumb/v7-m/nofp/libgcc.a(_aeabi_ldivmod.o) (__aeabi_ldiv0)
/usr/lib/gcc/arm-none-eabi/10.3.1/../../../arm-none-eabi/lib/thumb/v7-m/nofp/libc.a(lib_a-errno.o)
[...]
Memory Configuration

Name             Origin             Length             Attributes
FLASH            0x0000000000000000 0x000000000001ffa8 xr
FLASH_CCFG       0x000000000001ffa8 0x0000000000000058 xr
SRAM             0x0000000020000000 0x0000000000005000 xrw
GPRAM            0x0000000011000000 0x0000000000002000 xrw
*default*        0x0000000000000000 0xffffffffffffffff

Linker script and memory map

LOAD build/cc26x0-cc13x0/sensortag/cc2650/obj/fault-handlers.o
LOAD build/cc26x0-cc13x0/sensortag/cc2650/obj/ccfg.o
LOAD build/cc26x0-cc13x0/sensortag/cc2650/obj/startup_gcc.o
LOAD build/cc26x0-cc13x0/sensortag/cc2650/obj/platform.o
LOAD build/cc26x0-cc13x0/sensortag/cc2650/obj/leds-arch.o
LOAD build/cc26x0-cc13x0/sensortag/cc2650/obj/sensortag-sensors.o
LOAD build/cc26x0-cc13x0/sensortag/cc2650/obj/board-buttons.o
LOAD build/cc26x0-cc13x0/sensortag/cc2650/obj/sensor-common.o
LOAD build/cc26x0-cc13x0/sensortag/cc2650/obj/bmp-280-sensor.o
LOAD build/cc26x0-cc13x0/sensortag/cc2650/obj/opt-3001-sensor.o
LOAD build/cc26x0-cc13x0/sensortag/cc2650/obj/hdc-1000-sensor.o
LOAD build/cc26x0-cc13x0/sensortag/cc2650/obj/xmem.o
LOAD build/cc26x0-cc13x0/sensortag/cc2650/obj/board.o
LOAD build/cc26x0-cc13x0/sensortag/cc2650/obj/board-i2c.o
LOAD build/cc26x0-cc13x0/sensortag/cc2650/obj/clock.o
LOAD build/cc26x0-cc13x0/sensortag/cc2650/obj/rtimer-arch.o
LOAD build/cc26x0-cc13x0/sensortag/cc2650/obj/soc-rtc.o
LOAD build/cc26x0-cc13x0/sensortag/cc2650/obj/uart.o
LOAD build/cc26x0-cc13x0/sensortag/cc2650/obj/contiki-watchdog.o
LOAD build/cc26x0-cc13x0/sensortag/cc2650/obj/aux-ctrl.o
LOAD build/cc26x0-cc13x0/sensortag/cc2650/obj/dbg.o
LOAD build/cc26x0-cc13x0/sensortag/cc2650/obj/ieee-addr.o
LOAD build/cc26x0-cc13x0/sensortag/cc2650/obj/batmon-sensor.o
LOAD build/cc26x0-cc13x0/sensortag/cc2650/obj/adc-sensor.o
LOAD build/cc26x0-cc13x0/sensortag/cc2650/obj/slip-arch.o
LOAD build/cc26x0-cc13x0/sensortag/cc2650/obj/slip.o
LOAD build/cc26x0-cc13x0/sensortag/cc2650/obj/cc26xx-uart.o
LOAD build/cc26x0-cc13x0/sensortag/cc2650/obj/lpm.o
LOAD build/cc26x0-cc13x0/sensortag/cc2650/obj/gpio-interrupt.o
LOAD build/cc26x0-cc13x0/sensortag/cc2650/obj/gpio-hal-arch.o
LOAD build/cc26x0-cc13x0/sensortag/cc2650/obj/oscillators.o
LOAD build/cc26x0-cc13x0/sensortag/cc2650/obj/rf-core.o
LOAD build/cc26x0-cc13x0/sensortag/cc2650/obj/rf-ble.o
LOAD build/cc26x0-cc13x0/sensortag/cc2650/obj/ieee-mode.o
LOAD build/cc26x0-cc13x0/sensortag/cc2650/obj/ble-cc2650.o
LOAD build/cc26x0-cc13x0/sensortag/cc2650/obj/ble-hal-cc26xx.o
LOAD build/cc26x0-cc13x0/sensortag/cc2650/obj/ble-addr.o
LOAD build/cc26x0-cc13x0/sensortag/cc2650/obj/rf-ble-cmd.o
LOAD build/cc26x0-cc13x0/sensortag/cc2650/obj/random.o
LOAD build/cc26x0-cc13x0/sensortag/cc2650/obj/soc-trng.o
LOAD build/cc26x0-cc13x0/sensortag/cc2650/obj/int-master.o
LOAD build/cc26x0-cc13x0/sensortag/cc2650/obj/spi-arch.o
LOAD build/cc26x0-cc13x0/sensortag/cc2650/obj/cc26xx-aes.o
LOAD build/cc26x0-cc13x0/sensortag/cc2650/obj/orchestra-rule-default-common.o
LOAD build/cc26x0-cc13x0/sensortag/cc2650/obj/orchestra-rule-eb-per-time-source.o
LOAD build/cc26x0-cc13x0/sensortag/cc2650/obj/orchestra-rule-special-for-root.o
LOAD build/cc26x0-cc13x0/sensortag/cc2650/obj/orchestra-rule-unicast-link-based.o
LOAD build/cc26x0-cc13x0/sensortag/cc2650/obj/orchestra-rule-unicast-per-neighbor-rpl-ns.o
LOAD build/cc26x0-cc13x0/sensortag/cc2650/obj/orchestra-rule-unicast-per-neighbor-rpl-storing.o
LOAD build/cc26x0-cc13x0/sensortag/cc2650/obj/orchestra.o
LOAD build/cc26x0-cc13x0/sensortag/cc2650/obj/contiki-main.o
LOAD build/cc26x0-cc13x0/sensortag/cc2650/obj/atomic.o
LOAD build/cc26x0-cc13x0/sensortag/cc2650/obj/autostart.o
LOAD build/cc26x0-cc13x0/sensortag/cc2650/obj/compower.o
LOAD build/cc26x0-cc13x0/sensortag/cc2650/obj/ctimer.o
LOAD build/cc26x0-cc13x0/sensortag/cc2650/obj/energest.o
LOAD build/cc26x0-cc13x0/sensortag/cc2650/obj/etimer.o
LOAD build/cc26x0-cc13x0/sensortag/cc2650/obj/log.o
LOAD build/cc26x0-cc13x0/sensortag/cc2650/obj/mutex.o
LOAD build/cc26x0-cc13x0/sensortag/cc2650/obj/node-id.o
LOAD build/cc26x0-cc13x0/sensortag/cc2650/obj/process.o
LOAD build/cc26x0-cc13x0/sensortag/cc2650/obj/rtimer.o
LOAD build/cc26x0-cc13x0/sensortag/cc2650/obj/stack-check.o
LOAD build/cc26x0-cc13x0/sensortag/cc2650/obj/stimer.o
LOAD build/cc26x0-cc13x0/sensortag/cc2650/obj/timer.o
LOAD build/cc26x0-cc13x0/sensortag/cc2650/obj/aes-128.o
LOAD build/cc26x0-cc13x0/sensortag/cc2650/obj/assert.o
LOAD build/cc26x0-cc13x0/sensortag/cc2650/obj/ccm-star.o
LOAD build/cc26x0-cc13x0/sensortag/cc2650/obj/circular-list.o
LOAD build/cc26x0-cc13x0/sensortag/cc2650/obj/crc16.o
LOAD build/cc26x0-cc13x0/sensortag/cc2650/obj/dbl-circ-list.o
LOAD build/cc26x0-cc13x0/sensortag/cc2650/obj/dbl-list.o
LOAD build/cc26x0-cc13x0/sensortag/cc2650/obj/heapmem.o
LOAD build/cc26x0-cc13x0/sensortag/cc2650/obj/hexconv.o
LOAD build/cc26x0-cc13x0/sensortag/cc2650/obj/ifft.o
LOAD build/cc26x0-cc13x0/sensortag/cc2650/obj/list.o
LOAD build/cc26x0-cc13x0/sensortag/cc2650/obj/memb.o
LOAD build/cc26x0-cc13x0/sensortag/cc2650/obj/ringbuf.o
LOAD build/cc26x0-cc13x0/sensortag/cc2650/obj/ringbufindex.o
LOAD build/cc26x0-cc13x0/sensortag/cc2650/obj/sensors.o
LOAD build/cc26x0-cc13x0/sensortag/cc2650/obj/trickle-timer.o
LOAD build/cc26x0-cc13x0/sensortag/cc2650/obj/button-hal.o
LOAD build/cc26x0-cc13x0/sensortag/cc2650/obj/gpio-hal.o
LOAD build/cc26x0-cc13x0/sensortag/cc2650/obj/leds.o
LOAD build/cc26x0-cc13x0/sensortag/cc2650/obj/nullradio.o
LOAD build/cc26x0-cc13x0/sensortag/cc2650/obj/serial-line.o
LOAD build/cc26x0-cc13x0/sensortag/cc2650/obj/spi.o
LOAD build/cc26x0-cc13x0/sensortag/cc2650/obj/link-stats.o
LOAD build/cc26x0-cc13x0/sensortag/cc2650/obj/linkaddr.o
LOAD build/cc26x0-cc13x0/sensortag/cc2650/obj/nbr-table.o
LOAD build/cc26x0-cc13x0/sensortag/cc2650/obj/net-debug.o
LOAD build/cc26x0-cc13x0/sensortag/cc2650/obj/netstack.o
LOAD build/cc26x0-cc13x0/sensortag/cc2650/obj/packetbuf.o
LOAD build/cc26x0-cc13x0/sensortag/cc2650/obj/queuebuf.o
LOAD build/cc26x0-cc13x0/sensortag/cc2650/obj/mac-sequence.o
LOAD build/cc26x0-cc13x0/sensortag/cc2650/obj/mac.o
LOAD build/cc26x0-cc13x0/sensortag/cc2650/obj/frame802154.o
LOAD build/cc26x0-cc13x0/sensortag/cc2650/obj/frame802154e-ie.o
LOAD build/cc26x0-cc13x0/sensortag/cc2650/obj/framer-802154.o
LOAD build/cc26x0-cc13x0/sensortag/cc2650/obj/nullframer.o
LOAD build/cc26x0-cc13x0/sensortag/cc2650/obj/ext-flash.o
LOAD build/cc26x0-cc13x0/sensortag/cc2650/obj/adi.o
LOAD build/cc26x0-cc13x0/sensortag/cc2650/obj/aon_batmon.o
LOAD build/cc26x0-cc13x0/sensortag/cc2650/obj/aon_event.o
LOAD build/cc26x0-cc13x0/sensortag/cc2650/obj/aon_ioc.o
LOAD build/cc26x0-cc13x0/sensortag/cc2650/obj/aon_rtc.o
LOAD build/cc26x0-cc13x0/sensortag/cc2650/obj/aon_wuc.o
LOAD build/cc26x0-cc13x0/sensortag/cc2650/obj/aux_adc.o
LOAD build/cc26x0-cc13x0/sensortag/cc2650/obj/aux_smph.o
LOAD build/cc26x0-cc13x0/sensortag/cc2650/obj/aux_tdc.o
LOAD build/cc26x0-cc13x0/sensortag/cc2650/obj/aux_timer.o
LOAD build/cc26x0-cc13x0/sensortag/cc2650/obj/aux_wuc.o
LOAD build/cc26x0-cc13x0/sensortag/cc2650/obj/ccfgread.o
LOAD build/cc26x0-cc13x0/sensortag/cc2650/obj/chipinfo.o
LOAD build/cc26x0-cc13x0/sensortag/cc2650/obj/cpu.o
LOAD build/cc26x0-cc13x0/sensortag/cc2650/obj/crypto.o
LOAD build/cc26x0-cc13x0/sensortag/cc2650/obj/ddi.o
LOAD build/cc26x0-cc13x0/sensortag/cc2650/obj/driverlib_release.o
LOAD build/cc26x0-cc13x0/sensortag/cc2650/obj/event.o
LOAD build/cc26x0-cc13x0/sensortag/cc2650/obj/flash.o
LOAD build/cc26x0-cc13x0/sensortag/cc2650/obj/gpio.o
LOAD build/cc26x0-cc13x0/sensortag/cc2650/obj/i2c.o
LOAD build/cc26x0-cc13x0/sensortag/cc2650/obj/i2s.o
LOAD build/cc26x0-cc13x0/sensortag/cc2650/obj/interrupt.o
LOAD build/cc26x0-cc13x0/sensortag/cc2650/obj/ioc.o
LOAD build/cc26x0-cc13x0/sensortag/cc2650/obj/osc.o
LOAD build/cc26x0-cc13x0/sensortag/cc2650/obj/prcm.o
LOAD build/cc26x0-cc13x0/sensortag/cc2650/obj/pwr_ctrl.o
LOAD build/cc26x0-cc13x0/sensortag/cc2650/obj/rfc.o
LOAD build/cc26x0-cc13x0/sensortag/cc2650/obj/rom_crypto.o
LOAD build/cc26x0-cc13x0/sensortag/cc2650/obj/setup.o
LOAD build/cc26x0-cc13x0/sensortag/cc2650/obj/setup_rom.o
LOAD build/cc26x0-cc13x0/sensortag/cc2650/obj/smph.o
LOAD build/cc26x0-cc13x0/sensortag/cc2650/obj/ssi.o
LOAD build/cc26x0-cc13x0/sensortag/cc2650/obj/sys_ctrl.o
LOAD build/cc26x0-cc13x0/sensortag/cc2650/obj/systick.o
LOAD build/cc26x0-cc13x0/sensortag/cc2650/obj/trng.o
LOAD build/cc26x0-cc13x0/sensortag/cc2650/obj/udma.o
LOAD build/cc26x0-cc13x0/sensortag/cc2650/obj/vims.o
LOAD build/cc26x0-cc13x0/sensortag/cc2650/obj/watchdog.o
LOAD build/cc26x0-cc13x0/sensortag/cc2650/obj/syscalls.o
LOAD build/cc26x0-cc13x0/sensortag/cc2650/obj/printf.o
LOAD build/cc26x0-cc13x0/sensortag/cc2650/obj/putchar.o
LOAD build/cc26x0-cc13x0/sensortag/cc2650/obj/puts.o
LOAD build/cc26x0-cc13x0/sensortag/cc2650/obj/snprintf.o
LOAD build/cc26x0-cc13x0/sensortag/cc2650/obj/sprintf.o
LOAD build/cc26x0-cc13x0/sensortag/cc2650/obj/strformat.o
LOAD build/cc26x0-cc13x0/sensortag/cc2650/obj/tsch-adaptive-timesync.o
LOAD build/cc26x0-cc13x0/sensortag/cc2650/obj/tsch-log.o
LOAD build/cc26x0-cc13x0/sensortag/cc2650/obj/tsch-packet.o
LOAD build/cc26x0-cc13x0/sensortag/cc2650/obj/tsch-queue.o
LOAD build/cc26x0-cc13x0/sensortag/cc2650/obj/tsch-roots.o
LOAD build/cc26x0-cc13x0/sensortag/cc2650/obj/tsch-rpl.o
LOAD build/cc26x0-cc13x0/sensortag/cc2650/obj/tsch-schedule.o
LOAD build/cc26x0-cc13x0/sensortag/cc2650/obj/tsch-security.o
LOAD build/cc26x0-cc13x0/sensortag/cc2650/obj/tsch-slot-operation.o
LOAD build/cc26x0-cc13x0/sensortag/cc2650/obj/tsch-stats.o
LOAD build/cc26x0-cc13x0/sensortag/cc2650/obj/tsch-timeslot-timing.o
LOAD build/cc26x0-cc13x0/sensortag/cc2650/obj/tsch.o
LOAD build/cc26x0-cc13x0/sensortag/cc2650/obj/ip64-addr.o
LOAD build/cc26x0-cc13x0/sensortag/cc2650/obj/psock.o
LOAD build/cc26x0-cc13x0/sensortag/cc2650/obj/sicslowpan.o
LOAD build/cc26x0-cc13x0/sensortag/cc2650/obj/simple-udp.o
LOAD build/cc26x0-cc13x0/sensortag/cc2650/obj/tcp-socket.o
LOAD build/cc26x0-cc13x0/sensortag/cc2650/obj/tcpip.o
LOAD build/cc26x0-cc13x0/sensortag/cc2650/obj/udp-socket.o
LOAD build/cc26x0-cc13x0/sensortag/cc2650/obj/uip-ds6-nbr.o
LOAD build/cc26x0-cc13x0/sensortag/cc2650/obj/uip-ds6-route.o
LOAD build/cc26x0-cc13x0/sensortag/cc2650/obj/uip-ds6.o
LOAD build/cc26x0-cc13x0/sensortag/cc2650/obj/uip-icmp6.o
LOAD build/cc26x0-cc13x0/sensortag/cc2650/obj/uip-nameserver.o
LOAD build/cc26x0-cc13x0/sensortag/cc2650/obj/uip-nd6.o
LOAD build/cc26x0-cc13x0/sensortag/cc2650/obj/uip-packetqueue.o
LOAD build/cc26x0-cc13x0/sensortag/cc2650/obj/uip-sr.o
LOAD build/cc26x0-cc13x0/sensortag/cc2650/obj/uip-udp-packet.o
LOAD build/cc26x0-cc13x0/sensortag/cc2650/obj/uip6.o
LOAD build/cc26x0-cc13x0/sensortag/cc2650/obj/uipbuf.o
LOAD build/cc26x0-cc13x0/sensortag/cc2650/obj/uiplib.o
LOAD build/cc26x0-cc13x0/sensortag/cc2650/obj/rpl-dag-root.o
LOAD build/cc26x0-cc13x0/sensortag/cc2650/obj/rpl-dag.o
LOAD build/cc26x0-cc13x0/sensortag/cc2650/obj/rpl-ext-header.o
LOAD build/cc26x0-cc13x0/sensortag/cc2650/obj/rpl-icmp6.o
LOAD build/cc26x0-cc13x0/sensortag/cc2650/obj/rpl-mrhof.o
LOAD build/cc26x0-cc13x0/sensortag/cc2650/obj/rpl-nbr-policy.o
LOAD build/cc26x0-cc13x0/sensortag/cc2650/obj/rpl-of0.o
LOAD build/cc26x0-cc13x0/sensortag/cc2650/obj/rpl-timers.o
LOAD build/cc26x0-cc13x0/sensortag/cc2650/obj/rpl.o
LOAD sp_v1.o
START GROUP
LOAD /usr/lib/gcc/arm-none-eabi/10.3.1/../../../arm-none-eabi/lib/thumb/v7-m/nofp/libm.a
END GROUP
START GROUP
LOAD /usr/lib/gcc/arm-none-eabi/10.3.1/thumb/v7-m/nofp/libgcc.a
LOAD /usr/lib/gcc/arm-none-eabi/10.3.1/../../../arm-none-eabi/lib/thumb/v7-m/nofp/libc.a
END GROUP
                0x0000000020005000                _estack = (ORIGIN (SRAM) + LENGTH (SRAM))
                0x0000000000000000                _Min_Heap_Size = 0x0
                0x0000000000000400                _Min_Stack_Size = 0x400

.text           0x0000000000000000    0x14088
                0x0000000000000000                _text = .
 *(SORT_BY_ALIGNMENT(.vectors))
 .vectors       0x0000000000000000       0xc8 build/cc26x0-cc13x0/sensortag/cc2650/obj/startup_gcc.o
                0x0000000000000000                g_pfnVectors
 *(SORT_BY_ALIGNMENT(.text*))
 .text.value    0x00000000000000c8       0xb0 build/cc26x0-cc13x0/sensortag/cc2650/obj/opt-3001-sensor.o
 .text.value    0x0000000000000178       0x9c build/cc26x0-cc13x0/sensortag/cc2650/obj/hdc-1000-sensor.o
 *fill*         0x0000000000000214        0x4 00000000
 .text          0x0000000000000218      0xad0 /usr/lib/gcc/arm-none-eabi/10.3.1/../../../arm-none-eabi/lib/thumb/v7-m/nofp/libm.a(lib_a-e_pow.o)
                0x0000000000000218                __ieee754_pow
 .text          0x0000000000000ce8       0xfc /usr/lib/gcc/arm-none-eabi/10.3.1/../../../arm-none-eabi/lib/thumb/v7-m/nofp/libm.a(lib_a-s_scalbn.o)
                0x0000000000000ce8                scalbn
 .text.FaultISR
                0x0000000000000de4       0x1c build/cc26x0-cc13x0/sensortag/cc2650/obj/fault-handlers.o
                0x0000000000000de4                FaultISR
 .text.NmiSRHandler
                0x0000000000000e00        0x4 build/cc26x0-cc13x0/sensortag/cc2650/obj/startup_gcc.o
                0x0000000000000e00                NmiSR
 .text.IntDefaultHandler
                0x0000000000000e04        0x4 build/cc26x0-cc13x0/sensortag/cc2650/obj/startup_gcc.o
                0x0000000000000e04                SSI0IntHandler
                0x0000000000000e04                SWEvent0IntHandler
                0x0000000000000e04                uDMAIntHandler
                0x0000000000000e04                WatchdogIntHandler
                0x0000000000000e04                RFCHardwareIntHandler
                0x0000000000000e04                Timer1BIntHandler
                0x0000000000000e04                I2SIntHandler
                0x0000000000000e04                Timer2BIntHandler
                0x0000000000000e04                Timer2AIntHandler
                0x0000000000000e04                Timer1AIntHandler
                0x0000000000000e04                AONIntHandler
                0x0000000000000e04                AUXSWEvent0IntHandler
                0x0000000000000e04                AUXADCIntHandler
                0x0000000000000e04                PendSVIntHandler
                0x0000000000000e04                AUXSWEvent1IntHandler
                0x0000000000000e04                SVCallIntHandler
                0x0000000000000e04                MPUFaultIntHandler
                0x0000000000000e04                SysTickIntHandler
                0x0000000000000e04                BusFaultIntHandler
                0x0000000000000e04                AONProgIntHandler
                0x0000000000000e04                AUXCompAIntHandler
                0x0000000000000e04                SSI1IntHandler
                0x0000000000000e04                FlashIntHandler
                0x0000000000000e04                uDMAErrIntHandler
                0x0000000000000e04                UsageFaultIntHandler
                0x0000000000000e04                RFCCmdAckIntHandler
                0x0000000000000e04                CryptoIntHandler
                0x0000000000000e04                Timer0AIntHandler
                0x0000000000000e04                I2CIntHandler
                0x0000000000000e04                DebugMonIntHandler
                0x0000000000000e04                Timer0BIntHandler
                0x0000000000000e04                AUXCombEventIntHandler
                0x0000000000000e04                Timer3AIntHandler
                0x0000000000000e04                DynProgIntHandler
                0x0000000000000e04                Timer3BIntHandler
 .text.ResetISR
                0x0000000000000e08       0x5c build/cc26x0-cc13x0/sensortag/cc2650/obj/startup_gcc.o
                0x0000000000000e08                ResetISR
 .text.fade     0x0000000000000e64       0x64 build/cc26x0-cc13x0/sensortag/cc2650/obj/platform.o
 .text.platform_init_stage_one
                0x0000000000000ec8       0x78 build/cc26x0-cc13x0/sensortag/cc2650/obj/platform.o
                0x0000000000000ec8                platform_init_stage_one
 .text.platform_init_stage_two
                0x0000000000000f40       0x2c build/cc26x0-cc13x0/sensortag/cc2650/obj/platform.o
                0x0000000000000f40                platform_init_stage_two
 .text.platform_init_stage_three
                0x0000000000000f6c       0xd8 build/cc26x0-cc13x0/sensortag/cc2650/obj/platform.o
                0x0000000000000f6c                platform_init_stage_three
 .text.platform_idle
                0x0000000000001044        0x4 build/cc26x0-cc13x0/sensortag/cc2650/obj/platform.o
                0x0000000000001044                platform_idle
 .text.sensor_common_read_reg
                0x0000000000001048       0x20 build/cc26x0-cc13x0/sensortag/cc2650/obj/sensor-common.o
                0x0000000000001048                sensor_common_read_reg
 .text.sensor_common_write_reg
                0x0000000000001068       0x24 build/cc26x0-cc13x0/sensortag/cc2650/obj/sensor-common.o
                0x0000000000001068                sensor_common_write_reg
 .text.sensor_common_set_error_data
                0x000000000000108c       0x10 build/cc26x0-cc13x0/sensortag/cc2650/obj/sensor-common.o
                0x000000000000108c                sensor_common_set_error_data
 .text.status   0x000000000000109c       0x14 build/cc26x0-cc13x0/sensortag/cc2650/obj/bmp-280-sensor.o
 .text.notify_ready
                0x00000000000010b0       0x14 build/cc26x0-cc13x0/sensortag/cc2650/obj/bmp-280-sensor.o
 .text.value    0x00000000000010c4      0x178 build/cc26x0-cc13x0/sensortag/cc2650/obj/bmp-280-sensor.o
 .text.configure
                0x000000000000123c       0xd4 build/cc26x0-cc13x0/sensortag/cc2650/obj/bmp-280-sensor.o
 .text.status   0x0000000000001310        0xc build/cc26x0-cc13x0/sensortag/cc2650/obj/opt-3001-sensor.o
 .text.notify_ready
                0x000000000000131c       0x54 build/cc26x0-cc13x0/sensortag/cc2650/obj/opt-3001-sensor.o
 .text.configure
                0x0000000000001370       0xb0 build/cc26x0-cc13x0/sensortag/cc2650/obj/opt-3001-sensor.o
 .text.status   0x0000000000001420       0x14 build/cc26x0-cc13x0/sensortag/cc2650/obj/hdc-1000-sensor.o
 .text.notify_ready
                0x0000000000001434       0x64 build/cc26x0-cc13x0/sensortag/cc2650/obj/hdc-1000-sensor.o
 .text.configure
                0x0000000000001498       0xc8 build/cc26x0-cc13x0/sensortag/cc2650/obj/hdc-1000-sensor.o
 .text.power_domains_on
                0x0000000000001560       0x20 build/cc26x0-cc13x0/sensortag/cc2650/obj/board.o
 .text.lpm_wakeup_handler
                0x0000000000001580        0x4 build/cc26x0-cc13x0/sensortag/cc2650/obj/board.o
 .text.shutdown_handler
                0x0000000000001584       0x3c build/cc26x0-cc13x0/sensortag/cc2650/obj/board.o
 .text.board_init
                0x00000000000015c0       0xe8 build/cc26x0-cc13x0/sensortag/cc2650/obj/board.o
                0x00000000000015c0                board_init
 .text.board_i2c_wakeup
                0x00000000000016a8       0x60 build/cc26x0-cc13x0/sensortag/cc2650/obj/board-i2c.o
                0x00000000000016a8                board_i2c_wakeup
 .text.board_i2c_shutdown
                0x0000000000001708       0xcc build/cc26x0-cc13x0/sensortag/cc2650/obj/board-i2c.o
                0x0000000000001708                board_i2c_shutdown
 .text.board_i2c_write
                0x00000000000017d4      0x1a8 build/cc26x0-cc13x0/sensortag/cc2650/obj/board-i2c.o
                0x00000000000017d4                board_i2c_write
 .text.board_i2c_write_single
                0x000000000000197c       0x94 build/cc26x0-cc13x0/sensortag/cc2650/obj/board-i2c.o
                0x000000000000197c                board_i2c_write_single
 .text.board_i2c_read
                0x0000000000001a10      0x14c build/cc26x0-cc13x0/sensortag/cc2650/obj/board-i2c.o
                0x0000000000001a10                board_i2c_read
 .text.board_i2c_write_read
                0x0000000000001b5c      0x220 build/cc26x0-cc13x0/sensortag/cc2650/obj/board-i2c.o
                0x0000000000001b5c                board_i2c_write_read
 .text.board_i2c_select
                0x0000000000001d7c      0x108 build/cc26x0-cc13x0/sensortag/cc2650/obj/board-i2c.o
                0x0000000000001d7c                board_i2c_select
 .text.power_domain_on
                0x0000000000001e84       0x20 build/cc26x0-cc13x0/sensortag/cc2650/obj/clock.o
 .text.clock_init
                0x0000000000001ea4       0x8c build/cc26x0-cc13x0/sensortag/cc2650/obj/clock.o
                0x0000000000001ea4                clock_init
 .text.clock_time
                0x0000000000001f30       0x2c build/cc26x0-cc13x0/sensortag/cc2650/obj/clock.o
                0x0000000000001f30                clock_time
 .text.clock_update
                0x0000000000001f5c       0x34 build/cc26x0-cc13x0/sensortag/cc2650/obj/clock.o
                0x0000000000001f5c                clock_update
 .text.clock_seconds
                0x0000000000001f90       0x1c build/cc26x0-cc13x0/sensortag/cc2650/obj/clock.o
                0x0000000000001f90                clock_seconds
 .text.rtimer_arch_init
                0x0000000000001fac        0x4 build/cc26x0-cc13x0/sensortag/cc2650/obj/rtimer-arch.o
                0x0000000000001fac                rtimer_arch_init
 .text.rtimer_arch_schedule
                0x0000000000001fb0        0x8 build/cc26x0-cc13x0/sensortag/cc2650/obj/rtimer-arch.o
                0x0000000000001fb0                rtimer_arch_schedule
 .text.rtimer_arch_now
                0x0000000000001fb8        0x4 build/cc26x0-cc13x0/sensortag/cc2650/obj/rtimer-arch.o
                0x0000000000001fb8                rtimer_arch_now
 .text.soc_rtc_init
                0x0000000000001fbc       0x90 build/cc26x0-cc13x0/sensortag/cc2650/obj/soc-rtc.o
                0x0000000000001fbc                soc_rtc_init
 .text.soc_rtc_schedule_one_shot
                0x000000000000204c       0x68 build/cc26x0-cc13x0/sensortag/cc2650/obj/soc-rtc.o
                0x000000000000204c                soc_rtc_schedule_one_shot
 .text.soc_rtc_last_isr_time
                0x00000000000020b4        0xc build/cc26x0-cc13x0/sensortag/cc2650/obj/soc-rtc.o
                0x00000000000020b4                soc_rtc_last_isr_time
 .text.AONRTCIntHandler
                0x00000000000020c0       0x78 build/cc26x0-cc13x0/sensortag/cc2650/obj/soc-rtc.o
                0x00000000000020c0                AONRTCIntHandler
 .text.watchdog_init
                0x0000000000002138       0x18 build/cc26x0-cc13x0/sensortag/cc2650/obj/contiki-watchdog.o
                0x0000000000002138                watchdog_init
 .text.watchdog_start
                0x0000000000002150       0x54 build/cc26x0-cc13x0/sensortag/cc2650/obj/contiki-watchdog.o
                0x0000000000002150                watchdog_start
 .text.watchdog_periodic
                0x00000000000021a4       0x14 build/cc26x0-cc13x0/sensortag/cc2650/obj/contiki-watchdog.o
                0x00000000000021a4                watchdog_periodic
 .text.watchdog_reboot
                0x00000000000021b8        0x8 build/cc26x0-cc13x0/sensortag/cc2650/obj/contiki-watchdog.o
                0x00000000000021b8                watchdog_reboot
 .text.aux_ctrl_register_consumer
                0x00000000000021c0       0x60 build/cc26x0-cc13x0/sensortag/cc2650/obj/aux-ctrl.o
                0x00000000000021c0                aux_ctrl_register_consumer
 .text.aux_ctrl_power_up
                0x0000000000002220       0x28 build/cc26x0-cc13x0/sensortag/cc2650/obj/aux-ctrl.o
                0x0000000000002220                aux_ctrl_power_up
 .text.aux_ctrl_power_down
                0x0000000000002248       0x64 build/cc26x0-cc13x0/sensortag/cc2650/obj/aux-ctrl.o
                0x0000000000002248                aux_ctrl_power_down
 .text.aux_ctrl_unregister_consumer
                0x00000000000022ac       0x28 build/cc26x0-cc13x0/sensortag/cc2650/obj/aux-ctrl.o
                0x00000000000022ac                aux_ctrl_unregister_consumer
 .text.dbg_send_bytes
                0x00000000000022d4       0x30 build/cc26x0-cc13x0/sensortag/cc2650/obj/dbg.o
                0x00000000000022d4                dbg_send_bytes
 .text.ieee_addr_cpy_to
                0x0000000000002304       0x40 build/cc26x0-cc13x0/sensortag/cc2650/obj/ieee-addr.o
                0x0000000000002304                ieee_addr_cpy_to
 .text.configure
                0x0000000000002344       0x3c build/cc26x0-cc13x0/sensortag/cc2650/obj/batmon-sensor.o
 .text.status   0x0000000000002380       0x14 build/cc26x0-cc13x0/sensortag/cc2650/obj/batmon-sensor.o
 .text.value    0x0000000000002394       0x28 build/cc26x0-cc13x0/sensortag/cc2650/obj/batmon-sensor.o
 .text.power_and_clock
                0x00000000000023bc       0x44 build/cc26x0-cc13x0/sensortag/cc2650/obj/cc26xx-uart.o
 .text.enable   0x0000000000002400       0xc0 build/cc26x0-cc13x0/sensortag/cc2650/obj/cc26xx-uart.o
 .text.lpm_drop_handler
                0x00000000000024c0      0x114 build/cc26x0-cc13x0/sensortag/cc2650/obj/cc26xx-uart.o
 .text.cc26xx_uart_init
                0x00000000000025d4       0x28 build/cc26x0-cc13x0/sensortag/cc2650/obj/cc26xx-uart.o
                0x00000000000025d4                cc26xx_uart_init
 .text.cc26xx_uart_write_byte
                0x00000000000025fc       0x40 build/cc26x0-cc13x0/sensortag/cc2650/obj/cc26xx-uart.o
                0x00000000000025fc                cc26xx_uart_write_byte
 .text.cc26xx_uart_busy
                0x000000000000263c       0x34 build/cc26x0-cc13x0/sensortag/cc2650/obj/cc26xx-uart.o
                0x000000000000263c                cc26xx_uart_busy
 .text.UART0IntHandler
                0x0000000000002670       0x44 build/cc26x0-cc13x0/sensortag/cc2650/obj/cc26xx-uart.o
                0x0000000000002670                UART0IntHandler
 .text.lpm_sleep
                0x00000000000026b4       0x18 build/cc26x0-cc13x0/sensortag/cc2650/obj/lpm.o
                0x00000000000026b4                lpm_sleep
 .text.lpm_drop
                0x00000000000026cc      0x29c build/cc26x0-cc13x0/sensortag/cc2650/obj/lpm.o
                0x00000000000026cc                lpm_drop
 .text.lpm_register_module
                0x0000000000002968        0xc build/cc26x0-cc13x0/sensortag/cc2650/obj/lpm.o
                0x0000000000002968                lpm_register_module
 .text.lpm_unregister_module
                0x0000000000002974        0xc build/cc26x0-cc13x0/sensortag/cc2650/obj/lpm.o
                0x0000000000002974                lpm_unregister_module
 .text.lpm_init
                0x0000000000002980       0x20 build/cc26x0-cc13x0/sensortag/cc2650/obj/lpm.o
                0x0000000000002980                lpm_init
 .text.lpm_pin_set_default_state
                0x00000000000029a0       0x2c build/cc26x0-cc13x0/sensortag/cc2650/obj/lpm.o
                0x00000000000029a0                lpm_pin_set_default_state
 .text.GPIOIntHandler
                0x00000000000029cc       0x14 build/cc26x0-cc13x0/sensortag/cc2650/obj/gpio-interrupt.o
                0x00000000000029cc                GPIOIntHandler
 .text.gpio_hal_arch_no_port_pin_cfg_set
                0x00000000000029e0       0x78 build/cc26x0-cc13x0/sensortag/cc2650/obj/gpio-hal-arch.o
                0x00000000000029e0                gpio_hal_arch_no_port_pin_cfg_set
 .text.gpio_hal_arch_no_port_read_pin
                0x0000000000002a58       0x24 build/cc26x0-cc13x0/sensortag/cc2650/obj/gpio-hal-arch.o
                0x0000000000002a58                gpio_hal_arch_no_port_read_pin
 .text.oscillators_select_lf_xosc
                0x0000000000002a7c       0x5c build/cc26x0-cc13x0/sensortag/cc2650/obj/oscillators.o
                0x0000000000002a7c                oscillators_select_lf_xosc
 .text.oscillators_request_hf_xosc
                0x0000000000002ad8       0x30 build/cc26x0-cc13x0/sensortag/cc2650/obj/oscillators.o
                0x0000000000002ad8                oscillators_request_hf_xosc
 .text.oscillators_switch_to_hf_xosc
                0x0000000000002b08       0x34 build/cc26x0-cc13x0/sensortag/cc2650/obj/oscillators.o
                0x0000000000002b08                oscillators_switch_to_hf_xosc
 .text.oscillators_switch_to_hf_rc
                0x0000000000002b3c       0x44 build/cc26x0-cc13x0/sensortag/cc2650/obj/oscillators.o
                0x0000000000002b3c                oscillators_switch_to_hf_rc
 .text.process_thread_rf_core_process
                0x0000000000002b80       0x58 build/cc26x0-cc13x0/sensortag/cc2650/obj/rf-core.o
 .text.rf_core_is_accessible
                0x0000000000002bd8       0x10 build/cc26x0-cc13x0/sensortag/cc2650/obj/rf-core.o
                0x0000000000002bd8                rf_core_is_accessible
 .text.rf_core_send_cmd
                0x0000000000002be8       0x94 build/cc26x0-cc13x0/sensortag/cc2650/obj/rf-core.o
                0x0000000000002be8                rf_core_send_cmd
 .text.rf_core_wait_cmd_done
                0x0000000000002c7c       0x2c build/cc26x0-cc13x0/sensortag/cc2650/obj/rf-core.o
                0x0000000000002c7c                rf_core_wait_cmd_done
 .text.rf_core_power_up
                0x0000000000002ca8       0xc8 build/cc26x0-cc13x0/sensortag/cc2650/obj/rf-core.o
                0x0000000000002ca8                rf_core_power_up
 .text.rf_core_start_rat
                0x0000000000002d70       0x78 build/cc26x0-cc13x0/sensortag/cc2650/obj/rf-core.o
                0x0000000000002d70                rf_core_start_rat
 .text.rf_core_stop_rat
                0x0000000000002de8       0x94 build/cc26x0-cc13x0/sensortag/cc2650/obj/rf-core.o
                0x0000000000002de8                rf_core_stop_rat
 .text.rf_core_power_down
                0x0000000000002e7c       0xf4 build/cc26x0-cc13x0/sensortag/cc2650/obj/rf-core.o
                0x0000000000002e7c                rf_core_power_down
 .text.rf_core_set_modesel
                0x0000000000002f70       0x4c build/cc26x0-cc13x0/sensortag/cc2650/obj/rf-core.o
                0x0000000000002f70                rf_core_set_modesel
 .text.rf_core_boot
                0x0000000000002fbc       0x1c build/cc26x0-cc13x0/sensortag/cc2650/obj/rf-core.o
                0x0000000000002fbc                rf_core_boot
 .text.rf_core_restart_rat
                0x0000000000002fd8       0x18 build/cc26x0-cc13x0/sensortag/cc2650/obj/rf-core.o
                0x0000000000002fd8                rf_core_restart_rat
 .text.rf_core_setup_interrupts
                0x0000000000002ff0       0x7c build/cc26x0-cc13x0/sensortag/cc2650/obj/rf-core.o
                0x0000000000002ff0                rf_core_setup_interrupts
 .text.rf_core_cmd_done_en
                0x000000000000306c       0x3c build/cc26x0-cc13x0/sensortag/cc2650/obj/rf-core.o
                0x000000000000306c                rf_core_cmd_done_en
 .text.rf_core_cmd_done_dis
                0x00000000000030a8       0x20 build/cc26x0-cc13x0/sensortag/cc2650/obj/rf-core.o
                0x00000000000030a8                rf_core_cmd_done_dis
 .text.rf_core_get_last_radio_op
                0x00000000000030c8        0xc build/cc26x0-cc13x0/sensortag/cc2650/obj/rf-core.o
                0x00000000000030c8                rf_core_get_last_radio_op
 .text.rf_core_init_radio_op
                0x00000000000030d4       0x20 build/cc26x0-cc13x0/sensortag/cc2650/obj/rf-core.o
                0x00000000000030d4                rf_core_init_radio_op
 .text.rf_core_primary_mode_register
                0x00000000000030f4        0xc build/cc26x0-cc13x0/sensortag/cc2650/obj/rf-core.o
                0x00000000000030f4                rf_core_primary_mode_register
 .text.rf_core_rat_init
                0x0000000000003100       0x2c build/cc26x0-cc13x0/sensortag/cc2650/obj/rf-core.o
                0x0000000000003100                rf_core_rat_init
 .text.rf_core_check_rat_overflow
                0x000000000000312c       0x70 build/cc26x0-cc13x0/sensortag/cc2650/obj/rf-core.o
                0x000000000000312c                rf_core_check_rat_overflow
 .text.rat_overflow_check_timer_cb
                0x000000000000319c       0x60 build/cc26x0-cc13x0/sensortag/cc2650/obj/rf-core.o
 .text.rf_core_convert_rat_to_rtimer
                0x00000000000031fc       0x98 build/cc26x0-cc13x0/sensortag/cc2650/obj/rf-core.o
                0x00000000000031fc                rf_core_convert_rat_to_rtimer
 .text.RFCCPE1IntHandler
                0x0000000000003294       0x54 build/cc26x0-cc13x0/sensortag/cc2650/obj/rf-core.o
                0x0000000000003294                RFCCPE1IntHandler
 .text.RFCCPE0IntHandler
                0x00000000000032e8       0x54 build/cc26x0-cc13x0/sensortag/cc2650/obj/rf-core.o
                0x00000000000032e8                RFCCPE0IntHandler
 .text.rf_ble_is_active
                0x000000000000333c        0xc build/cc26x0-cc13x0/sensortag/cc2650/obj/rf-ble.o
                0x000000000000333c                rf_ble_is_active
 .text.rf_is_on
                0x0000000000003348       0x1c build/cc26x0-cc13x0/sensortag/cc2650/obj/ieee-mode.o
 .text.prepare  0x0000000000003364       0x1c build/cc26x0-cc13x0/sensortag/cc2650/obj/ieee-mode.o
 .text.rf_radio_setup
                0x0000000000003380       0x60 build/cc26x0-cc13x0/sensortag/cc2650/obj/ieee-mode.o
 .text.pending_packet
                0x00000000000033e0       0x48 build/cc26x0-cc13x0/sensortag/cc2650/obj/ieee-mode.o
 .text.soft_off
                0x0000000000003428       0x44 build/cc26x0-cc13x0/sensortag/cc2650/obj/ieee-mode.o
 .text.get_object
                0x000000000000346c       0x44 build/cc26x0-cc13x0/sensortag/cc2650/obj/ieee-mode.o
 .text.transmitting.part.0
                0x00000000000034b0       0x4c build/cc26x0-cc13x0/sensortag/cc2650/obj/ieee-mode.o
 .text.get_cca_info.part.0
                0x00000000000034fc       0x54 build/cc26x0-cc13x0/sensortag/cc2650/obj/ieee-mode.o
 .text.read_frame
                0x0000000000003550       0xec build/cc26x0-cc13x0/sensortag/cc2650/obj/ieee-mode.o
 .text.rx_off.part.0
                0x000000000000363c       0x7c build/cc26x0-cc13x0/sensortag/cc2650/obj/ieee-mode.o
 .text.request  0x00000000000036b8       0x20 build/cc26x0-cc13x0/sensortag/cc2650/obj/ieee-mode.o
 .text.rx_on    0x00000000000036d8       0x5c build/cc26x0-cc13x0/sensortag/cc2650/obj/ieee-mode.o
 .text.soft_on  0x0000000000003734       0x18 build/cc26x0-cc13x0/sensortag/cc2650/obj/ieee-mode.o
 .text.off.part.0
                0x000000000000374c       0x84 build/cc26x0-cc13x0/sensortag/cc2650/obj/ieee-mode.o
 .text.off      0x00000000000037d0       0x14 build/cc26x0-cc13x0/sensortag/cc2650/obj/ieee-mode.o
 .text.on       0x00000000000037e4       0xa0 build/cc26x0-cc13x0/sensortag/cc2650/obj/ieee-mode.o
 .text.init     0x0000000000003884      0x118 build/cc26x0-cc13x0/sensortag/cc2650/obj/ieee-mode.o
 .text.channel_clear
                0x000000000000399c       0xa4 build/cc26x0-cc13x0/sensortag/cc2650/obj/ieee-mode.o
 .text.transmit.part.0
                0x0000000000003a40      0x104 build/cc26x0-cc13x0/sensortag/cc2650/obj/ieee-mode.o
 .text.transmit
                0x0000000000003b44        0xc build/cc26x0-cc13x0/sensortag/cc2650/obj/ieee-mode.o
 .text.send     0x0000000000003b50       0x24 build/cc26x0-cc13x0/sensortag/cc2650/obj/ieee-mode.o
 .text.receiving_packet
                0x0000000000003b74       0x48 build/cc26x0-cc13x0/sensortag/cc2650/obj/ieee-mode.o
 .text.set_object
                0x0000000000003bbc       0x70 build/cc26x0-cc13x0/sensortag/cc2650/obj/ieee-mode.o
 .text.set_value
                0x0000000000003c2c      0x19c build/cc26x0-cc13x0/sensortag/cc2650/obj/ieee-mode.o
 .text.get_value
                0x0000000000003dc8      0x1c8 build/cc26x0-cc13x0/sensortag/cc2650/obj/ieee-mode.o
 .text.random_rand
                0x0000000000003f90        0xc build/cc26x0-cc13x0/sensortag/cc2650/obj/random.o
                0x0000000000003f90                random_rand
 .text.random_init
                0x0000000000003f9c        0x4 build/cc26x0-cc13x0/sensortag/cc2650/obj/random.o
                0x0000000000003f9c                random_init
 .text.power_up
                0x0000000000003fa0       0x44 build/cc26x0-cc13x0/sensortag/cc2650/obj/soc-trng.o
 .text.request  0x0000000000003fe4       0x14 build/cc26x0-cc13x0/sensortag/cc2650/obj/soc-trng.o
 .text.process_thread_soc_trng_process
                0x0000000000003ff8       0x8c build/cc26x0-cc13x0/sensortag/cc2650/obj/soc-trng.o
 .text.soc_trng_rand_synchronous
                0x0000000000004084       0xd0 build/cc26x0-cc13x0/sensortag/cc2650/obj/soc-trng.o
                0x0000000000004084                soc_trng_rand_synchronous
 .text.TRNGIntHandler
                0x0000000000004154       0x54 build/cc26x0-cc13x0/sensortag/cc2650/obj/soc-trng.o
                0x0000000000004154                TRNGIntHandler
 .text.soc_trng_init
                0x00000000000041a8       0x28 build/cc26x0-cc13x0/sensortag/cc2650/obj/soc-trng.o
                0x00000000000041a8                soc_trng_init
 .text.int_master_read_and_disable
                0x00000000000041d0       0x10 build/cc26x0-cc13x0/sensortag/cc2650/obj/int-master.o
                0x00000000000041d0                int_master_read_and_disable
 .text.int_master_status_set
                0x00000000000041e0        0x8 build/cc26x0-cc13x0/sensortag/cc2650/obj/int-master.o
                0x00000000000041e0                int_master_status_set
 .text.spi_arch_has_lock
                0x00000000000041e8       0x18 build/cc26x0-cc13x0/sensortag/cc2650/obj/spi-arch.o
                0x00000000000041e8                spi_arch_has_lock
 .text.spi_arch_lock_and_open
                0x0000000000004200      0x15c build/cc26x0-cc13x0/sensortag/cc2650/obj/spi-arch.o
                0x0000000000004200                spi_arch_lock_and_open
 .text.spi_arch_close_and_unlock
                0x000000000000435c       0xac build/cc26x0-cc13x0/sensortag/cc2650/obj/spi-arch.o
                0x000000000000435c                spi_arch_close_and_unlock
 .text.spi_arch_transfer
                0x0000000000004408       0xe0 build/cc26x0-cc13x0/sensortag/cc2650/obj/spi-arch.o
                0x0000000000004408                spi_arch_transfer
 .text.select_packet
                0x00000000000044e8       0x18 build/cc26x0-cc13x0/sensortag/cc2650/obj/orchestra-rule-default-common.o
 .text.init     0x0000000000004500       0x2c build/cc26x0-cc13x0/sensortag/cc2650/obj/orchestra-rule-default-common.o
 .text.new_time_source
                0x000000000000452c       0xa8 build/cc26x0-cc13x0/sensortag/cc2650/obj/orchestra-rule-eb-per-time-source.o
 .text.init     0x00000000000045d4       0x40 build/cc26x0-cc13x0/sensortag/cc2650/obj/orchestra-rule-eb-per-time-source.o
 .text.select_packet
                0x0000000000004614       0x34 build/cc26x0-cc13x0/sensortag/cc2650/obj/orchestra-rule-eb-per-time-source.o
 .text.orchestra_is_root_schedule_active
                0x0000000000004648       0x20 build/cc26x0-cc13x0/sensortag/cc2650/obj/orchestra-rule-special-for-root.o
                0x0000000000004648                orchestra_is_root_schedule_active
 .text.select_packet
                0x0000000000004668       0xa8 build/cc26x0-cc13x0/sensortag/cc2650/obj/orchestra-rule-unicast-per-neighbor-rpl-storing.o
 .text.init     0x0000000000004710       0x78 build/cc26x0-cc13x0/sensortag/cc2650/obj/orchestra-rule-unicast-per-neighbor-rpl-storing.o
 .text.remove_uc_link.part.0
                0x0000000000004788       0xf8 build/cc26x0-cc13x0/sensortag/cc2650/obj/orchestra-rule-unicast-per-neighbor-rpl-storing.o
 .text.child_removed
                0x0000000000004880        0x8 build/cc26x0-cc13x0/sensortag/cc2650/obj/orchestra-rule-unicast-per-neighbor-rpl-storing.o
 .text.new_time_source
                0x0000000000004888       0xb0 build/cc26x0-cc13x0/sensortag/cc2650/obj/orchestra-rule-unicast-per-neighbor-rpl-storing.o
 .text.child_added
                0x0000000000004938       0x68 build/cc26x0-cc13x0/sensortag/cc2650/obj/orchestra-rule-unicast-per-neighbor-rpl-storing.o
 .text.orchestra_packet_received
                0x00000000000049a0        0x4 build/cc26x0-cc13x0/sensortag/cc2650/obj/orchestra.o
 .text.orchestra_packet_sent
                0x00000000000049a4       0x54 build/cc26x0-cc13x0/sensortag/cc2650/obj/orchestra.o
 .text.orchestra_callback_child_added
                0x00000000000049f8       0x20 build/cc26x0-cc13x0/sensortag/cc2650/obj/orchestra.o
                0x00000000000049f8                orchestra_callback_child_added
 .text.orchestra_callback_child_removed
                0x0000000000004a18       0x20 build/cc26x0-cc13x0/sensortag/cc2650/obj/orchestra.o
                0x0000000000004a18                orchestra_callback_child_removed
 .text.orchestra_callback_packet_ready
                0x0000000000004a38       0x60 build/cc26x0-cc13x0/sensortag/cc2650/obj/orchestra.o
                0x0000000000004a38                orchestra_callback_packet_ready
 .text.orchestra_callback_new_time_source
                0x0000000000004a98       0x34 build/cc26x0-cc13x0/sensortag/cc2650/obj/orchestra.o
                0x0000000000004a98                orchestra_callback_new_time_source
 .text.orchestra_callback_root_node_updated
                0x0000000000004acc       0x24 build/cc26x0-cc13x0/sensortag/cc2650/obj/orchestra.o
                0x0000000000004acc                orchestra_callback_root_node_updated
 .text.orchestra_init
                0x0000000000004af0       0x38 build/cc26x0-cc13x0/sensortag/cc2650/obj/orchestra.o
                0x0000000000004af0                orchestra_init
 .text.startup.main
                0x0000000000004b28      0x1f4 build/cc26x0-cc13x0/sensortag/cc2650/obj/contiki-main.o
                0x0000000000004b28                main
 .text.autostart_start
                0x0000000000004d1c       0x18 build/cc26x0-cc13x0/sensortag/cc2650/obj/autostart.o
                0x0000000000004d1c                autostart_start
 .text.process_thread_ctimer_process
                0x0000000000004d34       0x94 build/cc26x0-cc13x0/sensortag/cc2650/obj/ctimer.o
 .text.ctimer_init
                0x0000000000004dc8       0x28 build/cc26x0-cc13x0/sensortag/cc2650/obj/ctimer.o
                0x0000000000004dc8                ctimer_init
 .text.ctimer_set
                0x0000000000004df0       0x4c build/cc26x0-cc13x0/sensortag/cc2650/obj/ctimer.o
                0x0000000000004df0                ctimer_set
 .text.ctimer_reset
                0x0000000000004e3c       0x44 build/cc26x0-cc13x0/sensortag/cc2650/obj/ctimer.o
                0x0000000000004e3c                ctimer_reset
 .text.ctimer_stop
                0x0000000000004e80       0x34 build/cc26x0-cc13x0/sensortag/cc2650/obj/ctimer.o
                0x0000000000004e80                ctimer_stop
 .text.ctimer_expired
                0x0000000000004eb4       0x3c build/cc26x0-cc13x0/sensortag/cc2650/obj/ctimer.o
                0x0000000000004eb4                ctimer_expired
 .text.energest_init
                0x0000000000004ef0        0x4 build/cc26x0-cc13x0/sensortag/cc2650/obj/energest.o
                0x0000000000004ef0                energest_init
 .text.update_time.part.0
                0x0000000000004ef4       0x3c build/cc26x0-cc13x0/sensortag/cc2650/obj/etimer.o
 .text.process_thread_etimer_process
                0x0000000000004f30       0xd4 build/cc26x0-cc13x0/sensortag/cc2650/obj/etimer.o
 .text.add_timer
                0x0000000000005004       0x54 build/cc26x0-cc13x0/sensortag/cc2650/obj/etimer.o
 .text.etimer_request_poll
                0x0000000000005058        0xc build/cc26x0-cc13x0/sensortag/cc2650/obj/etimer.o
                0x0000000000005058                etimer_request_poll
 .text.etimer_set
                0x0000000000005064       0x14 build/cc26x0-cc13x0/sensortag/cc2650/obj/etimer.o
                0x0000000000005064                etimer_set
 .text.etimer_reset
                0x0000000000005078       0x14 build/cc26x0-cc13x0/sensortag/cc2650/obj/etimer.o
                0x0000000000005078                etimer_reset
 .text.etimer_expired
                0x000000000000508c        0xc build/cc26x0-cc13x0/sensortag/cc2650/obj/etimer.o
                0x000000000000508c                etimer_expired
 .text.etimer_expiration_time
                0x0000000000005098        0x8 build/cc26x0-cc13x0/sensortag/cc2650/obj/etimer.o
                0x0000000000005098                etimer_expiration_time
 .text.etimer_pending
                0x00000000000050a0       0x10 build/cc26x0-cc13x0/sensortag/cc2650/obj/etimer.o
                0x00000000000050a0                etimer_pending
 .text.etimer_next_expiration_time
                0x00000000000050b0       0x14 build/cc26x0-cc13x0/sensortag/cc2650/obj/etimer.o
                0x00000000000050b0                etimer_next_expiration_time
 .text.etimer_stop
                0x00000000000050c4       0x54 build/cc26x0-cc13x0/sensortag/cc2650/obj/etimer.o
                0x00000000000050c4                etimer_stop
 .text.log_6addr
                0x0000000000005118       0x20 build/cc26x0-cc13x0/sensortag/cc2650/obj/log.o
                0x0000000000005118                log_6addr
 .text.log_lladdr
                0x0000000000005138       0x60 build/cc26x0-cc13x0/sensortag/cc2650/obj/log.o
                0x0000000000005138                log_lladdr
 .text.node_id_init
                0x0000000000005198       0x18 build/cc26x0-cc13x0/sensortag/cc2650/obj/node-id.o
                0x0000000000005198                node_id_init
 .text.exit_process
                0x00000000000051b0       0xd8 build/cc26x0-cc13x0/sensortag/cc2650/obj/process.o
 .text.call_process.part.0
                0x0000000000005288       0x38 build/cc26x0-cc13x0/sensortag/cc2650/obj/process.o
 .text.do_poll  0x00000000000052c0       0x5c build/cc26x0-cc13x0/sensortag/cc2650/obj/process.o
 .text.process_alloc_event
                0x000000000000531c       0x10 build/cc26x0-cc13x0/sensortag/cc2650/obj/process.o
                0x000000000000531c                process_alloc_event
 .text.process_start
                0x000000000000532c       0x64 build/cc26x0-cc13x0/sensortag/cc2650/obj/process.o
                0x000000000000532c                process_start
 .text.process_init
                0x0000000000005390       0x38 build/cc26x0-cc13x0/sensortag/cc2650/obj/process.o
                0x0000000000005390                process_init
 .text.process_run
                0x00000000000053c8       0xd8 build/cc26x0-cc13x0/sensortag/cc2650/obj/process.o
                0x00000000000053c8                process_run
 .text.process_nevents
                0x00000000000054a0       0x14 build/cc26x0-cc13x0/sensortag/cc2650/obj/process.o
                0x00000000000054a0                process_nevents
 .text.process_post
                0x00000000000054b4       0x4c build/cc26x0-cc13x0/sensortag/cc2650/obj/process.o
                0x00000000000054b4                process_post
 .text.process_post_synch
                0x0000000000005500       0x18 build/cc26x0-cc13x0/sensortag/cc2650/obj/process.o
                0x0000000000005500                process_post_synch
 .text.process_poll
                0x0000000000005518       0x1c build/cc26x0-cc13x0/sensortag/cc2650/obj/process.o
                0x0000000000005518                process_poll
 .text.rtimer_init
                0x0000000000005534        0x4 build/cc26x0-cc13x0/sensortag/cc2650/obj/rtimer.o
                0x0000000000005534                rtimer_init
 .text.rtimer_set
                0x0000000000005538       0x30 build/cc26x0-cc13x0/sensortag/cc2650/obj/rtimer.o
                0x0000000000005538                rtimer_set
 .text.rtimer_run_next
                0x0000000000005568       0x28 build/cc26x0-cc13x0/sensortag/cc2650/obj/rtimer.o
                0x0000000000005568                rtimer_run_next
 .text.stack_check_init
                0x0000000000005590       0x28 build/cc26x0-cc13x0/sensortag/cc2650/obj/stack-check.o
                0x0000000000005590                stack_check_init
 .text.stack_check_get_usage
                0x00000000000055b8       0x54 build/cc26x0-cc13x0/sensortag/cc2650/obj/stack-check.o
                0x00000000000055b8                stack_check_get_usage
 .text.process_thread_stack_check_process
                0x000000000000560c       0xb0 build/cc26x0-cc13x0/sensortag/cc2650/obj/stack-check.o
 .text.stimer_set
                0x00000000000056bc       0x10 build/cc26x0-cc13x0/sensortag/cc2650/obj/stimer.o
                0x00000000000056bc                stimer_set
 .text.stimer_expired
                0x00000000000056cc       0x20 build/cc26x0-cc13x0/sensortag/cc2650/obj/stimer.o
                0x00000000000056cc                stimer_expired
 .text.timer_set
                0x00000000000056ec       0x10 build/cc26x0-cc13x0/sensortag/cc2650/obj/timer.o
                0x00000000000056ec                timer_set
 .text.timer_reset
                0x00000000000056fc       0x1c build/cc26x0-cc13x0/sensortag/cc2650/obj/timer.o
                0x00000000000056fc                timer_reset
 .text.timer_expired
                0x0000000000005718       0x1c build/cc26x0-cc13x0/sensortag/cc2650/obj/timer.o
                0x0000000000005718                timer_expired
 .text.list_init
                0x0000000000005734        0x8 build/cc26x0-cc13x0/sensortag/cc2650/obj/list.o
                0x0000000000005734                list_init
 .text.list_head
                0x000000000000573c        0x4 build/cc26x0-cc13x0/sensortag/cc2650/obj/list.o
                0x000000000000573c                list_head
 .text.list_add
                0x0000000000005740       0x5c build/cc26x0-cc13x0/sensortag/cc2650/obj/list.o
                0x0000000000005740                list_add
 .text.list_push
                0x000000000000579c       0x3c build/cc26x0-cc13x0/sensortag/cc2650/obj/list.o
                0x000000000000579c                list_push
 .text.list_remove
                0x00000000000057d8       0x30 build/cc26x0-cc13x0/sensortag/cc2650/obj/list.o
                0x00000000000057d8                list_remove
 .text.list_length
                0x0000000000005808       0x14 build/cc26x0-cc13x0/sensortag/cc2650/obj/list.o
                0x0000000000005808                list_length
 .text.list_item_next
                0x000000000000581c        0x8 build/cc26x0-cc13x0/sensortag/cc2650/obj/list.o
                0x000000000000581c                list_item_next
 .text.memb_init
                0x0000000000005824       0x24 build/cc26x0-cc13x0/sensortag/cc2650/obj/memb.o
                0x0000000000005824                memb_init
 .text.memb_alloc
                0x0000000000005848       0x38 build/cc26x0-cc13x0/sensortag/cc2650/obj/memb.o
                0x0000000000005848                memb_alloc
 .text.memb_free
                0x0000000000005880       0x3c build/cc26x0-cc13x0/sensortag/cc2650/obj/memb.o
                0x0000000000005880                memb_free
 .text.memb_inmemb
                0x00000000000058bc       0x1c build/cc26x0-cc13x0/sensortag/cc2650/obj/memb.o
                0x00000000000058bc                memb_inmemb
 .text.memb_numfree
                0x00000000000058d8       0x20 build/cc26x0-cc13x0/sensortag/cc2650/obj/memb.o
                0x00000000000058d8                memb_numfree
 .text.ringbuf_init
                0x00000000000058f8       0x10 build/cc26x0-cc13x0/sensortag/cc2650/obj/ringbuf.o
                0x00000000000058f8                ringbuf_init
 .text.ringbuf_get
                0x0000000000005908       0x28 build/cc26x0-cc13x0/sensortag/cc2650/obj/ringbuf.o
                0x0000000000005908                ringbuf_get
 .text.ringbufindex_init
                0x0000000000005930        0xc build/cc26x0-cc13x0/sensortag/cc2650/obj/ringbufindex.o
                0x0000000000005930                ringbufindex_init
 .text.ringbufindex_put
                0x000000000000593c       0x20 build/cc26x0-cc13x0/sensortag/cc2650/obj/ringbufindex.o
                0x000000000000593c                ringbufindex_put
 .text.ringbufindex_peek_put
                0x000000000000595c       0x18 build/cc26x0-cc13x0/sensortag/cc2650/obj/ringbufindex.o
                0x000000000000595c                ringbufindex_peek_put
 .text.ringbufindex_get
                0x0000000000005974       0x1c build/cc26x0-cc13x0/sensortag/cc2650/obj/ringbufindex.o
                0x0000000000005974                ringbufindex_get
 .text.ringbufindex_peek_get
                0x0000000000005990       0x14 build/cc26x0-cc13x0/sensortag/cc2650/obj/ringbufindex.o
                0x0000000000005990                ringbufindex_peek_get
 .text.ringbufindex_elements
                0x00000000000059a4        0xc build/cc26x0-cc13x0/sensortag/cc2650/obj/ringbufindex.o
                0x00000000000059a4                ringbufindex_elements
 .text.ringbufindex_empty
                0x00000000000059b0       0x14 build/cc26x0-cc13x0/sensortag/cc2650/obj/ringbufindex.o
                0x00000000000059b0                ringbufindex_empty
 .text.process_thread_sensors_process
                0x00000000000059c4       0xf4 build/cc26x0-cc13x0/sensortag/cc2650/obj/sensors.o
 .text.sensors_changed
                0x0000000000005ab8       0x40 build/cc26x0-cc13x0/sensortag/cc2650/obj/sensors.o
                0x0000000000005ab8                sensors_changed
 .text.duration_exceeded_callback
                0x0000000000005af8       0x34 build/cc26x0-cc13x0/sensortag/cc2650/obj/button-hal.o
 .text.process_thread_button_hal_process
                0x0000000000005b2c       0x84 build/cc26x0-cc13x0/sensortag/cc2650/obj/button-hal.o
 .text.press_release_handler
                0x0000000000005bb0       0x18 build/cc26x0-cc13x0/sensortag/cc2650/obj/button-hal.o
 .text.debounce_handler
                0x0000000000005bc8       0x74 build/cc26x0-cc13x0/sensortag/cc2650/obj/button-hal.o
 .text.button_hal_init
                0x0000000000005c3c       0xb4 build/cc26x0-cc13x0/sensortag/cc2650/obj/button-hal.o
                0x0000000000005c3c                button_hal_init
 .text.gpio_hal_register_handler
                0x0000000000005cf0        0xc build/cc26x0-cc13x0/sensortag/cc2650/obj/gpio-hal.o
                0x0000000000005cf0                gpio_hal_register_handler
 .text.gpio_hal_event_handler
                0x0000000000005cfc       0x28 build/cc26x0-cc13x0/sensortag/cc2650/obj/gpio-hal.o
                0x0000000000005cfc                gpio_hal_event_handler
 .text.gpio_hal_init
                0x0000000000005d24        0xc build/cc26x0-cc13x0/sensortag/cc2650/obj/gpio-hal.o
                0x0000000000005d24                gpio_hal_init
 .text.leds_on  0x0000000000005d30       0x5c build/cc26x0-cc13x0/sensortag/cc2650/obj/leds.o
                0x0000000000005d30                leds_on
 .text.leds_off
                0x0000000000005d8c       0x5c build/cc26x0-cc13x0/sensortag/cc2650/obj/leds.o
                0x0000000000005d8c                leds_off
 .text.leds_init
                0x0000000000005de8       0x2c build/cc26x0-cc13x0/sensortag/cc2650/obj/leds.o
                0x0000000000005de8                leds_init
 .text.process_thread_serial_line_process
                0x0000000000005e14       0xa8 build/cc26x0-cc13x0/sensortag/cc2650/obj/serial-line.o
 .text.serial_line_init
                0x0000000000005ebc       0x24 build/cc26x0-cc13x0/sensortag/cc2650/obj/serial-line.o
                0x0000000000005ebc                serial_line_init
 .text.spi_acquire
                0x0000000000005ee0       0x10 build/cc26x0-cc13x0/sensortag/cc2650/obj/spi.o
                0x0000000000005ee0                spi_acquire
 .text.spi_release
                0x0000000000005ef0       0x10 build/cc26x0-cc13x0/sensortag/cc2650/obj/spi.o
                0x0000000000005ef0                spi_release
 .text.spi_select
                0x0000000000005f00       0x24 build/cc26x0-cc13x0/sensortag/cc2650/obj/spi.o
                0x0000000000005f00                spi_select
 .text.spi_deselect
                0x0000000000005f24       0x18 build/cc26x0-cc13x0/sensortag/cc2650/obj/spi.o
                0x0000000000005f24                spi_deselect
 .text.spi_write_byte
                0x0000000000005f3c       0x3c build/cc26x0-cc13x0/sensortag/cc2650/obj/spi.o
                0x0000000000005f3c                spi_write_byte
 .text.spi_write
                0x0000000000005f78       0x3c build/cc26x0-cc13x0/sensortag/cc2650/obj/spi.o
                0x0000000000005f78                spi_write
 .text.spi_read
                0x0000000000005fb4       0x3c build/cc26x0-cc13x0/sensortag/cc2650/obj/spi.o
                0x0000000000005fb4                spi_read
 .text.periodic
                0x0000000000005ff0       0x7c build/cc26x0-cc13x0/sensortag/cc2650/obj/link-stats.o
 .text.link_stats_from_lladdr
                0x000000000000606c        0xc build/cc26x0-cc13x0/sensortag/cc2650/obj/link-stats.o
                0x000000000000606c                link_stats_from_lladdr
 .text.link_stats_is_fresh
                0x0000000000006078       0x28 build/cc26x0-cc13x0/sensortag/cc2650/obj/link-stats.o
                0x0000000000006078                link_stats_is_fresh
 .text.link_stats_packet_sent
                0x00000000000060a0      0x110 build/cc26x0-cc13x0/sensortag/cc2650/obj/link-stats.o
                0x00000000000060a0                link_stats_packet_sent
 .text.link_stats_input_callback
                0x00000000000061b0       0x94 build/cc26x0-cc13x0/sensortag/cc2650/obj/link-stats.o
                0x00000000000061b0                link_stats_input_callback
 .text.link_stats_reset
                0x0000000000006244       0x2c build/cc26x0-cc13x0/sensortag/cc2650/obj/link-stats.o
                0x0000000000006244                link_stats_reset
 .text.link_stats_init
                0x0000000000006270       0x28 build/cc26x0-cc13x0/sensortag/cc2650/obj/link-stats.o
                0x0000000000006270                link_stats_init
 .text.linkaddr_copy
                0x0000000000006298        0x8 build/cc26x0-cc13x0/sensortag/cc2650/obj/linkaddr.o
                0x0000000000006298                linkaddr_copy
 .text.linkaddr_cmp
                0x00000000000062a0       0x10 build/cc26x0-cc13x0/sensortag/cc2650/obj/linkaddr.o
                0x00000000000062a0                linkaddr_cmp
 .text.index_from_lladdr
                0x00000000000062b0       0x54 build/cc26x0-cc13x0/sensortag/cc2650/obj/nbr-table.o
 .text.remove_key
                0x0000000000006304       0xa8 build/cc26x0-cc13x0/sensortag/cc2650/obj/nbr-table.o
 .text.entry_is_allowed
                0x00000000000063ac       0xe8 build/cc26x0-cc13x0/sensortag/cc2650/obj/nbr-table.o
 .text.nbr_table_register
                0x0000000000006494       0x44 build/cc26x0-cc13x0/sensortag/cc2650/obj/nbr-table.o
                0x0000000000006494                nbr_table_register
 .text.nbr_table_next
                0x00000000000064d8       0x70 build/cc26x0-cc13x0/sensortag/cc2650/obj/nbr-table.o
                0x00000000000064d8                nbr_table_next
 .text.nbr_table_head
                0x0000000000006548       0x58 build/cc26x0-cc13x0/sensortag/cc2650/obj/nbr-table.o
                0x0000000000006548                nbr_table_head
 .text.nbr_table_add_lladdr
                0x00000000000065a0       0xfc build/cc26x0-cc13x0/sensortag/cc2650/obj/nbr-table.o
                0x00000000000065a0                nbr_table_add_lladdr
 .text.nbr_table_get_from_lladdr
                0x000000000000669c       0x38 build/cc26x0-cc13x0/sensortag/cc2650/obj/nbr-table.o
                0x000000000000669c                nbr_table_get_from_lladdr
 .text.nbr_table_remove
                0x00000000000066d4       0x60 build/cc26x0-cc13x0/sensortag/cc2650/obj/nbr-table.o
                0x00000000000066d4                nbr_table_remove
 .text.nbr_table_lock
                0x0000000000006734       0x34 build/cc26x0-cc13x0/sensortag/cc2650/obj/nbr-table.o
                0x0000000000006734                nbr_table_lock
 .text.nbr_table_unlock
                0x0000000000006768       0x38 build/cc26x0-cc13x0/sensortag/cc2650/obj/nbr-table.o
                0x0000000000006768                nbr_table_unlock
 .text.nbr_table_get_lladdr
                0x00000000000067a0       0x2c build/cc26x0-cc13x0/sensortag/cc2650/obj/nbr-table.o
                0x00000000000067a0                nbr_table_get_lladdr
 .text.netstack_process_ip_callback
                0x00000000000067cc       0x40 build/cc26x0-cc13x0/sensortag/cc2650/obj/netstack.o
                0x00000000000067cc                netstack_process_ip_callback
 .text.netstack_init
                0x000000000000680c       0x24 build/cc26x0-cc13x0/sensortag/cc2650/obj/netstack.o
                0x000000000000680c                netstack_init
 .text.packetbuf_clear
                0x0000000000006830       0x4c build/cc26x0-cc13x0/sensortag/cc2650/obj/packetbuf.o
                0x0000000000006830                packetbuf_clear
 .text.packetbuf_copyfrom
                0x000000000000687c       0x6c build/cc26x0-cc13x0/sensortag/cc2650/obj/packetbuf.o
                0x000000000000687c                packetbuf_copyfrom
 .text.packetbuf_copyto
                0x00000000000068e8       0x4c build/cc26x0-cc13x0/sensortag/cc2650/obj/packetbuf.o
                0x00000000000068e8                packetbuf_copyto
 .text.packetbuf_hdralloc
                0x0000000000006934       0x64 build/cc26x0-cc13x0/sensortag/cc2650/obj/packetbuf.o
                0x0000000000006934                packetbuf_hdralloc
 .text.packetbuf_hdrreduce
                0x0000000000006998       0x2c build/cc26x0-cc13x0/sensortag/cc2650/obj/packetbuf.o
                0x0000000000006998                packetbuf_hdrreduce
 .text.packetbuf_set_datalen
                0x00000000000069c4        0xc build/cc26x0-cc13x0/sensortag/cc2650/obj/packetbuf.o
                0x00000000000069c4                packetbuf_set_datalen
 .text.packetbuf_dataptr
                0x00000000000069d0       0x20 build/cc26x0-cc13x0/sensortag/cc2650/obj/packetbuf.o
                0x00000000000069d0                packetbuf_dataptr
 .text.packetbuf_hdrptr
                0x00000000000069f0        0x8 build/cc26x0-cc13x0/sensortag/cc2650/obj/packetbuf.o
                0x00000000000069f0                packetbuf_hdrptr
 .text.packetbuf_datalen
                0x00000000000069f8        0xc build/cc26x0-cc13x0/sensortag/cc2650/obj/packetbuf.o
                0x00000000000069f8                packetbuf_datalen
 .text.packetbuf_hdrlen
                0x0000000000006a04       0x18 build/cc26x0-cc13x0/sensortag/cc2650/obj/packetbuf.o
                0x0000000000006a04                packetbuf_hdrlen
 .text.packetbuf_totlen
                0x0000000000006a1c       0x24 build/cc26x0-cc13x0/sensortag/cc2650/obj/packetbuf.o
                0x0000000000006a1c                packetbuf_totlen
 .text.packetbuf_remaininglen
                0x0000000000006a40       0x28 build/cc26x0-cc13x0/sensortag/cc2650/obj/packetbuf.o
                0x0000000000006a40                packetbuf_remaininglen
 .text.packetbuf_attr_copyto
                0x0000000000006a68       0x24 build/cc26x0-cc13x0/sensortag/cc2650/obj/packetbuf.o
                0x0000000000006a68                packetbuf_attr_copyto
 .text.packetbuf_attr_copyfrom
                0x0000000000006a8c       0x24 build/cc26x0-cc13x0/sensortag/cc2650/obj/packetbuf.o
                0x0000000000006a8c                packetbuf_attr_copyfrom
 .text.packetbuf_set_attr
                0x0000000000006ab0       0x10 build/cc26x0-cc13x0/sensortag/cc2650/obj/packetbuf.o
                0x0000000000006ab0                packetbuf_set_attr
 .text.packetbuf_attr
                0x0000000000006ac0        0xc build/cc26x0-cc13x0/sensortag/cc2650/obj/packetbuf.o
                0x0000000000006ac0                packetbuf_attr
 .text.packetbuf_set_addr
                0x0000000000006acc       0x18 build/cc26x0-cc13x0/sensortag/cc2650/obj/packetbuf.o
                0x0000000000006acc                packetbuf_set_addr
 .text.packetbuf_addr
                0x0000000000006ae4       0x10 build/cc26x0-cc13x0/sensortag/cc2650/obj/packetbuf.o
                0x0000000000006ae4                packetbuf_addr
 .text.packetbuf_holds_broadcast
                0x0000000000006af4       0x10 build/cc26x0-cc13x0/sensortag/cc2650/obj/packetbuf.o
                0x0000000000006af4                packetbuf_holds_broadcast
 .text.queuebuf_new_from_packetbuf
                0x0000000000006b04       0x48 build/cc26x0-cc13x0/sensortag/cc2650/obj/queuebuf.o
                0x0000000000006b04                queuebuf_new_from_packetbuf
 .text.queuebuf_free
                0x0000000000006b4c       0x2c build/cc26x0-cc13x0/sensortag/cc2650/obj/queuebuf.o
                0x0000000000006b4c                queuebuf_free
 .text.queuebuf_to_packetbuf
                0x0000000000006b78       0x30 build/cc26x0-cc13x0/sensortag/cc2650/obj/queuebuf.o
                0x0000000000006b78                queuebuf_to_packetbuf
 .text.queuebuf_dataptr
                0x0000000000006ba8       0x18 build/cc26x0-cc13x0/sensortag/cc2650/obj/queuebuf.o
                0x0000000000006ba8                queuebuf_dataptr
 .text.queuebuf_datalen
                0x0000000000006bc0        0x8 build/cc26x0-cc13x0/sensortag/cc2650/obj/queuebuf.o
                0x0000000000006bc0                queuebuf_datalen
 .text.queuebuf_attr
                0x0000000000006bc8        0xc build/cc26x0-cc13x0/sensortag/cc2650/obj/queuebuf.o
                0x0000000000006bc8                queuebuf_attr
 .text.mac_sequence_is_duplicate
                0x0000000000006bd4       0x4c build/cc26x0-cc13x0/sensortag/cc2650/obj/mac-sequence.o
                0x0000000000006bd4                mac_sequence_is_duplicate
 .text.mac_sequence_register_seqno
                0x0000000000006c20       0x64 build/cc26x0-cc13x0/sensortag/cc2650/obj/mac-sequence.o
                0x0000000000006c20                mac_sequence_register_seqno
 .text.mac_call_sent_callback
                0x0000000000006c84       0x18 build/cc26x0-cc13x0/sensortag/cc2650/obj/mac.o
                0x0000000000006c84                mac_call_sent_callback
 .text.frame802154_get_pan_id
                0x0000000000006c9c        0xc build/cc26x0-cc13x0/sensortag/cc2650/obj/frame802154.o
                0x0000000000006c9c                frame802154_get_pan_id
 .text.frame802154_set_pan_id
                0x0000000000006ca8        0xc build/cc26x0-cc13x0/sensortag/cc2650/obj/frame802154.o
                0x0000000000006ca8                frame802154_set_pan_id
 .text.frame802154_has_panid
                0x0000000000006cb4       0xdc build/cc26x0-cc13x0/sensortag/cc2650/obj/frame802154.o
                0x0000000000006cb4                frame802154_has_panid
 .text.field_len
                0x0000000000006d90       0x8c build/cc26x0-cc13x0/sensortag/cc2650/obj/frame802154.o
 .text.frame802154_check_dest_panid
                0x0000000000006e1c       0x3c build/cc26x0-cc13x0/sensortag/cc2650/obj/frame802154.o
                0x0000000000006e1c                frame802154_check_dest_panid
 .text.frame802154_is_broadcast_addr
                0x0000000000006e58       0x24 build/cc26x0-cc13x0/sensortag/cc2650/obj/frame802154.o
                0x0000000000006e58                frame802154_is_broadcast_addr
 .text.frame802154_extract_linkaddr
                0x0000000000006e7c       0x98 build/cc26x0-cc13x0/sensortag/cc2650/obj/frame802154.o
                0x0000000000006e7c                frame802154_extract_linkaddr
 .text.frame802154_hdrlen
                0x0000000000006f14       0x34 build/cc26x0-cc13x0/sensortag/cc2650/obj/frame802154.o
                0x0000000000006f14                frame802154_hdrlen
 .text.frame802154_create_fcf
                0x0000000000006f48       0x6c build/cc26x0-cc13x0/sensortag/cc2650/obj/frame802154.o
                0x0000000000006f48                frame802154_create_fcf
 .text.frame802154_create
                0x0000000000006fb4       0xb0 build/cc26x0-cc13x0/sensortag/cc2650/obj/frame802154.o
                0x0000000000006fb4                frame802154_create
 .text.frame802154_parse_fcf
                0x0000000000007064       0x6c build/cc26x0-cc13x0/sensortag/cc2650/obj/frame802154.o
                0x0000000000007064                frame802154_parse_fcf
 .text.frame802154_parse
                0x00000000000070d0      0x134 build/cc26x0-cc13x0/sensortag/cc2650/obj/frame802154.o
                0x00000000000070d0                frame802154_parse
 .text.frame80215e_create_ie_header_ack_nack_time_correction
                0x0000000000007204       0x3c build/cc26x0-cc13x0/sensortag/cc2650/obj/frame802154e-ie.o
                0x0000000000007204                frame80215e_create_ie_header_ack_nack_time_correction
 .text.frame80215e_create_ie_header_list_termination_1
                0x0000000000007240       0x1c build/cc26x0-cc13x0/sensortag/cc2650/obj/frame802154e-ie.o
                0x0000000000007240                frame80215e_create_ie_header_list_termination_1
 .text.frame80215e_create_ie_mlme
                0x000000000000725c       0x28 build/cc26x0-cc13x0/sensortag/cc2650/obj/frame802154e-ie.o
                0x000000000000725c                frame80215e_create_ie_mlme
 .text.frame80215e_create_ie_tsch_synchronization
                0x0000000000007284       0x40 build/cc26x0-cc13x0/sensortag/cc2650/obj/frame802154e-ie.o
                0x0000000000007284                frame80215e_create_ie_tsch_synchronization
 .text.frame80215e_create_ie_tsch_slotframe_and_link
                0x00000000000072c4       0x9c build/cc26x0-cc13x0/sensortag/cc2650/obj/frame802154e-ie.o
                0x00000000000072c4                frame80215e_create_ie_tsch_slotframe_and_link
 .text.frame80215e_create_ie_tsch_timeslot
                0x0000000000007360       0x5c build/cc26x0-cc13x0/sensortag/cc2650/obj/frame802154e-ie.o
                0x0000000000007360                frame80215e_create_ie_tsch_timeslot
 .text.frame80215e_create_ie_tsch_channel_hopping_sequence
                0x00000000000073bc       0x80 build/cc26x0-cc13x0/sensortag/cc2650/obj/frame802154e-ie.o
                0x00000000000073bc                frame80215e_create_ie_tsch_channel_hopping_sequence
 .text.frame802154e_parse_information_elements
                0x000000000000743c      0x2a8 build/cc26x0-cc13x0/sensortag/cc2650/obj/frame802154e-ie.o
                0x000000000000743c                frame802154e_parse_information_elements
 .text.parse    0x00000000000076e4       0xa0 build/cc26x0-cc13x0/sensortag/cc2650/obj/framer-802154.o
 .text.framer_802154_setup_params.part.0
                0x0000000000007784       0x98 build/cc26x0-cc13x0/sensortag/cc2650/obj/framer-802154.o
 .text.create_frame
                0x000000000000781c       0xe4 build/cc26x0-cc13x0/sensortag/cc2650/obj/framer-802154.o
 .text.create   0x0000000000007900        0x8 build/cc26x0-cc13x0/sensortag/cc2650/obj/framer-802154.o
 .text.hdr_length
                0x0000000000007908        0x8 build/cc26x0-cc13x0/sensortag/cc2650/obj/framer-802154.o
 .text.framer_802154_setup_params
                0x0000000000007910        0xc build/cc26x0-cc13x0/sensortag/cc2650/obj/framer-802154.o
                0x0000000000007910                framer_802154_setup_params
 .text.verify_part
                0x000000000000791c       0x70 build/cc26x0-cc13x0/sensortag/cc2650/obj/ext-flash.o
 .text.wait_ready
                0x000000000000798c       0x64 build/cc26x0-cc13x0/sensortag/cc2650/obj/ext-flash.o
 .text.ext_flash_open
                0x00000000000079f0       0x74 build/cc26x0-cc13x0/sensortag/cc2650/obj/ext-flash.o
                0x00000000000079f0                ext_flash_open
 .text.ext_flash_close
                0x0000000000007a64       0x64 build/cc26x0-cc13x0/sensortag/cc2650/obj/ext-flash.o
                0x0000000000007a64                ext_flash_close
 .text.ext_flash_init
                0x0000000000007ac8       0x18 build/cc26x0-cc13x0/sensortag/cc2650/obj/ext-flash.o
                0x0000000000007ac8                ext_flash_init
 .text.SafeHapiVoid
                0x0000000000007ae0       0x28 build/cc26x0-cc13x0/sensortag/cc2650/obj/adi.o
                0x0000000000007ae0                SafeHapiVoid
 .text.NOROM_AONBatMonTemperatureGetDegC
                0x0000000000007b08       0x2c build/cc26x0-cc13x0/sensortag/cc2650/obj/aon_batmon.o
                0x0000000000007b08                NOROM_AONBatMonTemperatureGetDegC
 .text.NOROM_AONRTCCurrentCompareValueGet
                0x0000000000007b34       0x18 build/cc26x0-cc13x0/sensortag/cc2650/obj/aon_rtc.o
                0x0000000000007b34                NOROM_AONRTCCurrentCompareValueGet
 .text.NOROM_ChipInfo_GetChipType
                0x0000000000007b4c       0x94 build/cc26x0-cc13x0/sensortag/cc2650/obj/chipinfo.o
                0x0000000000007b4c                NOROM_ChipInfo_GetChipType
 .text.NOROM_ChipInfo_GetHwRevision
                0x0000000000007be0       0xa8 build/cc26x0-cc13x0/sensortag/cc2650/obj/chipinfo.o
                0x0000000000007be0                NOROM_ChipInfo_GetHwRevision
 .text.NOROM_ThisCodeIsBuiltForCC26xxHwRev22AndLater_HaltIfViolated
                0x0000000000007c88       0x30 build/cc26x0-cc13x0/sensortag/cc2650/obj/chipinfo.o
                0x0000000000007c88                NOROM_ThisCodeIsBuiltForCC26xxHwRev22AndLater_HaltIfViolated
 .text.NOROM_CPUcpsid
                0x0000000000007cb8        0x8 build/cc26x0-cc13x0/sensortag/cc2650/obj/cpu.o
                0x0000000000007cb8                NOROM_CPUcpsid
 .text.NOROM_CPUcpsie
                0x0000000000007cc0        0x8 build/cc26x0-cc13x0/sensortag/cc2650/obj/cpu.o
                0x0000000000007cc0                NOROM_CPUcpsie
 .text.NOROM_CPUdelay
                0x0000000000007cc8        0x8 build/cc26x0-cc13x0/sensortag/cc2650/obj/cpu.o
                0x0000000000007cc8                NOROM_CPUdelay
 .text.NOROM_DDI32RegWrite
                0x0000000000007cd0       0x2c build/cc26x0-cc13x0/sensortag/cc2650/obj/ddi.o
                0x0000000000007cd0                NOROM_DDI32RegWrite
 .text.NOROM_DDI16BitfieldWrite
                0x0000000000007cfc       0x48 build/cc26x0-cc13x0/sensortag/cc2650/obj/ddi.o
                0x0000000000007cfc                NOROM_DDI16BitfieldWrite
 .text.NOROM_DDI16BitfieldRead
                0x0000000000007d44       0x48 build/cc26x0-cc13x0/sensortag/cc2650/obj/ddi.o
                0x0000000000007d44                NOROM_DDI16BitfieldRead
 .text.NOROM_OSCClockSourceSet
                0x0000000000007d8c       0x58 build/cc26x0-cc13x0/sensortag/cc2650/obj/osc.o
                0x0000000000007d8c                NOROM_OSCClockSourceSet
 .text.NOROM_OSCClockSourceGet
                0x0000000000007de4       0x20 build/cc26x0-cc13x0/sensortag/cc2650/obj/osc.o
                0x0000000000007de4                NOROM_OSCClockSourceGet
 .text.NOROM_PowerCtrlSourceSet
                0x0000000000007e04       0x30 build/cc26x0-cc13x0/sensortag/cc2650/obj/pwr_ctrl.o
                0x0000000000007e04                NOROM_PowerCtrlSourceSet
 .text.TrimAfterColdResetWakeupFromShutDown
                0x0000000000007e34       0xe8 build/cc26x0-cc13x0/sensortag/cc2650/obj/setup.o
 .text.NOROM_SetupTrimDevice
                0x0000000000007f1c       0xac build/cc26x0-cc13x0/sensortag/cc2650/obj/setup.o
                0x0000000000007f1c                NOROM_SetupTrimDevice
 .text.NOROM_SetupAfterColdResetWakeupFromShutDownCfg1
                0x0000000000007fc8       0x74 build/cc26x0-cc13x0/sensortag/cc2650/obj/setup_rom.o
                0x0000000000007fc8                NOROM_SetupAfterColdResetWakeupFromShutDownCfg1
 .text.NOROM_SetupAfterColdResetWakeupFromShutDownCfg3
                0x000000000000803c      0x194 build/cc26x0-cc13x0/sensortag/cc2650/obj/setup_rom.o
                0x000000000000803c                NOROM_SetupAfterColdResetWakeupFromShutDownCfg3
 .text.NOROM_SetupGetTrimForAnabypassValue1
                0x00000000000081d0       0x64 build/cc26x0-cc13x0/sensortag/cc2650/obj/setup_rom.o
                0x00000000000081d0                NOROM_SetupGetTrimForAnabypassValue1
 .text.NOROM_SetupGetTrimForAmpcompCtrl
                0x0000000000008234       0x58 build/cc26x0-cc13x0/sensortag/cc2650/obj/setup_rom.o
                0x0000000000008234                NOROM_SetupGetTrimForAmpcompCtrl
 .text.NOROM_SetupAfterColdResetWakeupFromShutDownCfg2
                0x000000000000828c      0x18c build/cc26x0-cc13x0/sensortag/cc2650/obj/setup_rom.o
                0x000000000000828c                NOROM_SetupAfterColdResetWakeupFromShutDownCfg2
 .text.NOROM_SetupSetCacheModeAccordingToCcfgSetting
                0x0000000000008418       0x5c build/cc26x0-cc13x0/sensortag/cc2650/obj/setup_rom.o
                0x0000000000008418                NOROM_SetupSetCacheModeAccordingToCcfgSetting
 .text.NOROM_SysCtrlSetRechargeBeforePowerDown
                0x0000000000008474      0x240 build/cc26x0-cc13x0/sensortag/cc2650/obj/sys_ctrl.o
                0x0000000000008474                NOROM_SysCtrlSetRechargeBeforePowerDown
 .text.NOROM_SysCtrlAdjustRechargeAfterPowerDown
                0x00000000000086b4       0x64 build/cc26x0-cc13x0/sensortag/cc2650/obj/sys_ctrl.o
                0x00000000000086b4                NOROM_SysCtrlAdjustRechargeAfterPowerDown
 .text.NOROM_SysCtrl_DCDC_VoltageConditionalControl
                0x0000000000008718       0x78 build/cc26x0-cc13x0/sensortag/cc2650/obj/sys_ctrl.o
                0x0000000000008718                NOROM_SysCtrl_DCDC_VoltageConditionalControl
 .text.NOROM_TRNGConfigure
                0x0000000000008790       0x38 build/cc26x0-cc13x0/sensortag/cc2650/obj/trng.o
                0x0000000000008790                NOROM_TRNGConfigure
 .text.write_str
                0x00000000000087c8       0x14 build/cc26x0-cc13x0/sensortag/cc2650/obj/printf.o
 .text.printf   0x00000000000087dc       0x24 build/cc26x0-cc13x0/sensortag/cc2650/obj/printf.o
                0x00000000000087dc                printf
 .text.buffer_str
                0x0000000000008800       0x28 build/cc26x0-cc13x0/sensortag/cc2650/obj/snprintf.o
 .text.snprintf
                0x0000000000008828       0x38 build/cc26x0-cc13x0/sensortag/cc2650/obj/snprintf.o
                0x0000000000008828                snprintf
 .text.fill_space
                0x0000000000008860       0x3c build/cc26x0-cc13x0/sensortag/cc2650/obj/strformat.o
 .text.format_str_v
                0x000000000000889c      0x910 build/cc26x0-cc13x0/sensortag/cc2650/obj/strformat.o
                0x000000000000889c                format_str_v
 .text.tsch_timesync_update
                0x00000000000091ac      0x130 build/cc26x0-cc13x0/sensortag/cc2650/obj/tsch-adaptive-timesync.o
                0x00000000000091ac                tsch_timesync_update
 .text.tsch_timesync_adaptive_compensate
                0x00000000000092dc      0x1fc build/cc26x0-cc13x0/sensortag/cc2650/obj/tsch-adaptive-timesync.o
                0x00000000000092dc                tsch_timesync_adaptive_compensate
 .text.tsch_adaptive_timesync_reset
                0x00000000000094d8       0x30 build/cc26x0-cc13x0/sensortag/cc2650/obj/tsch-adaptive-timesync.o
                0x00000000000094d8                tsch_adaptive_timesync_reset
 .text.tsch_packet_eackbuf_attr
                0x0000000000009508        0xc build/cc26x0-cc13x0/sensortag/cc2650/obj/tsch-packet.o
                0x0000000000009508                tsch_packet_eackbuf_attr
 .text.tsch_packet_create_eack
                0x0000000000009514       0xa8 build/cc26x0-cc13x0/sensortag/cc2650/obj/tsch-packet.o
                0x0000000000009514                tsch_packet_create_eack
 .text.tsch_packet_parse_eack
                0x00000000000095bc       0xb4 build/cc26x0-cc13x0/sensortag/cc2650/obj/tsch-packet.o
                0x00000000000095bc                tsch_packet_parse_eack
 .text.tsch_packet_create_eb
                0x0000000000009670      0x158 build/cc26x0-cc13x0/sensortag/cc2650/obj/tsch-packet.o
                0x0000000000009670                tsch_packet_create_eb
 .text.tsch_packet_update_eb
                0x00000000000097c8       0x40 build/cc26x0-cc13x0/sensortag/cc2650/obj/tsch-packet.o
                0x00000000000097c8                tsch_packet_update_eb
 .text.tsch_packet_parse_eb
                0x0000000000009808       0x84 build/cc26x0-cc13x0/sensortag/cc2650/obj/tsch-packet.o
                0x0000000000009808                tsch_packet_parse_eb
 .text.tsch_packet_set_frame_pending
                0x000000000000988c        0xc build/cc26x0-cc13x0/sensortag/cc2650/obj/tsch-packet.o
                0x000000000000988c                tsch_packet_set_frame_pending
 .text.tsch_packet_get_frame_pending
                0x0000000000009898        0x8 build/cc26x0-cc13x0/sensortag/cc2650/obj/tsch-packet.o
                0x0000000000009898                tsch_packet_get_frame_pending
 .text.tsch_queue_flush_nbr_queue
                0x00000000000098a0       0x7c build/cc26x0-cc13x0/sensortag/cc2650/obj/tsch-queue.o
 .text.tsch_queue_add_nbr
                0x000000000000991c       0x88 build/cc26x0-cc13x0/sensortag/cc2650/obj/tsch-queue.o
                0x000000000000991c                tsch_queue_add_nbr
 .text.tsch_queue_get_nbr
                0x00000000000099a4       0x20 build/cc26x0-cc13x0/sensortag/cc2650/obj/tsch-queue.o
                0x00000000000099a4                tsch_queue_get_nbr
 .text.tsch_queue_get_time_source
                0x00000000000099c4       0x34 build/cc26x0-cc13x0/sensortag/cc2650/obj/tsch-queue.o
                0x00000000000099c4                tsch_queue_get_time_source
 .text.tsch_queue_get_nbr_address
                0x00000000000099f8        0xc build/cc26x0-cc13x0/sensortag/cc2650/obj/tsch-queue.o
                0x00000000000099f8                tsch_queue_get_nbr_address
 .text.tsch_queue_update_time_source
                0x0000000000009a04       0x5c build/cc26x0-cc13x0/sensortag/cc2650/obj/tsch-queue.o
                0x0000000000009a04                tsch_queue_update_time_source
 .text.tsch_queue_add_packet
                0x0000000000009a60       0x90 build/cc26x0-cc13x0/sensortag/cc2650/obj/tsch-queue.o
                0x0000000000009a60                tsch_queue_add_packet
 .text.tsch_queue_nbr_packet_count
                0x0000000000009af0       0x10 build/cc26x0-cc13x0/sensortag/cc2650/obj/tsch-queue.o
                0x0000000000009af0                tsch_queue_nbr_packet_count
 .text.tsch_queue_free_packet
                0x0000000000009b00       0x20 build/cc26x0-cc13x0/sensortag/cc2650/obj/tsch-queue.o
                0x0000000000009b00                tsch_queue_free_packet
 .text.tsch_queue_free_packets_to
                0x0000000000009b20       0x2c build/cc26x0-cc13x0/sensortag/cc2650/obj/tsch-queue.o
                0x0000000000009b20                tsch_queue_free_packets_to
 .text.tsch_queue_packet_sent
                0x0000000000009b4c       0x90 build/cc26x0-cc13x0/sensortag/cc2650/obj/tsch-queue.o
                0x0000000000009b4c                tsch_queue_packet_sent
 .text.tsch_queue_reset
                0x0000000000009bdc       0x38 build/cc26x0-cc13x0/sensortag/cc2650/obj/tsch-queue.o
                0x0000000000009bdc                tsch_queue_reset
 .text.tsch_queue_free_unused_neighbors
                0x0000000000009c14       0x6c build/cc26x0-cc13x0/sensortag/cc2650/obj/tsch-queue.o
                0x0000000000009c14                tsch_queue_free_unused_neighbors
 .text.tsch_queue_get_packet_for_nbr
                0x0000000000009c80       0x78 build/cc26x0-cc13x0/sensortag/cc2650/obj/tsch-queue.o
                0x0000000000009c80                tsch_queue_get_packet_for_nbr
 .text.tsch_queue_get_unicast_packet_for_any
                0x0000000000009cf8       0x4c build/cc26x0-cc13x0/sensortag/cc2650/obj/tsch-queue.o
                0x0000000000009cf8                tsch_queue_get_unicast_packet_for_any
 .text.tsch_queue_update_all_backoff_windows
                0x0000000000009d44       0x74 build/cc26x0-cc13x0/sensortag/cc2650/obj/tsch-queue.o
                0x0000000000009d44                tsch_queue_update_all_backoff_windows
 .text.tsch_queue_init
                0x0000000000009db8       0x40 build/cc26x0-cc13x0/sensortag/cc2650/obj/tsch-queue.o
                0x0000000000009db8                tsch_queue_init
 .text.periodic
                0x0000000000009df8       0x6c build/cc26x0-cc13x0/sensortag/cc2650/obj/tsch-roots.o
 .text.tsch_roots_add_address
                0x0000000000009e64       0x60 build/cc26x0-cc13x0/sensortag/cc2650/obj/tsch-roots.o
                0x0000000000009e64                tsch_roots_add_address
 .text.tsch_roots_set_self_to_root
                0x0000000000009ec4        0xc build/cc26x0-cc13x0/sensortag/cc2650/obj/tsch-roots.o
                0x0000000000009ec4                tsch_roots_set_self_to_root
 .text.tsch_roots_is_root
                0x0000000000009ed0       0x34 build/cc26x0-cc13x0/sensortag/cc2650/obj/tsch-roots.o
                0x0000000000009ed0                tsch_roots_is_root
 .text.tsch_roots_init
                0x0000000000009f04       0x30 build/cc26x0-cc13x0/sensortag/cc2650/obj/tsch-roots.o
                0x0000000000009f04                tsch_roots_init
 .text.tsch_rpl_callback_ka_sent
                0x0000000000009f34       0x20 build/cc26x0-cc13x0/sensortag/cc2650/obj/tsch-rpl.o
                0x0000000000009f34                tsch_rpl_callback_ka_sent
 .text.tsch_rpl_callback_joining_network
                0x0000000000009f54        0x4 build/cc26x0-cc13x0/sensortag/cc2650/obj/tsch-rpl.o
                0x0000000000009f54                tsch_rpl_callback_joining_network
 .text.tsch_rpl_callback_leaving_network
                0x0000000000009f58       0x1c build/cc26x0-cc13x0/sensortag/cc2650/obj/tsch-rpl.o
                0x0000000000009f58                tsch_rpl_callback_leaving_network
 .text.tsch_rpl_callback_new_dio_interval
                0x0000000000009f74       0x50 build/cc26x0-cc13x0/sensortag/cc2650/obj/tsch-rpl.o
                0x0000000000009f74                tsch_rpl_callback_new_dio_interval
 .text.tsch_rpl_callback_parent_switch
                0x0000000000009fc4       0x24 build/cc26x0-cc13x0/sensortag/cc2650/obj/tsch-rpl.o
                0x0000000000009fc4                tsch_rpl_callback_parent_switch
 .text.tsch_rpl_check_dodag_joined
                0x0000000000009fe8        0xc build/cc26x0-cc13x0/sensortag/cc2650/obj/tsch-rpl.o
                0x0000000000009fe8                tsch_rpl_check_dodag_joined
 .text.tsch_schedule_add_link.part.0
                0x0000000000009ff4       0xa0 build/cc26x0-cc13x0/sensortag/cc2650/obj/tsch-schedule.o
 .text.tsch_schedule_add_slotframe
                0x000000000000a094       0x7c build/cc26x0-cc13x0/sensortag/cc2650/obj/tsch-schedule.o
                0x000000000000a094                tsch_schedule_add_slotframe
 .text.tsch_schedule_remove_link
                0x000000000000a110       0x7c build/cc26x0-cc13x0/sensortag/cc2650/obj/tsch-schedule.o
                0x000000000000a110                tsch_schedule_remove_link
 .text.tsch_schedule_remove_slotframe
                0x000000000000a18c       0x48 build/cc26x0-cc13x0/sensortag/cc2650/obj/tsch-schedule.o
                0x000000000000a18c                tsch_schedule_remove_slotframe
 .text.tsch_schedule_remove_all_slotframes
                0x000000000000a1d4       0x20 build/cc26x0-cc13x0/sensortag/cc2650/obj/tsch-schedule.o
                0x000000000000a1d4                tsch_schedule_remove_all_slotframes
 .text.tsch_schedule_remove_link_by_timeslot
                0x000000000000a1f4       0x5c build/cc26x0-cc13x0/sensortag/cc2650/obj/tsch-schedule.o
                0x000000000000a1f4                tsch_schedule_remove_link_by_timeslot
 .text.tsch_schedule_add_link
                0x000000000000a250       0x5c build/cc26x0-cc13x0/sensortag/cc2650/obj/tsch-schedule.o
                0x000000000000a250                tsch_schedule_add_link
 .text.tsch_schedule_get_link_by_timeslot
                0x000000000000a2ac       0x30 build/cc26x0-cc13x0/sensortag/cc2650/obj/tsch-schedule.o
                0x000000000000a2ac                tsch_schedule_get_link_by_timeslot
 .text.tsch_schedule_get_next_active_link
                0x000000000000a2dc      0x1e8 build/cc26x0-cc13x0/sensortag/cc2650/obj/tsch-schedule.o
                0x000000000000a2dc                tsch_schedule_get_next_active_link
 .text.tsch_schedule_init
                0x000000000000a4c4       0x30 build/cc26x0-cc13x0/sensortag/cc2650/obj/tsch-schedule.o
                0x000000000000a4c4                tsch_schedule_init
 .text.tsch_security_set_packetbuf_attr
                0x000000000000a4f4        0x4 build/cc26x0-cc13x0/sensortag/cc2650/obj/tsch-security.o
                0x000000000000a4f4                tsch_security_set_packetbuf_attr
 .text.get_packet_and_neighbor_for_link.constprop.0
                0x000000000000a4f8       0x78 build/cc26x0-cc13x0/sensortag/cc2650/obj/tsch-slot-operation.o
 .text.tsch_schedule_slot_operation.constprop.0
                0x000000000000a570       0x60 build/cc26x0-cc13x0/sensortag/cc2650/obj/tsch-slot-operation.o
 .text.tsch_tx_slot.constprop.0
                0x000000000000a5d0      0x48c build/cc26x0-cc13x0/sensortag/cc2650/obj/tsch-slot-operation.o
 .text.tsch_slot_operation
                0x000000000000aa5c      0x754 build/cc26x0-cc13x0/sensortag/cc2650/obj/tsch-slot-operation.o
 .text.tsch_is_locked
                0x000000000000b1b0        0xc build/cc26x0-cc13x0/sensortag/cc2650/obj/tsch-slot-operation.o
                0x000000000000b1b0                tsch_is_locked
 .text.tsch_get_lock
                0x000000000000b1bc       0x50 build/cc26x0-cc13x0/sensortag/cc2650/obj/tsch-slot-operation.o
                0x000000000000b1bc                tsch_get_lock
 .text.tsch_release_lock
                0x000000000000b20c        0xc build/cc26x0-cc13x0/sensortag/cc2650/obj/tsch-slot-operation.o
                0x000000000000b20c                tsch_release_lock
 .text.tsch_slot_operation_start
                0x000000000000b218       0x94 build/cc26x0-cc13x0/sensortag/cc2650/obj/tsch-slot-operation.o
                0x000000000000b218                tsch_slot_operation_start
 .text.tsch_slot_operation_sync
                0x000000000000b2ac       0x54 build/cc26x0-cc13x0/sensortag/cc2650/obj/tsch-slot-operation.o
                0x000000000000b2ac                tsch_slot_operation_sync
 .text.turn_off
                0x000000000000b300       0x10 build/cc26x0-cc13x0/sensortag/cc2650/obj/tsch.o
 .text.tsch_reset
                0x000000000000b310       0xb8 build/cc26x0-cc13x0/sensortag/cc2650/obj/tsch.o
 .text.process_thread_tsch_send_eb_process
                0x000000000000b3c8      0x144 build/cc26x0-cc13x0/sensortag/cc2650/obj/tsch.o
 .text.send_packet
                0x000000000000b50c       0xd8 build/cc26x0-cc13x0/sensortag/cc2650/obj/tsch.o
 .text.packet_input
                0x000000000000b5e4       0x44 build/cc26x0-cc13x0/sensortag/cc2650/obj/tsch.o
 .text.keepalive_send
                0x000000000000b628       0x44 build/cc26x0-cc13x0/sensortag/cc2650/obj/tsch.o
 .text.max_payload
                0x000000000000b66c       0x54 build/cc26x0-cc13x0/sensortag/cc2650/obj/tsch.o
 .text.turn_on  0x000000000000b6c0       0x48 build/cc26x0-cc13x0/sensortag/cc2650/obj/tsch.o
 .text.tsch_init
                0x000000000000b708       0xa4 build/cc26x0-cc13x0/sensortag/cc2650/obj/tsch.o
 .text.keepalive_packet_sent
                0x000000000000b7ac       0xc8 build/cc26x0-cc13x0/sensortag/cc2650/obj/tsch.o
 .text.process_thread_tsch_pending_events_process
                0x000000000000b874      0x2b8 build/cc26x0-cc13x0/sensortag/cc2650/obj/tsch.o
 .text.tsch_set_coordinator
                0x000000000000bb2c       0x34 build/cc26x0-cc13x0/sensortag/cc2650/obj/tsch.o
                0x000000000000bb2c                tsch_set_coordinator
 .text.tsch_set_join_priority
                0x000000000000bb60        0xc build/cc26x0-cc13x0/sensortag/cc2650/obj/tsch.o
                0x000000000000bb60                tsch_set_join_priority
 .text.tsch_set_ka_timeout
                0x000000000000bb6c       0x24 build/cc26x0-cc13x0/sensortag/cc2650/obj/tsch.o
                0x000000000000bb6c                tsch_set_ka_timeout
 .text.tsch_set_eb_period
                0x000000000000bb90       0x14 build/cc26x0-cc13x0/sensortag/cc2650/obj/tsch.o
                0x000000000000bb90                tsch_set_eb_period
 .text.tsch_schedule_keepalive
                0x000000000000bba4       0x28 build/cc26x0-cc13x0/sensortag/cc2650/obj/tsch.o
                0x000000000000bba4                tsch_schedule_keepalive
 .text.tsch_disassociate
                0x000000000000bbcc       0x28 build/cc26x0-cc13x0/sensortag/cc2650/obj/tsch.o
                0x000000000000bbcc                tsch_disassociate
 .text.tsch_scan
                0x000000000000bbf4      0x3ac build/cc26x0-cc13x0/sensortag/cc2650/obj/tsch.o
                0x000000000000bbf4                tsch_scan
 .text.process_thread_tsch_process
                0x000000000000bfa0       0xd8 build/cc26x0-cc13x0/sensortag/cc2650/obj/tsch.o
 .text.sicslowpan_init
                0x000000000000c078       0x10 build/cc26x0-cc13x0/sensortag/cc2650/obj/sicslowpan.o
                0x000000000000c078                sicslowpan_init
 .text.set_packet_attrs
                0x000000000000c088       0x74 build/cc26x0-cc13x0/sensortag/cc2650/obj/sicslowpan.o
 .text.compress_addr_64
                0x000000000000c0fc       0xa0 build/cc26x0-cc13x0/sensortag/cc2650/obj/sicslowpan.o
 .text.packet_sent
                0x000000000000c19c       0x54 build/cc26x0-cc13x0/sensortag/cc2650/obj/sicslowpan.o
 .text.uncompress_addr
                0x000000000000c1f0       0x9c build/cc26x0-cc13x0/sensortag/cc2650/obj/sicslowpan.o
 .text.input    0x000000000000c28c      0x63c build/cc26x0-cc13x0/sensortag/cc2650/obj/sicslowpan.o
 .text.output   0x000000000000c8c8      0x700 build/cc26x0-cc13x0/sensortag/cc2650/obj/sicslowpan.o
 .text.netstack_sniffer_add