Archive member included to satisfy reference by file (symbol)

/usr/lib/gcc/arm-none-eabi/10.3.1/../../../arm-none-eabi/lib/thumb/v7-m/nofp/libc_nano.a(lib_a-abs.o)
                              ber.o (abs)
/usr/lib/gcc/arm-none-eabi/10.3.1/../../../arm-none-eabi/lib/thumb/v7-m/nofp/libc_nano.a(lib_a-memcmp.o)
                              build/simplelink/launchpad/cc2650/obj/linkaddr.o (memcmp)
/usr/lib/gcc/arm-none-eabi/10.3.1/../../../arm-none-eabi/lib/thumb/v7-m/nofp/libc_nano.a(lib_a-memcpy.o)
                              build/simplelink/launchpad/cc2650/obj/ble-addr.o (memcpy)
/usr/lib/gcc/arm-none-eabi/10.3.1/../../../arm-none-eabi/lib/thumb/v7-m/nofp/libc_nano.a(lib_a-memmove.o)
                              build/simplelink/launchpad/cc2650/obj/tsch-packet.o (memmove)
/usr/lib/gcc/arm-none-eabi/10.3.1/../../../arm-none-eabi/lib/thumb/v7-m/nofp/libc_nano.a(lib_a-memset.o)
                              build/simplelink/launchpad/cc2650/obj/platform.o (memset)
/usr/lib/gcc/arm-none-eabi/10.3.1/../../../arm-none-eabi/lib/thumb/v7-m/nofp/libc_nano.a(lib_a-reent.o)
                              build/simplelink/launchpad/cc2650/obj/syscalls.o (errno)
/usr/lib/gcc/arm-none-eabi/10.3.1/../../../arm-none-eabi/lib/thumb/v7-m/nofp/libc_nano.a(lib_a-strcat.o)
                              ber.o (strcat)
/usr/lib/gcc/arm-none-eabi/10.3.1/../../../arm-none-eabi/lib/thumb/v7-m/nofp/libc_nano.a(lib_a-strchr.o)
                              build/simplelink/launchpad/cc2650/obj/shell-commands.o (strchr)
/usr/lib/gcc/arm-none-eabi/10.3.1/../../../arm-none-eabi/lib/thumb/v7-m/nofp/libc_nano.a(lib_a-strcmp.o)
                              build/simplelink/launchpad/cc2650/obj/shell-commands.o (strcmp)
/usr/lib/gcc/arm-none-eabi/10.3.1/../../../arm-none-eabi/lib/thumb/v7-m/nofp/libc_nano.a(lib_a-strcpy.o)
                              ber.o (strcpy)
/usr/lib/gcc/arm-none-eabi/10.3.1/../../../arm-none-eabi/lib/thumb/v7-m/nofp/libc_nano.a(lib_a-strlen-stub.o)
                              build/simplelink/launchpad/cc2650/obj/dbg-arch.o (strlen)
/usr/lib/gcc/arm-none-eabi/10.3.1/../../../arm-none-eabi/lib/thumb/v7-m/nofp/libc_nano.a(lib_a-strncmp.o)
                              build/simplelink/launchpad/cc2650/obj/sensors.o (strncmp)
/usr/lib/gcc/arm-none-eabi/10.3.1/../../../arm-none-eabi/lib/thumb/v7-m/nofp/libc_nano.a(lib_a-strtol.o)
                              build/simplelink/launchpad/cc2650/obj/shell-commands.o (strtol)
/usr/lib/gcc/arm-none-eabi/10.3.1/../../../arm-none-eabi/lib/thumb/v7-m/nofp/libc_nano.a(lib_a-ctype_.o)
                              /usr/lib/gcc/arm-none-eabi/10.3.1/../../../arm-none-eabi/lib/thumb/v7-m/nofp/libc_nano.a(lib_a-strtol.o) (_ctype_)
/usr/lib/gcc/arm-none-eabi/10.3.1/../../../arm-none-eabi/lib/thumb/v7-m/nofp/libc_nano.a(lib_a-errno.o)
                              /usr/lib/gcc/arm-none-eabi/10.3.1/../../../arm-none-eabi/lib/thumb/v7-m/nofp/libc_nano.a(lib_a-strtol.o) (__errno)
/usr/lib/gcc/arm-none-eabi/10.3.1/../../../arm-none-eabi/lib/thumb/v7-m/nofp/libc_nano.a(lib_a-impure.o)
                              /usr/lib/gcc/arm-none-eabi/10.3.1/../../../arm-none-eabi/lib/thumb/v7-m/nofp/libc_nano.a(lib_a-reent.o) (_impure_ptr)
/usr/lib/gcc/arm-none-eabi/10.3.1/../../../arm-none-eabi/lib/thumb/v7-m/nofp/libc_nano.a(lib_a-nano-freer.o)
                              /usr/lib/gcc/arm-none-eabi/10.3.1/../../../arm-none-eabi/lib/thumb/v7-m/nofp/libc_nano.a(lib_a-reent.o) (_free_r)
/usr/lib/gcc/arm-none-eabi/10.3.1/../../../arm-none-eabi/lib/thumb/v7-m/nofp/libc_nano.a(lib_a-nano-mallocr.o)
                              /usr/lib/gcc/arm-none-eabi/10.3.1/../../../arm-none-eabi/lib/thumb/v7-m/nofp/libc_nano.a(lib_a-nano-freer.o) (__malloc_free_list)
/usr/lib/gcc/arm-none-eabi/10.3.1/../../../arm-none-eabi/lib/thumb/v7-m/nofp/libc_nano.a(lib_a-sbrkr.o)
                              /usr/lib/gcc/arm-none-eabi/10.3.1/../../../arm-none-eabi/lib/thumb/v7-m/nofp/libc_nano.a(lib_a-nano-mallocr.o) (_sbrk_r)
/usr/lib/gcc/arm-none-eabi/10.3.1/../../../arm-none-eabi/lib/thumb/v7-m/nofp/libc_nano.a(lib_a-mlock.o)
                              /usr/lib/gcc/arm-none-eabi/10.3.1/../../../arm-none-eabi/lib/thumb/v7-m/nofp/libc_nano.a(lib_a-nano-freer.o) (__malloc_lock)
/usr/lib/gcc/arm-none-eabi/10.3.1/thumb/v7-m/nofp/libgcc.a(_arm_mulsf3.o)
                              ber.o (__aeabi_fmul)
/usr/lib/gcc/arm-none-eabi/10.3.1/thumb/v7-m/nofp/libgcc.a(_arm_addsubsf3.o)
                              ber.o (__aeabi_ui2f)
/usr/lib/gcc/arm-none-eabi/10.3.1/thumb/v7-m/nofp/libgcc.a(_arm_muldivsf3.o)
                              ber.o (__aeabi_fdiv)
/usr/lib/gcc/arm-none-eabi/10.3.1/thumb/v7-m/nofp/libgcc.a(_arm_fixunssfsi.o)
                              ber.o (__aeabi_f2uiz)
/usr/lib/gcc/arm-none-eabi/10.3.1/thumb/v7-m/nofp/libgcc.a(_aeabi_ldivmod.o)
                              build/simplelink/launchpad/cc2650/obj/clock-arch.o (__aeabi_ldivmod)
[...]
Memory Configuration

Name             Origin             Length             Attributes
FLASH            0x0000000000000000 0x000000000001ffa8 xr
FLASH_CCFG       0x000000000001ffa8 0x0000000000000058 xr
SRAM             0x0000000020000000 0x0000000000005000 xrw
GPRAM            0x0000000011000000 0x0000000000002000 xrw
*default*        0x0000000000000000 0xffffffffffffffff

Linker script and memory map

LOAD build/simplelink/launchpad/cc2650/obj/ccfg-conf.o
LOAD build/simplelink/launchpad/cc2650/obj/startup_cc13xx_cc26xx_gcc.o
LOAD build/simplelink/launchpad/cc2650/obj/platform.o
LOAD build/simplelink/launchpad/cc2650/obj/batmon-sensor.o
LOAD build/simplelink/launchpad/cc2650/obj/CC2650_LAUNCHXL.o
LOAD build/simplelink/launchpad/cc2650/obj/CC2650_LAUNCHXL_fxns.o
LOAD build/simplelink/launchpad/cc2650/obj/button-sensor-arch.o
LOAD build/simplelink/launchpad/cc2650/obj/leds-arch.o
LOAD build/simplelink/launchpad/cc2650/obj/rtimer-arch.o
LOAD build/simplelink/launchpad/cc2650/obj/clock-arch.o
LOAD build/simplelink/launchpad/cc2650/obj/watchdog-arch.o
LOAD build/simplelink/launchpad/cc2650/obj/dbg-arch.o
LOAD build/simplelink/launchpad/cc2650/obj/uart0-arch.o
LOAD build/simplelink/launchpad/cc2650/obj/slip-arch.o
LOAD build/simplelink/launchpad/cc2650/obj/gpio-hal-arch.o
LOAD build/simplelink/launchpad/cc2650/obj/int-master-arch.o
LOAD build/simplelink/launchpad/cc2650/obj/random.o
LOAD build/simplelink/launchpad/cc2650/obj/trng-arch.o
LOAD build/simplelink/launchpad/cc2650/obj/spi-arch.o
LOAD build/simplelink/launchpad/cc2650/obj/i2c-arch.o
LOAD build/simplelink/launchpad/cc2650/obj/sched.o
LOAD build/simplelink/launchpad/cc2650/obj/data-queue.o
LOAD build/simplelink/launchpad/cc2650/obj/ieee-addr.o
LOAD build/simplelink/launchpad/cc2650/obj/ble-addr.o
LOAD build/simplelink/launchpad/cc2650/obj/ble-beacond.o
LOAD build/simplelink/launchpad/cc2650/obj/rat.o
LOAD build/simplelink/launchpad/cc2650/obj/ieee-mode.o
LOAD build/simplelink/launchpad/cc2650/obj/ieee-settings.o
LOAD build/simplelink/launchpad/cc2650/obj/ieee-tx-power.o
LOAD build/simplelink/launchpad/cc2650/obj/ble-settings.o
LOAD build/simplelink/launchpad/cc2650/obj/ble-tx-power.o
LOAD build/simplelink/launchpad/cc2650/obj/orchestra-rule-default-common.o
LOAD build/simplelink/launchpad/cc2650/obj/orchestra-rule-eb-per-time-source.o
LOAD build/simplelink/launchpad/cc2650/obj/orchestra-rule-special-for-root.o
LOAD build/simplelink/launchpad/cc2650/obj/orchestra-rule-unicast-link-based.o
LOAD build/simplelink/launchpad/cc2650/obj/orchestra-rule-unicast-per-neighbor-rpl-ns.o
LOAD build/simplelink/launchpad/cc2650/obj/orchestra-rule-unicast-per-neighbor-rpl-storing.o
LOAD build/simplelink/launchpad/cc2650/obj/orchestra.o
LOAD build/simplelink/launchpad/cc2650/obj/serial-shell.o
LOAD build/simplelink/launchpad/cc2650/obj/shell-commands.o
LOAD build/simplelink/launchpad/cc2650/obj/shell.o
LOAD build/simplelink/launchpad/cc2650/obj/contiki-main.o
LOAD build/simplelink/launchpad/cc2650/obj/atomic.o
LOAD build/simplelink/launchpad/cc2650/obj/autostart.o
LOAD build/simplelink/launchpad/cc2650/obj/compower.o
LOAD build/simplelink/launchpad/cc2650/obj/ctimer.o
LOAD build/simplelink/launchpad/cc2650/obj/energest.o
LOAD build/simplelink/launchpad/cc2650/obj/etimer.o
LOAD build/simplelink/launchpad/cc2650/obj/log.o
LOAD build/simplelink/launchpad/cc2650/obj/mutex.o
LOAD build/simplelink/launchpad/cc2650/obj/node-id.o
LOAD build/simplelink/launchpad/cc2650/obj/process.o
LOAD build/simplelink/launchpad/cc2650/obj/rtimer.o
LOAD build/simplelink/launchpad/cc2650/obj/stack-check.o
LOAD build/simplelink/launchpad/cc2650/obj/stimer.o
LOAD build/simplelink/launchpad/cc2650/obj/timer.o
LOAD build/simplelink/launchpad/cc2650/obj/aes-128.o
LOAD build/simplelink/launchpad/cc2650/obj/assert.o
LOAD build/simplelink/launchpad/cc2650/obj/ccm-star.o
LOAD build/simplelink/launchpad/cc2650/obj/circular-list.o
LOAD build/simplelink/launchpad/cc2650/obj/crc16.o
LOAD build/simplelink/launchpad/cc2650/obj/dbl-circ-list.o
LOAD build/simplelink/launchpad/cc2650/obj/dbl-list.o
LOAD build/simplelink/launchpad/cc2650/obj/heapmem.o
LOAD build/simplelink/launchpad/cc2650/obj/hexconv.o
LOAD build/simplelink/launchpad/cc2650/obj/ifft.o
LOAD build/simplelink/launchpad/cc2650/obj/list.o
LOAD build/simplelink/launchpad/cc2650/obj/memb.o
LOAD build/simplelink/launchpad/cc2650/obj/ringbuf.o
LOAD build/simplelink/launchpad/cc2650/obj/ringbufindex.o
LOAD build/simplelink/launchpad/cc2650/obj/sensors.o
LOAD build/simplelink/launchpad/cc2650/obj/trickle-timer.o
LOAD build/simplelink/launchpad/cc2650/obj/button-hal.o
LOAD build/simplelink/launchpad/cc2650/obj/gpio-hal.o
LOAD build/simplelink/launchpad/cc2650/obj/leds.o
LOAD build/simplelink/launchpad/cc2650/obj/nullradio.o
LOAD build/simplelink/launchpad/cc2650/obj/serial-line.o
LOAD build/simplelink/launchpad/cc2650/obj/slip.o
LOAD build/simplelink/launchpad/cc2650/obj/spi.o
LOAD build/simplelink/launchpad/cc2650/obj/link-stats.o
LOAD build/simplelink/launchpad/cc2650/obj/linkaddr.o
LOAD build/simplelink/launchpad/cc2650/obj/nbr-table.o
LOAD build/simplelink/launchpad/cc2650/obj/net-debug.o
LOAD build/simplelink/launchpad/cc2650/obj/netstack.o
LOAD build/simplelink/launchpad/cc2650/obj/packetbuf.o
LOAD build/simplelink/launchpad/cc2650/obj/queuebuf.o
LOAD build/simplelink/launchpad/cc2650/obj/mac-sequence.o
LOAD build/simplelink/launchpad/cc2650/obj/mac.o
LOAD build/simplelink/launchpad/cc2650/obj/frame802154.o
LOAD build/simplelink/launchpad/cc2650/obj/frame802154e-ie.o
LOAD build/simplelink/launchpad/cc2650/obj/framer-802154.o
LOAD build/simplelink/launchpad/cc2650/obj/nullframer.o
LOAD build/simplelink/launchpad/cc2650/obj/syscalls.o
LOAD build/simplelink/launchpad/cc2650/obj/printf.o
LOAD build/simplelink/launchpad/cc2650/obj/putchar.o
LOAD build/simplelink/launchpad/cc2650/obj/puts.o
LOAD build/simplelink/launchpad/cc2650/obj/snprintf.o
LOAD build/simplelink/launchpad/cc2650/obj/sprintf.o
LOAD build/simplelink/launchpad/cc2650/obj/strformat.o
LOAD build/simplelink/launchpad/cc2650/obj/tsch-adaptive-timesync.o
LOAD build/simplelink/launchpad/cc2650/obj/tsch-log.o
LOAD build/simplelink/launchpad/cc2650/obj/tsch-packet.o
LOAD build/simplelink/launchpad/cc2650/obj/tsch-queue.o
LOAD build/simplelink/launchpad/cc2650/obj/tsch-roots.o
LOAD build/simplelink/launchpad/cc2650/obj/tsch-rpl.o
LOAD build/simplelink/launchpad/cc2650/obj/tsch-schedule.o
LOAD build/simplelink/launchpad/cc2650/obj/tsch-security.o
LOAD build/simplelink/launchpad/cc2650/obj/tsch-slot-operation.o
LOAD build/simplelink/launchpad/cc2650/obj/tsch-stats.o
LOAD build/simplelink/launchpad/cc2650/obj/tsch-timeslot-timing.o
LOAD build/simplelink/launchpad/cc2650/obj/tsch.o
LOAD build/simplelink/launchpad/cc2650/obj/ip64-addr.o
LOAD build/simplelink/launchpad/cc2650/obj/psock.o
LOAD build/simplelink/launchpad/cc2650/obj/sicslowpan.o
LOAD build/simplelink/launchpad/cc2650/obj/simple-udp.o
LOAD build/simplelink/launchpad/cc2650/obj/tcp-socket.o
LOAD build/simplelink/launchpad/cc2650/obj/tcpip.o
LOAD build/simplelink/launchpad/cc2650/obj/udp-socket.o
LOAD build/simplelink/launchpad/cc2650/obj/uip-ds6-nbr.o
LOAD build/simplelink/launchpad/cc2650/obj/uip-ds6-route.o
LOAD build/simplelink/launchpad/cc2650/obj/uip-ds6.o
LOAD build/simplelink/launchpad/cc2650/obj/uip-icmp6.o
LOAD build/simplelink/launchpad/cc2650/obj/uip-nameserver.o
LOAD build/simplelink/launchpad/cc2650/obj/uip-nd6.o
LOAD build/simplelink/launchpad/cc2650/obj/uip-packetqueue.o
LOAD build/simplelink/launchpad/cc2650/obj/uip-sr.o
LOAD build/simplelink/launchpad/cc2650/obj/uip-udp-packet.o
LOAD build/simplelink/launchpad/cc2650/obj/uip6.o
LOAD build/simplelink/launchpad/cc2650/obj/uipbuf.o
LOAD build/simplelink/launchpad/cc2650/obj/uiplib.o
LOAD build/simplelink/launchpad/cc2650/obj/rpl-dag-root.o
LOAD build/simplelink/launchpad/cc2650/obj/rpl-dag.o
LOAD build/simplelink/launchpad/cc2650/obj/rpl-ext-header.o
LOAD build/simplelink/launchpad/cc2650/obj/rpl-icmp6.o
LOAD build/simplelink/launchpad/cc2650/obj/rpl-mrhof.o
LOAD build/simplelink/launchpad/cc2650/obj/rpl-nbr-policy.o
LOAD build/simplelink/launchpad/cc2650/obj/rpl-of0.o
LOAD build/simplelink/launchpad/cc2650/obj/rpl-timers.o
LOAD build/simplelink/launchpad/cc2650/obj/rpl.o
LOAD ber.o
START GROUP
LOAD /usr/lib/gcc/arm-none-eabi/10.3.1/../../../arm-none-eabi/lib/thumb/v7-m/nofp/libc_nano.a
LOAD /usr/lib/gcc/arm-none-eabi/10.3.1/thumb/v7-m/nofp/libgcc.a
LOAD /usr/lib/gcc/arm-none-eabi/10.3.1/../../../arm-none-eabi/lib/thumb/v7-m/nofp/libnosys.a
LOAD /usr/lib/gcc/arm-none-eabi/10.3.1/../../../arm-none-eabi/lib/thumb/v7-m/nofp/libm.a
LOAD ../coresdk_cc13xx_cc26xx/kernel/nortos/lib/nortos_cc26x0.am3g
LOAD ../coresdk_cc13xx_cc26xx/source/ti/drivers/rf/lib/rf_multiMode_cc26x0.am3g
LOAD ../coresdk_cc13xx_cc26xx/source/ti/drivers/lib/drivers_cc26x0.am3g
LOAD ../coresdk_cc13xx_cc26xx/source/ti/devices/cc26x0/driverlib/bin/gcc/driverlib.lib
LOAD /usr/lib/gcc/arm-none-eabi/10.3.1/../../../arm-none-eabi/lib/thumb/v7-m/nofp/libm.a
END GROUP
START GROUP
LOAD /usr/lib/gcc/arm-none-eabi/10.3.1/thumb/v7-m/nofp/libgcc.a
LOAD /usr/lib/gcc/arm-none-eabi/10.3.1/../../../arm-none-eabi/lib/thumb/v7-m/nofp/libc_nano.a
END GROUP
START GROUP
LOAD /usr/lib/gcc/arm-none-eabi/10.3.1/thumb/v7-m/nofp/libgcc.a
LOAD /usr/lib/gcc/arm-none-eabi/10.3.1/../../../arm-none-eabi/lib/thumb/v7-m/nofp/libc_nano.a
END GROUP
                0x0000000000000600                MIN_STACKSIZE = 0x600
                0x0000000000000100                HEAPSIZE = 0x100
                0x0000000000000000                PROVIDE (_resetVecs_base_addr = DEFINED (_resetVecs_base_addr)?_resetVecs_base_addr:0x0)

.resetVecs      0x0000000000000000       0x40
 *(SORT_BY_ALIGNMENT(.resetVecs))
 .resetVecs     0x0000000000000000       0x40 build/simplelink/launchpad/cc2650/obj/startup_cc13xx_cc26xx_gcc.o

.ramVecs
 *(SORT_BY_ALIGNMENT(.ramVecs))
                0x0000000020000400                UDMACC26XX_CONFIG_BASE = 0x20000400
                0x0000000020000430                DMA_SPI0_RX_CTEA = (UDMACC26XX_CONFIG_BASE + 0x30)
                0x0000000020000440                DMA_SPI0_TX_CTEA = (UDMACC26XX_CONFIG_BASE + 0x40)
                0x0000000020000470                DMA_ADC_PRI_CTEA = (UDMACC26XX_CONFIG_BASE + 0x70)
                0x0000000020000490                DMA_GPT0A_PRI_CTEA = (UDMACC26XX_CONFIG_BASE + 0x90)
                0x0000000020000500                DMA_SPI1_RX_CTEA = (UDMACC26XX_CONFIG_BASE + 0x100)
                0x0000000020000510                DMA_SPI1_TX_CTEA = (UDMACC26XX_CONFIG_BASE + 0x110)
                0x0000000020000670                DMA_ADC_ALT_CTEA = (UDMACC26XX_CONFIG_BASE + 0x270)
                0x0000000020000690                DMA_GPT0A_ALT_CTEA = (UDMACC26XX_CONFIG_BASE + 0x290)
                0x0000000000000000                UDMACC26XX_dmaSpi0RxControlTableEntry_is_placed = 0x0

.dmaSpi0RxControlTableEntry
                0x0000000020000430       0x10
 *(SORT_BY_ALIGNMENT(.dmaSpi0RxControlTableEntry))
 .dmaSpi0RxControlTableEntry
                0x0000000020000430       0x10 ../coresdk_cc13xx_cc26xx/source/ti/drivers/lib/drivers_cc26x0.am3g(SPICC26XXDMA.om3g)
                0x0000000000000000                UDMACC26XX_dmaSpi0TxControlTableEntry_is_placed = 0x0

.dmaSpi0TxControlTableEntry
                0x0000000020000440       0x10
 *(SORT_BY_ALIGNMENT(.dmaSpi0TxControlTableEntry))
 .dmaSpi0TxControlTableEntry
                0x0000000020000440       0x10 ../coresdk_cc13xx_cc26xx/source/ti/drivers/lib/drivers_cc26x0.am3g(SPICC26XXDMA.om3g)
                0x0000000000000000                UDMACC26XX_dmaADCPriControlTableEntry_is_placed = 0x0

.dmaADCPriControlTableEntry
 *(SORT_BY_ALIGNMENT(.dmaADCPriControlTableEntry))
                0x0000000000000000                UDMACC26XX_dmaGPT0APriControlTableEntry_is_placed = 0x0

.dmaGPT0APriControlTableEntry
 *(SORT_BY_ALIGNMENT(.dmaGPT0APriControlTableEntry))
                0x0000000000000000                UDMACC26XX_dmaSpi1RxControlTableEntry_is_placed = 0x0

.dmaSpi1RxControlTableEntry
                0x0000000020000500       0x10
 *(SORT_BY_ALIGNMENT(.dmaSpi1RxControlTableEntry))
 .dmaSpi1RxControlTableEntry
                0x0000000020000500       0x10 ../coresdk_cc13xx_cc26xx/source/ti/drivers/lib/drivers_cc26x0.am3g(SPICC26XXDMA.om3g)
                0x0000000000000000                UDMACC26XX_dmaSpi1TxControlTableEntry_is_placed = 0x0

.dmaSpi1TxControlTableEntry
                0x0000000020000510       0x10
 *(SORT_BY_ALIGNMENT(.dmaSpi1TxControlTableEntry))
 .dmaSpi1TxControlTableEntry
                0x0000000020000510       0x10 ../coresdk_cc13xx_cc26xx/source/ti/drivers/lib/drivers_cc26x0.am3g(SPICC26XXDMA.om3g)
                0x0000000000000000                UDMACC26XX_dmaADCAltControlTableEntry_is_placed = 0x0

.dmaADCAltControlTableEntry
 *(SORT_BY_ALIGNMENT(.dmaADCAltControlTableEntry))
                0x0000000000000000                UDMACC26XX_dmaGPT0AAltControlTableEntry_is_placed = 0x0

.dmaGPT0AAltControlTableEntry
 *(SORT_BY_ALIGNMENT(.dmaGPT0AAltControlTableEntry))

.text           0x0000000000000040    0x15d78
 CREATE_OBJECT_SYMBOLS
 *(SORT_BY_ALIGNMENT(.text))
 .text          0x0000000000000040        0x8 /usr/lib/gcc/arm-none-eabi/10.3.1/../../../arm-none-eabi/lib/thumb/v7-m/nofp/libc_nano.a(lib_a-abs.o)
                0x0000000000000040                abs
 .text          0x0000000000000048       0x68 /usr/lib/gcc/arm-none-eabi/10.3.1/../../../arm-none-eabi/lib/thumb/v7-m/nofp/libc_nano.a(lib_a-memcmp.o)
                0x0000000000000048                memcmp
 .text          0x00000000000000b0       0xec /usr/lib/gcc/arm-none-eabi/10.3.1/../../../arm-none-eabi/lib/thumb/v7-m/nofp/libc_nano.a(lib_a-memcpy.o)
                0x00000000000000b0                memcpy
 .text          0x000000000000019c       0xf8 /usr/lib/gcc/arm-none-eabi/10.3.1/../../../arm-none-eabi/lib/thumb/v7-m/nofp/libc_nano.a(lib_a-memmove.o)
                0x000000000000019c                memmove
 .text          0x0000000000000294       0xa4 /usr/lib/gcc/arm-none-eabi/10.3.1/../../../arm-none-eabi/lib/thumb/v7-m/nofp/libc_nano.a(lib_a-memset.o)
                0x0000000000000294                memset
 .text          0x0000000000000338       0x40 /usr/lib/gcc/arm-none-eabi/10.3.1/../../../arm-none-eabi/lib/thumb/v7-m/nofp/libc_nano.a(lib_a-strcat.o)
                0x0000000000000338                strcat
 .text          0x0000000000000378       0xcc /usr/lib/gcc/arm-none-eabi/10.3.1/../../../arm-none-eabi/lib/thumb/v7-m/nofp/libc_nano.a(lib_a-strchr.o)
                0x0000000000000378                strchr
 .text          0x0000000000000444      0x1bc /usr/lib/gcc/arm-none-eabi/10.3.1/../../../arm-none-eabi/lib/thumb/v7-m/nofp/libc_nano.a(lib_a-strcmp.o)
                0x0000000000000444                strcmp
 .text          0x0000000000000600       0xbc /usr/lib/gcc/arm-none-eabi/10.3.1/../../../arm-none-eabi/lib/thumb/v7-m/nofp/libc_nano.a(lib_a-strcpy.o)
                0x0000000000000600                strcpy
 .text          0x00000000000006bc       0x5c /usr/lib/gcc/arm-none-eabi/10.3.1/../../../arm-none-eabi/lib/thumb/v7-m/nofp/libc_nano.a(lib_a-strlen-stub.o)
                0x00000000000006bc                strlen
 .text          0x0000000000000718      0x190 /usr/lib/gcc/arm-none-eabi/10.3.1/../../../arm-none-eabi/lib/thumb/v7-m/nofp/libc_nano.a(lib_a-strtol.o)
                0x0000000000000838                _strtol_r
                0x0000000000000850                strtol_l
                0x000000000000087c                strtol
 .text          0x00000000000008a8        0xc /usr/lib/gcc/arm-none-eabi/10.3.1/../../../arm-none-eabi/lib/thumb/v7-m/nofp/libc_nano.a(lib_a-errno.o)
                0x00000000000008a8                __errno
 .text          0x00000000000008b4       0xa0 /usr/lib/gcc/arm-none-eabi/10.3.1/thumb/v7-m/nofp/libgcc.a(_aeabi_ldivmod.o)
                0x00000000000008b4                __aeabi_ldivmod
 .text          0x0000000000000954       0x30 /usr/lib/gcc/arm-none-eabi/10.3.1/thumb/v7-m/nofp/libgcc.a(_aeabi_uldivmod.o)
                0x0000000000000954                __aeabi_uldivmod
 .text          0x0000000000000984      0x2d4 /usr/lib/gcc/arm-none-eabi/10.3.1/thumb/v7-m/nofp/libgcc.a(_udivmoddi4.o)
                0x0000000000000984                __udivmoddi4
 .text          0x0000000000000c58        0x4 /usr/lib/gcc/arm-none-eabi/10.3.1/thumb/v7-m/nofp/libgcc.a(_dvmd_tls.o)
                0x0000000000000c58                __aeabi_ldiv0
                0x0000000000000c58                __aeabi_idiv0
 *(SORT_BY_ALIGNMENT(.text.*))
 .text.resetISR
                0x0000000000000c5c       0x14 build/simplelink/launchpad/cc2650/obj/startup_cc13xx_cc26xx_gcc.o
                0x0000000000000c5c                resetISR
 .text.faultISR
                0x0000000000000c70       0x18 build/simplelink/launchpad/cc2650/obj/startup_cc13xx_cc26xx_gcc.o
 .text.busFaultHandler
                0x0000000000000c88        0xc build/simplelink/launchpad/cc2650/obj/startup_cc13xx_cc26xx_gcc.o
 .text.localProgramStart
                0x0000000000000c94       0x74 build/simplelink/launchpad/cc2650/obj/startup_cc13xx_cc26xx_gcc.o
                0x0000000000000c94                localProgramStart
 .text.platform_init_stage_one
                0x0000000000000d08       0x64 build/simplelink/launchpad/cc2650/obj/platform.o
                0x0000000000000d08                platform_init_stage_one
 .text.platform_init_stage_two
                0x0000000000000d6c       0x50 build/simplelink/launchpad/cc2650/obj/platform.o
                0x0000000000000d6c                platform_init_stage_two
 .text.platform_init_stage_three
                0x0000000000000dbc       0xe4 build/simplelink/launchpad/cc2650/obj/platform.o
                0x0000000000000dbc                platform_init_stage_three
 .text.CC2650_LAUNCHXL_wakeUpExtFlash
                0x0000000000000ea0       0x48 build/simplelink/launchpad/cc2650/obj/CC2650_LAUNCHXL_fxns.o
                0x0000000000000ea0                CC2650_LAUNCHXL_wakeUpExtFlash
 .text.CC2650_LAUNCHXL_shutDownExtFlash
                0x0000000000000ee8       0x34 build/simplelink/launchpad/cc2650/obj/CC2650_LAUNCHXL_fxns.o
                0x0000000000000ee8                CC2650_LAUNCHXL_shutDownExtFlash
 .text.rtimer_isr_hook
                0x0000000000000f1c       0x4c build/simplelink/launchpad/cc2650/obj/rtimer-arch.o
 .text.rtimer_arch_init
                0x0000000000000f68       0x84 build/simplelink/launchpad/cc2650/obj/rtimer-arch.o
                0x0000000000000f68                rtimer_arch_init
 .text.rtimer_arch_schedule
                0x0000000000000fec       0x18 build/simplelink/launchpad/cc2650/obj/rtimer-arch.o
                0x0000000000000fec                rtimer_arch_schedule
 .text.clock_arch_exit_idle
                0x0000000000001004        0xc build/simplelink/launchpad/cc2650/obj/clock-arch.o
                0x0000000000001004                clock_arch_exit_idle
 .text.clock_init
                0x0000000000001010       0x68 build/simplelink/launchpad/cc2650/obj/clock-arch.o
                0x0000000000001010                clock_init
 .text.clock_arch_enter_idle
                0x0000000000001078       0x74 build/simplelink/launchpad/cc2650/obj/clock-arch.o
                0x0000000000001078                clock_arch_enter_idle
 .text.clock_seconds
                0x00000000000010ec        0xc build/simplelink/launchpad/cc2650/obj/clock-arch.o
                0x00000000000010ec                clock_seconds
 .text.watchdog_init
                0x00000000000010f8       0x28 build/simplelink/launchpad/cc2650/obj/watchdog-arch.o
                0x00000000000010f8                watchdog_init
 .text.watchdog_arch_next_timeout
                0x0000000000001120       0x3c build/simplelink/launchpad/cc2650/obj/watchdog-arch.o
                0x0000000000001120                watchdog_arch_next_timeout
 .text.watchdog_periodic
                0x000000000000115c       0x20 build/simplelink/launchpad/cc2650/obj/watchdog-arch.o
                0x000000000000115c                watchdog_periodic
 .text.uart0_cb
                0x000000000000117c       0x34 build/simplelink/launchpad/cc2650/obj/uart0-arch.o
 .text.uart0_init
                0x00000000000011b0       0x48 build/simplelink/launchpad/cc2650/obj/uart0-arch.o
                0x00000000000011b0                uart0_init
 .text.uart0_write
                0x00000000000011f8       0x20 build/simplelink/launchpad/cc2650/obj/uart0-arch.o
                0x00000000000011f8                uart0_write
 .text.uart0_set_callback
                0x0000000000001218       0x44 build/simplelink/launchpad/cc2650/obj/uart0-arch.o
                0x0000000000001218                uart0_set_callback
 .text.gpio_hal_arch_init
                0x000000000000125c       0x28 build/simplelink/launchpad/cc2650/obj/gpio-hal-arch.o
                0x000000000000125c                gpio_hal_arch_init
 .text.gpio_hal_arch_no_port_interrupt_enable
                0x0000000000001284       0x28 build/simplelink/launchpad/cc2650/obj/gpio-hal-arch.o
                0x0000000000001284                gpio_hal_arch_no_port_interrupt_enable
 .text.gpio_hal_arch_no_port_pin_cfg_set
                0x00000000000012ac       0x84 build/simplelink/launchpad/cc2650/obj/gpio-hal-arch.o
                0x00000000000012ac                gpio_hal_arch_no_port_pin_cfg_set
 .text.gpio_hal_arch_no_port_read_pin
                0x0000000000001330       0x24 build/simplelink/launchpad/cc2650/obj/gpio-hal-arch.o
                0x0000000000001330                gpio_hal_arch_no_port_read_pin
 .text.random_rand
                0x0000000000001354       0x2c build/simplelink/launchpad/cc2650/obj/random.o
                0x0000000000001354                random_rand
 .text.random_init
                0x0000000000001380       0x24 build/simplelink/launchpad/cc2650/obj/random.o
                0x0000000000001380                random_init
 .text.cmd_rx_disable
                0x00000000000013a4       0x3c build/simplelink/launchpad/cc2650/obj/sched.o
 .text.cmd_rx_cb
                0x00000000000013e0       0x38 build/simplelink/launchpad/cc2650/obj/sched.o
 .text.cmd_rx_restore.part.0.isra.0
                0x0000000000001418       0x4c build/simplelink/launchpad/cc2650/obj/sched.o
 .text.rf_yield
                0x0000000000001464       0x64 build/simplelink/launchpad/cc2650/obj/sched.o
                0x0000000000001464                rf_yield
 .text.rf_restart_rat
                0x00000000000014c8       0x74 build/simplelink/launchpad/cc2650/obj/sched.o
                0x00000000000014c8                rf_restart_rat
 .text.netstack_open
                0x000000000000153c       0x48 build/simplelink/launchpad/cc2650/obj/sched.o
                0x000000000000153c                netstack_open
 .text.netstack_sched_fs
                0x0000000000001584       0xac build/simplelink/launchpad/cc2650/obj/sched.o
                0x0000000000001584                netstack_sched_fs
 .text.netstack_sched_rx
                0x0000000000001630       0xc4 build/simplelink/launchpad/cc2650/obj/sched.o
                0x0000000000001630                netstack_sched_rx
 .text.netstack_stop_rx
                0x00000000000016f4       0x40 build/simplelink/launchpad/cc2650/obj/sched.o
                0x00000000000016f4                netstack_stop_rx
 .text.netstack_sched_ieee_tx
                0x0000000000001734       0xe8 build/simplelink/launchpad/cc2650/obj/sched.o
                0x0000000000001734                netstack_sched_ieee_tx
 .text.process_thread_rf_sched_process
                0x000000000000181c       0xec build/simplelink/launchpad/cc2650/obj/sched.o
 .text.data_queue_init
                0x0000000000001908       0x5c build/simplelink/launchpad/cc2650/obj/data-queue.o
                0x0000000000001908                data_queue_init
 .text.data_queue_reset
                0x0000000000001964       0x34 build/simplelink/launchpad/cc2650/obj/data-queue.o
                0x0000000000001964                data_queue_reset
 .text.data_queue_current_entry
                0x0000000000001998        0xc build/simplelink/launchpad/cc2650/obj/data-queue.o
                0x0000000000001998                data_queue_current_entry
 .text.data_queue_release_entry
                0x00000000000019a4       0x24 build/simplelink/launchpad/cc2650/obj/data-queue.o
                0x00000000000019a4                data_queue_release_entry
 .text.ieee_addr_cpy_to
                0x00000000000019c8       0x48 build/simplelink/launchpad/cc2650/obj/ieee-addr.o
                0x00000000000019c8                ieee_addr_cpy_to
 .text.check_rat_overflow
                0x0000000000001a10       0x70 build/simplelink/launchpad/cc2650/obj/rat.o
 .text.rat_overflow_cb
                0x0000000000001a80       0x28 build/simplelink/launchpad/cc2650/obj/rat.o
 .text.rat_init
                0x0000000000001aa8       0x24 build/simplelink/launchpad/cc2650/obj/rat.o
                0x0000000000001aa8                rat_init
 .text.rat_to_timestamp
                0x0000000000001acc       0x4c build/simplelink/launchpad/cc2650/obj/rat.o
                0x0000000000001acc                rat_to_timestamp
 .text.rx_is_active
                0x0000000000001b18       0x14 build/simplelink/launchpad/cc2650/obj/ieee-mode.o
 .text.prepare  0x0000000000001b2c       0x1c build/simplelink/launchpad/cc2650/obj/ieee-mode.o
 .text.get_value
                0x0000000000001b48      0x118 build/simplelink/launchpad/cc2650/obj/ieee-mode.o
 .text.off      0x0000000000001c60       0x1c build/simplelink/launchpad/cc2650/obj/ieee-mode.o
 .text.cca_request
                0x0000000000001c7c       0xa0 build/simplelink/launchpad/cc2650/obj/ieee-mode.o
 .text.read     0x0000000000001d1c       0xa8 build/simplelink/launchpad/cc2650/obj/ieee-mode.o
 .text.get_object
                0x0000000000001dc4       0x44 build/simplelink/launchpad/cc2650/obj/ieee-mode.o
 .text.set_object
                0x0000000000001e08       0x50 build/simplelink/launchpad/cc2650/obj/ieee-mode.o
 .text.on       0x0000000000001e58       0x28 build/simplelink/launchpad/cc2650/obj/ieee-mode.o
 .text.pending_packet
                0x0000000000001e80       0x34 build/simplelink/launchpad/cc2650/obj/ieee-mode.o
 .text.transmit
                0x0000000000001eb4       0xa8 build/simplelink/launchpad/cc2650/obj/ieee-mode.o
 .text.set_channel.isra.0
                0x0000000000001f5c       0x68 build/simplelink/launchpad/cc2650/obj/ieee-mode.o
 .text.init     0x0000000000001fc4      0x108 build/simplelink/launchpad/cc2650/obj/ieee-mode.o
 .text.set_value
                0x00000000000020cc      0x14c build/simplelink/launchpad/cc2650/obj/ieee-mode.o
 .text.rf_patch_cpe_ieee
                0x0000000000002218       0x58 build/simplelink/launchpad/cc2650/obj/ieee-settings.o
 .text.select_packet
                0x0000000000002270       0x18 build/simplelink/launchpad/cc2650/obj/orchestra-rule-default-common.o
 .text.init     0x0000000000002288       0x2c build/simplelink/launchpad/cc2650/obj/orchestra-rule-default-common.o
 .text.new_time_source
                0x00000000000022b4       0xa8 build/simplelink/launchpad/cc2650/obj/orchestra-rule-eb-per-time-source.o
 .text.init     0x000000000000235c       0x40 build/simplelink/launchpad/cc2650/obj/orchestra-rule-eb-per-time-source.o
 .text.select_packet
                0x000000000000239c       0x30 build/simplelink/launchpad/cc2650/obj/orchestra-rule-eb-per-time-source.o
 .text.orchestra_is_root_schedule_active
                0x00000000000023cc       0x1c build/simplelink/launchpad/cc2650/obj/orchestra-rule-special-for-root.o
                0x00000000000023cc                orchestra_is_root_schedule_active
 .text.add_uc_link
                0x00000000000023e8       0x5c build/simplelink/launchpad/cc2650/obj/orchestra-rule-unicast-per-neighbor-rpl-storing.o
 .text.init     0x0000000000002444       0x64 build/simplelink/launchpad/cc2650/obj/orchestra-rule-unicast-per-neighbor-rpl-storing.o
 .text.select_packet
                0x00000000000024a8       0x94 build/simplelink/launchpad/cc2650/obj/orchestra-rule-unicast-per-neighbor-rpl-storing.o
 .text.remove_uc_link.part.0
                0x000000000000253c       0xec build/simplelink/launchpad/cc2650/obj/orchestra-rule-unicast-per-neighbor-rpl-storing.o
 .text.new_time_source
                0x0000000000002628       0x40 build/simplelink/launchpad/cc2650/obj/orchestra-rule-unicast-per-neighbor-rpl-storing.o
 .text.orchestra_packet_sent
                0x0000000000002668       0x50 build/simplelink/launchpad/cc2650/obj/orchestra.o
 .text.orchestra_callback_child_added
                0x00000000000026b8       0x20 build/simplelink/launchpad/cc2650/obj/orchestra.o
                0x00000000000026b8                orchestra_callback_child_added
 .text.orchestra_callback_child_removed
                0x00000000000026d8       0x20 build/simplelink/launchpad/cc2650/obj/orchestra.o
                0x00000000000026d8                orchestra_callback_child_removed
 .text.orchestra_callback_packet_ready
                0x00000000000026f8       0x64 build/simplelink/launchpad/cc2650/obj/orchestra.o
                0x00000000000026f8                orchestra_callback_packet_ready
 .text.orchestra_callback_new_time_source
                0x000000000000275c       0x38 build/simplelink/launchpad/cc2650/obj/orchestra.o
                0x000000000000275c                orchestra_callback_new_time_source
 .text.orchestra_callback_root_node_updated
                0x0000000000002794       0x24 build/simplelink/launchpad/cc2650/obj/orchestra.o
                0x0000000000002794                orchestra_callback_root_node_updated
 .text.orchestra_init
                0x00000000000027b8       0x38 build/simplelink/launchpad/cc2650/obj/orchestra.o
                0x00000000000027b8                orchestra_init
 .text.process_thread_serial_shell_process
                0x00000000000027f0       0x58 build/simplelink/launchpad/cc2650/obj/serial-shell.o
 .text.serial_shell_output
                0x0000000000002848        0xc build/simplelink/launchpad/cc2650/obj/serial-shell.o
 .text.serial_shell_init
                0x0000000000002854        0xc build/simplelink/launchpad/cc2650/obj/serial-shell.o
                0x0000000000002854                serial_shell_init
 .text.cmd_rpl_global_repair
                0x0000000000002860       0x38 build/simplelink/launchpad/cc2650/obj/shell-commands.o
 .text.cmd_rpl_local_repair
                0x0000000000002898       0x38 build/simplelink/launchpad/cc2650/obj/shell-commands.o
 .text.cmd_help
                0x00000000000028d0       0x6c build/simplelink/launchpad/cc2650/obj/shell-commands.o
 .text.cmd_macaddr
                0x000000000000293c       0x48 build/simplelink/launchpad/cc2650/obj/shell-commands.o
 .text.cmd_tsch_status
                0x0000000000002984      0x14c build/simplelink/launchpad/cc2650/obj/shell-commands.o
 .text.cmd_tsch_schedule
                0x0000000000002ad0       0xd4 build/simplelink/launchpad/cc2650/obj/shell-commands.o
 .text.cmd_tsch_set_coordinator
                0x0000000000002ba4      0x120 build/simplelink/launchpad/cc2650/obj/shell-commands.o
 .text.cmd_rpl_set_root
                0x0000000000002cc4      0x160 build/simplelink/launchpad/cc2650/obj/shell-commands.o
 .text.cmd_ipaddr
                0x0000000000002e24       0x80 build/simplelink/launchpad/cc2650/obj/shell-commands.o
 .text.cmd_routes
                0x0000000000002ea4      0x194 build/simplelink/launchpad/cc2650/obj/shell-commands.o
 .text.cmd_ping
                0x0000000000003038      0x154 build/simplelink/launchpad/cc2650/obj/shell-commands.o
 .text.cmd_ip_neighbors
                0x000000000000318c       0xe0 build/simplelink/launchpad/cc2650/obj/shell-commands.o
 .text.shell_output_log_levels
                0x000000000000326c       0x58 build/simplelink/launchpad/cc2650/obj/shell-commands.o
 .text.cmd_log  0x00000000000032c4      0x100 build/simplelink/launchpad/cc2650/obj/shell-commands.o
 .text.cmd_reboot
                0x00000000000033c4       0x2c build/simplelink/launchpad/cc2650/obj/shell-commands.o
 .text.echo_reply_handler
                0x00000000000033f0       0x2c build/simplelink/launchpad/cc2650/obj/shell-commands.o
 .text.shell_commands_init
                0x000000000000341c       0x30 build/simplelink/launchpad/cc2650/obj/shell-commands.o
                0x000000000000341c                shell_commands_init
 .text.shell_command_lookup
                0x000000000000344c       0x34 build/simplelink/launchpad/cc2650/obj/shell-commands.o
                0x000000000000344c                shell_command_lookup
 .text.shell_output_lladdr.part.0
                0x0000000000003480       0x4c build/simplelink/launchpad/cc2650/obj/shell.o
 .text.shell_output_6addr
                0x00000000000034cc       0x28 build/simplelink/launchpad/cc2650/obj/shell.o
                0x00000000000034cc                shell_output_6addr
 .text.shell_output_lladdr
                0x00000000000034f4       0x28 build/simplelink/launchpad/cc2650/obj/shell.o
                0x00000000000034f4                shell_output_lladdr
 .text.shell_input
                0x000000000000351c       0xc0 build/simplelink/launchpad/cc2650/obj/shell.o
                0x000000000000351c                shell_input
 .text.startup.main
                0x00000000000035dc      0x1f0 build/simplelink/launchpad/cc2650/obj/contiki-main.o
                0x00000000000035dc                main
 .text.process_thread_ctimer_process
                0x00000000000037cc       0x7c build/simplelink/launchpad/cc2650/obj/ctimer.o
 .text.ctimer_init
                0x0000000000003848       0x28 build/simplelink/launchpad/cc2650/obj/ctimer.o
                0x0000000000003848                ctimer_init
 .text.ctimer_set_with_process
                0x0000000000003870       0x44 build/simplelink/launchpad/cc2650/obj/ctimer.o
                0x0000000000003870                ctimer_set_with_process
 .text.ctimer_set
                0x00000000000038b4       0x14 build/simplelink/launchpad/cc2650/obj/ctimer.o
                0x00000000000038b4                ctimer_set
 .text.ctimer_reset
                0x00000000000038c8       0x38 build/simplelink/launchpad/cc2650/obj/ctimer.o
                0x00000000000038c8                ctimer_reset
 .text.ctimer_stop
                0x0000000000003900       0x2c build/simplelink/launchpad/cc2650/obj/ctimer.o
                0x0000000000003900                ctimer_stop
 .text.ctimer_expired
                0x000000000000392c       0x34 build/simplelink/launchpad/cc2650/obj/ctimer.o
                0x000000000000392c                ctimer_expired
 .text.update_time
                0x0000000000003960       0x40 build/simplelink/launchpad/cc2650/obj/etimer.o
 .text.etimer_request_poll
                0x00000000000039a0        0xc build/simplelink/launchpad/cc2650/obj/etimer.o
                0x00000000000039a0                etimer_request_poll
 .text.process_thread_etimer_process
                0x00000000000039ac       0xa8 build/simplelink/launchpad/cc2650/obj/etimer.o
 .text.add_timer
                0x0000000000003a54       0x40 build/simplelink/launchpad/cc2650/obj/etimer.o
 .text.etimer_pending
                0x0000000000003a94       0x10 build/simplelink/launchpad/cc2650/obj/etimer.o
                0x0000000000003a94                etimer_pending
 .text.etimer_next_expiration_time
                0x0000000000003aa4       0x14 build/simplelink/launchpad/cc2650/obj/etimer.o
                0x0000000000003aa4                etimer_next_expiration_time
 .text.etimer_stop
                0x0000000000003ab8       0x34 build/simplelink/launchpad/cc2650/obj/etimer.o
                0x0000000000003ab8                etimer_stop
 .text.log_6addr
                0x0000000000003aec       0x20 build/simplelink/launchpad/cc2650/obj/log.o
                0x0000000000003aec                log_6addr
 .text.log_lladdr
                0x0000000000003b0c       0x40 build/simplelink/launchpad/cc2650/obj/log.o
                0x0000000000003b0c                log_lladdr
 .text.log_set_level
                0x0000000000003b4c       0x44 build/simplelink/launchpad/cc2650/obj/log.o
                0x0000000000003b4c                log_set_level
 .text.log_get_level
                0x0000000000003b90       0x3c build/simplelink/launchpad/cc2650/obj/log.o
                0x0000000000003b90                log_get_level
 .text.log_level_to_str
                0x0000000000003bcc       0x18 build/simplelink/launchpad/cc2650/obj/log.o
                0x0000000000003bcc                log_level_to_str
 .text.node_id_init
                0x0000000000003be4       0x18 build/simplelink/launchpad/cc2650/obj/node-id.o
                0x0000000000003be4                node_id_init
 .text.call_process.part.0
                0x0000000000003bfc       0x38 build/simplelink/launchpad/cc2650/obj/process.o
 .text.exit_process
                0x0000000000003c34       0x80 build/simplelink/launchpad/cc2650/obj/process.o
 .text.do_poll  0x0000000000003cb4       0x30 build/simplelink/launchpad/cc2650/obj/process.o
 .text.process_alloc_event
                0x0000000000003ce4       0x10 build/simplelink/launchpad/cc2650/obj/process.o
                0x0000000000003ce4                process_alloc_event
 .text.process_init
                0x0000000000003cf4       0x30 build/simplelink/launchpad/cc2650/obj/process.o
                0x0000000000003cf4                process_init
 .text.process_run
                0x0000000000003d24       0x84 build/simplelink/launchpad/cc2650/obj/process.o
                0x0000000000003d24                process_run
 .text.process_post
                0x0000000000003da8       0x3c build/simplelink/launchpad/cc2650/obj/process.o
                0x0000000000003da8                process_post
 .text.process_post_synch
                0x0000000000003de4       0x14 build/simplelink/launchpad/cc2650/obj/process.o
                0x0000000000003de4                process_post_synch
 .text.process_start
                0x0000000000003df8       0x30 build/simplelink/launchpad/cc2650/obj/process.o
                0x0000000000003df8                process_start
 .text.process_poll
                0x0000000000003e28       0x18 build/simplelink/launchpad/cc2650/obj/process.o
                0x0000000000003e28                process_poll
 .text.rtimer_set
                0x0000000000003e40       0x24 build/simplelink/launchpad/cc2650/obj/rtimer.o
                0x0000000000003e40                rtimer_set
 .text.rtimer_run_next
                0x0000000000003e64       0x28 build/simplelink/launchpad/cc2650/obj/rtimer.o
                0x0000000000003e64                rtimer_run_next
 .text.stack_check_init
                0x0000000000003e8c       0x24 build/simplelink/launchpad/cc2650/obj/stack-check.o
                0x0000000000003e8c                stack_check_init
 .text.stack_check_get_usage
                0x0000000000003eb0       0x40 build/simplelink/launchpad/cc2650/obj/stack-check.o
                0x0000000000003eb0                stack_check_get_usage
 .text.process_thread_stack_check_process
                0x0000000000003ef0       0xa8 build/simplelink/launchpad/cc2650/obj/stack-check.o
 .text.duration_exceeded_callback
                0x0000000000003f98       0x34 build/simplelink/launchpad/cc2650/obj/button-hal.o
 .text.process_thread_button_hal_process
                0x0000000000003fcc       0x78 build/simplelink/launchpad/cc2650/obj/button-hal.o
 .text.press_release_handler
                0x0000000000004044       0x18 build/simplelink/launchpad/cc2650/obj/button-hal.o
 .text.debounce_handler
                0x000000000000405c       0x64 build/simplelink/launchpad/cc2650/obj/button-hal.o
 .text.button_hal_init
                0x00000000000040c0       0xb4 build/simplelink/launchpad/cc2650/obj/button-hal.o
                0x00000000000040c0                button_hal_init
 .text.gpio_hal_register_handler
                0x0000000000004174        0xc build/simplelink/launchpad/cc2650/obj/gpio-hal.o
                0x0000000000004174                gpio_hal_register_handler
 .text.gpio_hal_event_handler
                0x0000000000004180       0x24 build/simplelink/launchpad/cc2650/obj/gpio-hal.o
                0x0000000000004180                gpio_hal_event_handler
 .text.gpio_hal_init
                0x00000000000041a4       0x14 build/simplelink/launchpad/cc2650/obj/gpio-hal.o
                0x00000000000041a4                gpio_hal_init
 .text.leds_off
                0x00000000000041b8       0x38 build/simplelink/launchpad/cc2650/obj/leds.o
                0x00000000000041b8                leds_off
 .text.leds_init
                0x00000000000041f0       0x50 build/simplelink/launchpad/cc2650/obj/leds.o
                0x00000000000041f0                leds_init
 .text.process_thread_serial_line_process
                0x0000000000004240       0x9c build/simplelink/launchpad/cc2650/obj/serial-line.o
 .text.serial_line_input_byte
                0x00000000000042dc       0x44 build/simplelink/launchpad/cc2650/obj/serial-line.o
                0x00000000000042dc                serial_line_input_byte
 .text.serial_line_init
                0x0000000000004320       0x24 build/simplelink/launchpad/cc2650/obj/serial-line.o
                0x0000000000004320                serial_line_init
 .text.periodic
                0x0000000000004344       0x30 build/simplelink/launchpad/cc2650/obj/link-stats.o
 .text.link_stats_from_lladdr
                0x0000000000004374        0xc build/simplelink/launchpad/cc2650/obj/link-stats.o
                0x0000000000004374                link_stats_from_lladdr
 .text.link_stats_packet_sent
                0x0000000000004380       0x80 build/simplelink/launchpad/cc2650/obj/link-stats.o
                0x0000000000004380                link_stats_packet_sent
 .text.link_stats_input_callback
                0x0000000000004400       0x4c build/simplelink/launchpad/cc2650/obj/link-stats.o
                0x0000000000004400                link_stats_input_callback
 .text.link_stats_reset
                0x000000000000444c       0x28 build/simplelink/launchpad/cc2650/obj/link-stats.o
                0x000000000000444c                link_stats_reset
 .text.link_stats_init
                0x0000000000004474       0x28 build/simplelink/launchpad/cc2650/obj/link-stats.o
                0x0000000000004474                link_stats_init
 .text.index_from_key
                0x000000000000449c       0x20 build/simplelink/launchpad/cc2650/obj/nbr-table.o
 .text.index_from_lladdr
                0x00000000000044bc       0x40 build/simplelink/launchpad/cc2650/obj/nbr-table.o
 .text.nbr_get_bit.constprop.0
                0x00000000000044fc       0x24 build/simplelink/launchpad/cc2650/obj/nbr-table.o
 .text.remove_key
                0x0000000000004520       0x88 build/simplelink/launchpad/cc2650/obj/nbr-table.o
 .text.nbr_table_is_registered
                0x00000000000045a8       0x20 build/simplelink/launchpad/cc2650/obj/nbr-table.o
                0x00000000000045a8                nbr_table_is_registered
 .text.nbr_table_register
                0x00000000000045c8       0x30 build/simplelink/launchpad/cc2650/obj/nbr-table.o
                0x00000000000045c8                nbr_table_register
 .text.nbr_table_next
                0x00000000000045f8       0x48 build/simplelink/launchpad/cc2650/obj/nbr-table.o
                0x00000000000045f8                nbr_table_next
 .text.nbr_table_head
                0x0000000000004640       0x38 build/simplelink/launchpad/cc2650/obj/nbr-table.o
                0x0000000000004640                nbr_table_head
 .text.entry_is_allowed
                0x0000000000004678       0xac build/simplelink/launchpad/cc2650/obj/nbr-table.o
 .text.nbr_table_add_lladdr
                0x0000000000004724       0xb8 build/simplelink/launchpad/cc2650/obj/nbr-table.o
                0x0000000000004724                nbr_table_add_lladdr
 .text.nbr_table_remove
                0x00000000000047dc       0x2c build/simplelink/launchpad/cc2650/obj/nbr-table.o
                0x00000000000047dc                nbr_table_remove
 .text.nbr_table_lock
                0x0000000000004808       0x10 build/simplelink/launchpad/cc2650/obj/nbr-table.o
                0x0000000000004808                nbr_table_lock
 .text.nbr_table_unlock
                0x0000000000004818       0x10 build/simplelink/launchpad/cc2650/obj/nbr-table.o
                0x0000000000004818                nbr_table_unlock
 .text.nbr_table_get_lladdr
                0x0000000000004828       0x24 build/simplelink/launchpad/cc2650/obj/nbr-table.o
                0x0000000000004828                nbr_table_get_lladdr
 .text.netstack_process_ip_callback
                0x000000000000484c       0x40 build/simplelink/launchpad/cc2650/obj/netstack.o
                0x000000000000484c                netstack_process_ip_callback
 .text.netstack_init
                0x000000000000488c       0x24 build/simplelink/launchpad/cc2650/obj/netstack.o
                0x000000000000488c                netstack_init
 .text.packetbuf_hdrreduce
                0x00000000000048b0       0x28 build/simplelink/launchpad/cc2650/obj/packetbuf.o
                0x00000000000048b0                packetbuf_hdrreduce
 .text.packetbuf_set_datalen
                0x00000000000048d8        0xc build/simplelink/launchpad/cc2650/obj/packetbuf.o
                0x00000000000048d8                packetbuf_set_datalen
 .text.packetbuf_hdrptr
                0x00000000000048e4        0x8 build/simplelink/launchpad/cc2650/obj/packetbuf.o
                0x00000000000048e4                packetbuf_hdrptr
 .text.packetbuf_datalen
                0x00000000000048ec        0xc build/simplelink/launchpad/cc2650/obj/packetbuf.o
                0x00000000000048ec                packetbuf_datalen
 .text.packetbuf_hdrlen
                0x00000000000048f8       0x18 build/simplelink/launchpad/cc2650/obj/packetbuf.o
                0x00000000000048f8                packetbuf_hdrlen
 .text.packetbuf_dataptr
                0x0000000000004910       0x10 build/simplelink/launchpad/cc2650/obj/packetbuf.o
                0x0000000000004910                packetbuf_dataptr
 .text.packetbuf_copyto
                0x0000000000004920       0x44 build/simplelink/launchpad/cc2650/obj/packetbuf.o
                0x0000000000004920                packetbuf_copyto
 .text.packetbuf_totlen
                0x0000000000004964       0x14 build/simplelink/launchpad/cc2650/obj/packetbuf.o
                0x0000000000004964                packetbuf_totlen
 .text.packetbuf_hdralloc
                0x0000000000004978       0x40 build/simplelink/launchpad/cc2650/obj/packetbuf.o
                0x0000000000004978                packetbuf_hdralloc
 .text.packetbuf_attr_clear
                0x00000000000049b8       0x34 build/simplelink/launchpad/cc2650/obj/packetbuf.o
                0x00000000000049b8                packetbuf_attr_clear
 .text.packetbuf_clear
                0x00000000000049ec       0x20 build/simplelink/launchpad/cc2650/obj/packetbuf.o
                0x00000000000049ec                packetbuf_clear
 .text.packetbuf_copyfrom
                0x0000000000004a0c       0x2c build/simplelink/launchpad/cc2650/obj/packetbuf.o
                0x0000000000004a0c                packetbuf_copyfrom
 .text.packetbuf_attr_copyto
                0x0000000000004a38       0x24 build/simplelink/launchpad/cc2650/obj/packetbuf.o
                0x0000000000004a38                packetbuf_attr_copyto
 .text.packetbuf_attr_copyfrom
                0x0000000000004a5c       0x24 build/simplelink/launchpad/cc2650/obj/packetbuf.o
                0x0000000000004a5c                packetbuf_attr_copyfrom
 .text.packetbuf_set_attr
                0x0000000000004a80       0x10 build/simplelink/launchpad/cc2650/obj/packetbuf.o
                0x0000000000004a80                packetbuf_set_attr
 .text.packetbuf_attr
                0x0000000000004a90        0xc build/simplelink/launchpad/cc2650/obj/packetbuf.o
                0x0000000000004a90                packetbuf_attr
 .text.packetbuf_set_addr
                0x0000000000004a9c       0x18 build/simplelink/launchpad/cc2650/obj/packetbuf.o
                0x0000000000004a9c                packetbuf_set_addr
 .text.packetbuf_addr
                0x0000000000004ab4       0x10 build/simplelink/launchpad/cc2650/obj/packetbuf.o
                0x0000000000004ab4                packetbuf_addr
 .text.packetbuf_holds_broadcast
                0x0000000000004ac4       0x10 build/simplelink/launchpad/cc2650/obj/packetbuf.o
                0x0000000000004ac4                packetbuf_holds_broadcast
 .text.queuebuf_init
                0x0000000000004ad4       0x1c build/simplelink/launchpad/cc2650/obj/queuebuf.o
                0x0000000000004ad4                queuebuf_init
 .text.queuebuf_new_from_packetbuf
                0x0000000000004af0       0x44 build/simplelink/launchpad/cc2650/obj/queuebuf.o
                0x0000000000004af0                queuebuf_new_from_packetbuf
 .text.queuebuf_free
                0x0000000000004b34       0x2c build/simplelink/launchpad/cc2650/obj/queuebuf.o
                0x0000000000004b34                queuebuf_free
 .text.queuebuf_to_packetbuf
                0x0000000000004b60       0x30 build/simplelink/launchpad/cc2650/obj/queuebuf.o
                0x0000000000004b60                queuebuf_to_packetbuf
 .text.queuebuf_dataptr
                0x0000000000004b90       0x18 build/simplelink/launchpad/cc2650/obj/queuebuf.o
                0x0000000000004b90                queuebuf_dataptr
 .text.mac_sequence_is_duplicate
                0x0000000000004ba8       0x50 build/simplelink/launchpad/cc2650/obj/mac-sequence.o
                0x0000000000004ba8                mac_sequence_is_duplicate
 .text.mac_sequence_register_seqno
                0x0000000000004bf8       0x60 build/simplelink/launchpad/cc2650/obj/mac-sequence.o
                0x0000000000004bf8                mac_sequence_register_seqno
 .text.frame802154_get_pan_id
                0x0000000000004c58        0xc build/simplelink/launchpad/cc2650/obj/frame802154.o
                0x0000000000004c58                frame802154_get_pan_id
 .text.frame802154_set_pan_id
                0x0000000000004c64        0xc build/simplelink/launchpad/cc2650/obj/frame802154.o
                0x0000000000004c64                frame802154_set_pan_id
 .text.frame802154_check_dest_panid
                0x0000000000004c70       0x38 build/simplelink/launchpad/cc2650/obj/frame802154.o
                0x0000000000004c70                frame802154_check_dest_panid
 .text.frame802154_extract_linkaddr
                0x0000000000004ca8       0x68 build/simplelink/launchpad/cc2650/obj/frame802154.o
                0x0000000000004ca8                frame802154_extract_linkaddr
 .text.frame802154_parse
                0x0000000000004d10      0x12c build/simplelink/launchpad/cc2650/obj/frame802154.o
                0x0000000000004d10                frame802154_parse
 .text.frame802154e_parse_information_elements
                0x0000000000004e3c      0x218 build/simplelink/launchpad/cc2650/obj/frame802154e-ie.o
                0x0000000000004e3c                frame802154e_parse_information_elements
 .text.create_frame
                0x0000000000005054       0xd0 build/simplelink/launchpad/cc2650/obj/framer-802154.o
 .text.printf   0x0000000000005124       0x20 build/simplelink/launchpad/cc2650/obj/printf.o
                0x0000000000005124                printf
 .text.vsnprintf
                0x0000000000005144       0x28 build/simplelink/launchpad/cc2650/obj/snprintf.o
                0x0000000000005144                vsnprintf
 .text.sprintf  0x000000000000516c       0x30 build/simplelink/launchpad/cc2650/obj/sprintf.o
                0x000000000000516c                sprintf
 .text.fill_space
                0x000000000000519c       0x34 build/simplelink/launchpad/cc2650/obj/strformat.o
 .text.format_str_v
                0x00000000000051d0      0x72c build/simplelink/launchpad/cc2650/obj/strformat.o
                0x00000000000051d0                format_str_v
 .text.compensate_internal
                0x00000000000058fc       0x9c build/simplelink/launchpad/cc2650/obj/tsch-adaptive-timesync.o
 .text.tsch_adaptive_timesync_get_drift_ppm
                0x0000000000005998       0x14 build/simplelink/launchpad/cc2650/obj/tsch-adaptive-timesync.o
                0x0000000000005998                tsch_adaptive_timesync_get_drift_ppm
 .text.tsch_timesync_adaptive_compensate
                0x00000000000059ac       0x70 build/simplelink/launchpad/cc2650/obj/tsch-adaptive-timesync.o
                0x00000000000059ac                tsch_timesync_adaptive_compensate
 .text.tsch_adaptive_timesync_reset
                0x0000000000005a1c       0x2c build/simplelink/launchpad/cc2650/obj/tsch-adaptive-timesync.o
                0x0000000000005a1c                tsch_adaptive_timesync_reset
 .text.tsch_timesync_update
                0x0000000000005a48       0xf4 build/simplelink/launchpad/cc2650/obj/tsch-adaptive-timesync.o
                0x0000000000005a48                tsch_timesync_update
 .text.tsch_packet_eackbuf_attr
                0x0000000000005b3c        0xc build/simplelink/launchpad/cc2650/obj/tsch-packet.o
                0x0000000000005b3c                tsch_packet_eackbuf_attr
 .text.tsch_packet_create_eack
                0x0000000000005b48       0xa0 build/simplelink/launchpad/cc2650/obj/tsch-packet.o
                0x0000000000005b48                tsch_packet_create_eack
 .text.tsch_packet_parse_eack
                0x0000000000005be8       0xa8 build/simplelink/launchpad/cc2650/obj/tsch-packet.o
                0x0000000000005be8                tsch_packet_parse_eack
 .text.tsch_packet_create_eb
                0x0000000000005c90      0x158 build/simplelink/launchpad/cc2650/obj/tsch-packet.o
                0x0000000000005c90                tsch_packet_create_eb
 .text.tsch_packet_update_eb
                0x0000000000005de8       0x38 build/simplelink/launchpad/cc2650/obj/tsch-packet.o
                0x0000000000005de8                tsch_packet_update_eb
 .text.tsch_queue_get_nbr
                0x0000000000005e20       0x20 build/simplelink/launchpad/cc2650/obj/tsch-queue.o
                0x0000000000005e20                tsch_queue_get_nbr
 .text.tsch_queue_add_nbr
                0x0000000000005e40       0x74 build/simplelink/launchpad/cc2650/obj/tsch-queue.o
                0x0000000000005e40                tsch_queue_add_nbr
 .text.tsch_queue_get_time_source
                0x0000000000005eb4       0x2c build/simplelink/launchpad/cc2650/obj/tsch-queue.o
                0x0000000000005eb4                tsch_queue_get_time_source
 .text.tsch_queue_get_nbr_address
                0x0000000000005ee0        0xc build/simplelink/launchpad/cc2650/obj/tsch-queue.o
                0x0000000000005ee0                tsch_queue_get_nbr_address
 .text.tsch_queue_update_time_source
                0x0000000000005eec       0x5c build/simplelink/launchpad/cc2650/obj/tsch-queue.o
                0x0000000000005eec                tsch_queue_update_time_source
 .text.tsch_queue_add_packet
                0x0000000000005f48       0x88 build/simplelink/launchpad/cc2650/obj/tsch-queue.o
                0x0000000000005f48                tsch_queue_add_packet
 .text.tsch_queue_free_packet
                0x0000000000005fd0       0x20 build/simplelink/launchpad/cc2650/obj/tsch-queue.o
                0x0000000000005fd0                tsch_queue_free_packet
 .text.tsch_queue_reset
                0x0000000000005ff0       0x34 build/simplelink/launchpad/cc2650/obj/tsch-queue.o
                0x0000000000005ff0                tsch_queue_reset
 .text.tsch_queue_free_unused_neighbors
                0x0000000000006024       0x50 build/simplelink/launchpad/cc2650/obj/tsch-queue.o
                0x0000000000006024                tsch_queue_free_unused_neighbors
 .text.tsch_queue_get_unicast_packet_for_any
                0x0000000000006074       0x48 build/simplelink/launchpad/cc2650/obj/tsch-queue.o
                0x0000000000006074                tsch_queue_get_unicast_packet_for_any
 .text.tsch_queue_update_all_backoff_windows
                0x00000000000060bc       0x5c build/simplelink/launchpad/cc2650/obj/tsch-queue.o
                0x00000000000060bc                tsch_queue_update_all_backoff_windows
 .text.tsch_queue_init
                0x0000000000006118       0x40 build/simplelink/launchpad/cc2650/obj/tsch-queue.o
                0x0000000000006118                tsch_queue_init
 .text.periodic
                0x0000000000006158       0x64 build/simplelink/launchpad/cc2650/obj/tsch-roots.o
 .text.tsch_roots_add_address
                0x00000000000061bc       0x54 build/simplelink/launchpad/cc2650/obj/tsch-roots.o
                0x00000000000061bc                tsch_roots_add_address
 .text.tsch_roots_set_self_to_root
                0x0000000000006210        0xc build/simplelink/launchpad/cc2650/obj/tsch-roots.o
                0x0000000000006210                tsch_roots_set_self_to_root
 .text.tsch_roots_is_root
                0x000000000000621c       0x2c build/simplelink/launchpad/cc2650/obj/tsch-roots.o
                0x000000000000621c                tsch_roots_is_root
 .text.tsch_roots_init
                0x0000000000006248       0x30 build/simplelink/launchpad/cc2650/obj/tsch-roots.o
                0x0000000000006248                tsch_roots_init
 .text.tsch_rpl_callback_ka_sent
                0x0000000000006278       0x20 build/simplelink/launchpad/cc2650/obj/tsch-rpl.o
                0x0000000000006278                tsch_rpl_callback_ka_sent
 .text.tsch_rpl_callback_leaving_network
                0x0000000000006298       0x1c build/simplelink/launchpad/cc2650/obj/tsch-rpl.o
                0x0000000000006298                tsch_rpl_callback_leaving_network
 .text.tsch_rpl_callback_parent_switch
                0x00000000000062b4       0x24 build/simplelink/launchpad/cc2650/obj/tsch-rpl.o
                0x00000000000062b4                tsch_rpl_callback_parent_switch
 .text.tsch_rpl_check_dodag_joined
                0x00000000000062d8        0xc build/simplelink/launchpad/cc2650/obj/tsch-rpl.o
                0x00000000000062d8                tsch_rpl_check_dodag_joined
 .text.tsch_schedule_get_slotframe_by_handle
                0x00000000000062e4       0x28 build/simplelink/launchpad/cc2650/obj/tsch-schedule.o
                0x00000000000062e4                tsch_schedule_get_slotframe_by_handle
 .text.tsch_schedule_add_slotframe
                0x000000000000630c       0x64 build/simplelink/launchpad/cc2650/obj/tsch-schedule.o
                0x000000000000630c                tsch_schedule_add_slotframe
 .text.tsch_schedule_remove_link
                0x0000000000006370       0x78 build/simplelink/launchpad/cc2650/obj/tsch-schedule.o
                0x0000000000006370                tsch_schedule_remove_link
 .text.tsch_schedule_remove_slotframe
                0x00000000000063e8       0x44 build/simplelink/launchpad/cc2650/obj/tsch-schedule.o
                0x00000000000063e8                tsch_schedule_remove_slotframe
 .text.tsch_schedule_remove_all_slotframes
                0x000000000000642c       0x20 build/simplelink/launchpad/cc2650/obj/tsch-schedule.o
                0x000000000000642c                tsch_schedule_remove_all_slotframes
 .text.tsch_schedule_add_link
                0x000000000000644c       0xb8 build/simplelink/launchpad/cc2650/obj/tsch-schedule.o
                0x000000000000644c                tsch_schedule_add_link
 .text.tsch_schedule_get_next_active_link
                0x0000000000006504      0x18c build/simplelink/launchpad/cc2650/obj/tsch-schedule.o
                0x0000000000006504                tsch_schedule_get_next_active_link
 .text.tsch_schedule_init
                0x0000000000006690       0x30 build/simplelink/launchpad/cc2650/obj/tsch-schedule.o
                0x0000000000006690                tsch_schedule_init
 .text.tsch_schedule_slotframe_head
                0x00000000000066c0        0xc build/simplelink/launchpad/cc2650/obj/tsch-schedule.o
                0x00000000000066c0                tsch_schedule_slotframe_head
 .text.tsch_radio_off.part.0
                0x00000000000066cc        0xc build/simplelink/launchpad/cc2650/obj/tsch-slot-operation.o
 .text.get_packet_and_neighbor_for_link.constprop.0
                0x00000000000066d8       0x6c build/simplelink/launchpad/cc2650/obj/tsch-slot-operation.o
 .text.tsch_schedule_slot_operation.constprop.0
                0x0000000000006744       0x58 build/simplelink/launchpad/cc2650/obj/tsch-slot-operation.o
 .text.tsch_tx_slot.constprop.0
                0x000000000000679c      0x3d4 build/simplelink/launchpad/cc2650/obj/tsch-slot-operation.o
 .text.tsch_slot_operation
                0x0000000000006b70      0x67c build/simplelink/launchpad/cc2650/obj/tsch-slot-operation.o
 .text.tsch_is_locked
                0x00000000000071ec        0xc build/simplelink/launchpad/cc2650/obj/tsch-slot-operation.o
                0x00000000000071ec                tsch_is_locked
 .text.tsch_get_lock
                0x00000000000071f8       0x44 build/simplelink/launchpad/cc2650/obj/tsch-slot-operation.o
                0x00000000000071f8                tsch_get_lock
 .text.tsch_release_lock
                0x000000000000723c        0xc build/simplelink/launchpad/cc2650/obj/tsch-slot-operation.o
                0x000000000000723c                tsch_release_lock
 .text.tsch_get_network_uptime_ticks
                0x0000000000007248       0x68 build/simplelink/launchpad/cc2650/obj/tsch-slot-operation.o
                0x0000000000007248                tsch_get_network_uptime_ticks
 .text.tsch_slot_operation_start
                0x00000000000072b0       0x74 build/simplelink/launchpad/cc2650/obj/tsch-slot-operation.o
                0x00000000000072b0                tsch_slot_operation_start
 .text.tsch_slot_operation_sync
                0x0000000000007324       0x50 build/simplelink/launchpad/cc2650/obj/tsch-slot-operation.o
                0x0000000000007324                tsch_slot_operation_sync
 .text.turn_off
                0x0000000000007374       0x10 build/simplelink/launchpad/cc2650/obj/tsch.o
 .text.tsch_reset
                0x0000000000007384       0xb8 build/simplelink/launchpad/cc2650/obj/tsch.o
 .text.process_thread_tsch_send_eb_process
                0x000000000000743c      0x120 build/simplelink/launchpad/cc2650/obj/tsch.o
 .text.send_packet
                0x000000000000755c       0xc0 build/simplelink/launchpad/cc2650/obj/tsch.o
 .text.packet_input
                0x000000000000761c       0x40 build/simplelink/launchpad/cc2650/obj/tsch.o
 .text.keepalive_send
                0x000000000000765c       0x40 build/simplelink/launchpad/cc2650/obj/tsch.o
 .text.max_payload
                0x000000000000769c       0x4c build/simplelink/launchpad/cc2650/obj/tsch.o
 .text.turn_on  0x00000000000076e8       0x48 build/simplelink/launchpad/cc2650/obj/tsch.o
 .text.tsch_init
                0x0000000000007730       0xa4 build/simplelink/launchpad/cc2650/obj/tsch.o
 .text.tsch_set_coordinator
                0x00000000000077d4       0x30 build/simplelink/launchpad/cc2650/obj/tsch.o
                0x00000000000077d4                tsch_set_coordinator
 .text.tsch_set_pan_secured
                0x0000000000007804        0xc build/simplelink/launchpad/cc2650/obj/tsch.o
                0x0000000000007804                tsch_set_pan_secured
 .text.tsch_set_join_priority
                0x0000000000007810        0xc build/simplelink/launchpad/cc2650/obj/tsch.o
                0x0000000000007810                tsch_set_join_priority
 .text.tsch_set_eb_period
                0x000000000000781c       0x14 build/simplelink/launchpad/cc2650/obj/tsch.o
                0x000000000000781c                tsch_set_eb_period
 .text.tsch_schedule_keepalive
                0x0000000000007830       0x20 build/simplelink/launchpad/cc2650/obj/tsch.o
                0x0000000000007830                tsch_schedule_keepalive
 .text.tsch_set_ka_timeout
                0x0000000000007850       0x10 build/simplelink/launchpad/cc2650/obj/tsch.o
                0x0000000000007850                tsch_set_ka_timeout
 .text.tsch_disassociate
                0x0000000000007860       0x28 build/simplelink/launchpad/cc2650/obj/tsch.o
                0x0000000000007860                tsch_disassociate
 .text.process_thread_tsch_pending_events_process
                0x0000000000007888      0x250 build/simplelink/launchpad/cc2650/obj/tsch.o
 .text.keepalive_packet_sent
                0x0000000000007ad8       0x90 build/simplelink/launchpad/cc2650/obj/tsch.o
 .text.tsch_scan
                0x0000000000007b68      0x35c build/simplelink/launchpad/cc2650/obj/tsch.o
                0x0000000000007b68                tsch_scan
 .text.process_thread_tsch_process
                0x0000000000007ec4       0xc0 build/simplelink/launchpad/cc2650/obj/tsch.o
 .text.sicslowpan_init
                0x0000000000007f84       0x18 build/simplelink/launchpad/cc2650/obj/sicslowpan.o
                0x0000000000007f84                sicslowpan_init
 .text.set_packet_attrs
                0x0000000000007f9c       0x58 build/simplelink/launchpad/cc2650/obj/sicslowpan.o
 .text.compress_addr_64
                0x0000000000007ff4       0x90 build/simplelink/launchpad/cc2650/obj/sicslowpan.o
 .text.addr_context_lookup_by_prefix
                0x0000000000008084       0x24 build/simplelink/launchpad/cc2650/obj/sicslowpan.o
 .text.output   0x00000000000080a8      0x62c build/simplelink/launchpad/cc2650/obj/sicslowpan.o
 .text.packet_sent
                0x00000000000086d4       0x54 build/simplelink/launchpad/cc2650/obj/sicslowpan.o
 .text.uncompress_addr
                0x0000000000008728       0x70 build/simplelink/launchpad/cc2650/obj/sicslowpan.o
 .text.input    0x0000000000008798      0x61c build/simplelink/launchpad/cc2650/obj/sicslowpan.o
 .text.netstack_sniffer_add
                0x0000000000008db4        0xc build/simplelink/launchpad/cc2650/obj/sicslowpan.o
                0x0000000000008db4                netstack_sniffer_add
 .text.process_thread_simple_udp_process
                0x0000000000008dc0       0xb0 build/simplelink/launchpad/cc2650/obj/simple-udp.o
 .text.simple_udp_register
                0x0000000000008e70       0x88 build/simplelink/launchpad/cc2650/obj/simple-udp.o
                0x0000000000008e70                simple_udp_register
 .text.tcpip_output
                0x0000000000008ef8       0x2c build/simplelink/launchpad/cc2650/obj/tcpip.o
                0x0000000000008ef8                tcpip_output
 .text.udp_new  0x0000000000008f24       0x18 build/simplelink/launchpad/cc2650/obj/tcpip.o
                0x0000000000008f24                udp_new
 .text.tcpip_input
                0x0000000000008f3c       0x24 build/simplelink/launchpad/cc2650/obj/tcpip.o
                0x0000000000008f3c                tcpip_input
 .text.tcpip_ipv6_output
                0x0000000000008f60       0xf4 build/simplelink/launchpad/cc2650/obj/tcpip.o
                0x0000000000008f60                tcpip_ipv6_output
 .text.packet_input
                0x0000000000009054       0x20 build/simplelink/launchpad/cc2650/obj/tcpip.o
 .text.process_thread_tcpip_process
                0x0000000000009074       0xbc build/simplelink/launchpad/cc2650/obj/tcpip.o
 .text.tcpip_uipcall
                0x0000000000009130       0x2c build/simplelink/launchpad/cc2650/obj/tcpip.o
                0x0000000000009130                tcpip_uipcall
 .text.uip_ds6_nbr_rm
                0x000000000000915c       0x24 build/simplelink/launchpad/cc2650/obj/uip-ds6-nbr.o
                0x000000000000915c                uip_ds6_nbr_rm
 .text.uip_ds6_neighbors_init
                0x0000000000009180       0x1c build/simplelink/launchpad/cc2650/obj/uip-ds6-nbr.o
                0x0000000000009180                uip_ds6_neighbors_init
 .text.uip_ds6_nbr_add
                0x000000000000919c       0x40 build/simplelink/launchpad/cc2650/obj/uip-ds6-nbr.o
                0x000000000000919c                uip_ds6_nbr_add
 .text.uip_ds6_nbr_get_ll
                0x00000000000091dc        0xc build/simplelink/launchpad/cc2650/obj/uip-ds6-nbr.o
                0x00000000000091dc                uip_ds6_nbr_get_ll
 .text.uip_ds6_nbr_head
                0x00000000000091e8        0xc build/simplelink/launchpad/cc2650/obj/uip-ds6-nbr.o
                0x00000000000091e8                uip_ds6_nbr_head
 .text.uip_ds6_nbr_next
                0x00000000000091f4        0xc build/simplelink/launchpad/cc2650/obj/uip-ds6-nbr.o
                0x00000000000091f4                uip_ds6_nbr_next
 .text.uip_ds6_nbr_ll_lookup
                0x0000000000009200        0xc build/simplelink/launchpad/cc2650/obj/uip-ds6-nbr.o
                0x0000000000009200                uip_ds6_nbr_ll_lookup
 .text.call_route_callback
                0x000000000000920c       0x50 build/simplelink/launchpad/cc2650/obj/uip-ds6-route.o
 .text.uip_ds6_route_init
                0x000000000000925c       0x4c build/simplelink/launchpad/cc2650/obj/uip-ds6-route.o
                0x000000000000925c                uip_ds6_route_init
 .text.uip_ds6_route_count_nexthop_neighbors
                0x00000000000092a8       0x24 build/simplelink/launchpad/cc2650/obj/uip-ds6-route.o
                0x00000000000092a8                uip_ds6_route_count_nexthop_neighbors
 .text.uip_ds6_route_nexthop
                0x00000000000092cc       0x1c build/simplelink/launchpad/cc2650/obj/uip-ds6-route.o
                0x00000000000092cc                uip_ds6_route_nexthop
 .text.uip_ds6_route_head
                0x00000000000092e8        0xc build/simplelink/launchpad/cc2650/obj/uip-ds6-route.o
                0x00000000000092e8                uip_ds6_route_head
 .text.uip_ds6_route_is_nexthop
                0x00000000000092f4       0x20 build/simplelink/launchpad/cc2650/obj/uip-ds6-route.o
                0x00000000000092f4                uip_ds6_route_is_nexthop
 .text.uip_ds6_route_num_routes
                0x0000000000009314        0xc build/simplelink/launchpad/cc2650/obj/uip-ds6-route.o
                0x0000000000009314                uip_ds6_route_num_routes
 .text.uip_ds6_route_lookup
                0x0000000000009320       0x68 build/simplelink/launchpad/cc2650/obj/uip-ds6-route.o
                0x0000000000009320                uip_ds6_route_lookup
 .text.uip_ds6_route_rm
                0x0000000000009388       0xa4 build/simplelink/launchpad/cc2650/obj/uip-ds6-route.o
                0x0000000000009388                uip_ds6_route_rm
 .text.rm_routelist
                0x000000000000942c       0x30 build/simplelink/launchpad/cc2650/obj/uip-ds6-route.o
 .text.uip_ds6_route_add
                0x000000000000945c      0x124 build/simplelink/launchpad/cc2650/obj/uip-ds6-route.o
                0x000000000000945c                uip_ds6_route_add
 .text.uip_ds6_defrt_rm
                0x0000000000009580       0x44 build/simplelink/launchpad/cc2650/obj/uip-ds6-route.o
                0x0000000000009580                uip_ds6_defrt_rm
 .text.uip_ds6_defrt_lookup
                0x00000000000095c4       0x34 build/simplelink/launchpad/cc2650/obj/uip-ds6-route.o
                0x00000000000095c4                uip_ds6_defrt_lookup
 .text.uip_ds6_defrt_add
                0x00000000000095f8       0x6c build/simplelink/launchpad/cc2650/obj/uip-ds6-route.o
                0x00000000000095f8                uip_ds6_defrt_add
 .text.uip_ds6_defrt_choose
                0x0000000000009664       0x30 build/simplelink/launchpad/cc2650/obj/uip-ds6-route.o
                0x0000000000009664                uip_ds6_defrt_choose
 .text.uip_ds6_defrt_periodic
                0x0000000000009694       0x3c build/simplelink/launchpad/cc2650/obj/uip-ds6-route.o
                0x0000000000009694                uip_ds6_defrt_periodic
 .text.uip_ds6_default_prefix
                0x00000000000096d0        0x8 build/simplelink/launchpad/cc2650/obj/uip-ds6.o
                0x00000000000096d0                uip_ds6_default_prefix
 .text.uip_ds6_prefix_add
                0x00000000000096d8       0x60 build/simplelink/launchpad/cc2650/obj/uip-ds6.o
                0x00000000000096d8                uip_ds6_prefix_add
 .text.uip_ds6_is_addr_onlink
                0x0000000000009738       0x40 build/simplelink/launchpad/cc2650/obj/uip-ds6.o
                0x0000000000009738                uip_ds6_is_addr_onlink
 .text.uip_ds6_addr_lookup
                0x0000000000009778       0x2c build/simplelink/launchpad/cc2650/obj/uip-ds6.o
                0x0000000000009778                uip_ds6_addr_lookup
 .text.uip_ds6_get_link_local
                0x00000000000097a4       0x3c build/simplelink/launchpad/cc2650/obj/uip-ds6.o
                0x00000000000097a4                uip_ds6_get_link_local
 .text.uip_ds6_maddr_add
                0x00000000000097e0       0x48 build/simplelink/launchpad/cc2650/obj/uip-ds6.o
                0x00000000000097e0                uip_ds6_maddr_add
 .text.uip_ds6_addr_add
                0x0000000000009828       0x98 build/simplelink/launchpad/cc2650/obj/uip-ds6.o
                0x0000000000009828                uip_ds6_addr_add
 .text.uip_ds6_maddr_lookup
                0x00000000000098c0       0x2c build/simplelink/launchpad/cc2650/obj/uip-ds6.o
                0x00000000000098c0                uip_ds6_maddr_lookup
 .text.uip_ds6_addr_rm
                0x00000000000098ec       0x44 build/simplelink/launchpad/cc2650/obj/uip-ds6.o
                0x00000000000098ec                uip_ds6_addr_rm
 .text.uip_ds6_periodic
                0x0000000000009930       0x48 build/simplelink/launchpad/cc2650/obj/uip-ds6.o
                0x0000000000009930                uip_ds6_periodic
 .text.uip_ds6_select_src
                0x0000000000009978       0x94 build/simplelink/launchpad/cc2650/obj/uip-ds6.o
                0x0000000000009978                uip_ds6_select_src
 .text.uip_ds6_compute_reachable_time
                0x0000000000009a0c       0x2c build/simplelink/launchpad/cc2650/obj/uip-ds6.o
                0x0000000000009a0c                uip_ds6_compute_reachable_time
 .text.uip_ds6_init
                0x0000000000009a38      0x11c build/simplelink/launchpad/cc2650/obj/uip-ds6.o
                0x0000000000009a38                uip_ds6_init
 .text.echo_reply_input
                0x0000000000009b54       0x6c build/simplelink/launchpad/cc2650/obj/uip-icmp6.o
 .text.echo_request_input
                0x0000000000009bc0       0x9c build/simplelink/launchpad/cc2650/obj/uip-icmp6.o
 .text.uip_icmp6_input
                0x0000000000009c5c       0x38 build/simplelink/launchpad/cc2650/obj/uip-icmp6.o
                0x0000000000009c5c                uip_icmp6_input
 .text.uip_icmp6_register_input_handler
                0x0000000000009c94        0xc build/simplelink/launchpad/cc2650/obj/uip-icmp6.o
                0x0000000000009c94                uip_icmp6_register_input_handler
 .text.uip_icmp6_error_output
                0x0000000000009ca0      0x140 build/simplelink/launchpad/cc2650/obj/uip-icmp6.o
                0x0000000000009ca0                uip_icmp6_error_output
 .text.uip_icmp6_send
                0x0000000000009de0       0x80 build/simplelink/launchpad/cc2650/obj/uip-icmp6.o
                0x0000000000009de0                uip_icmp6_send
 .text.uip_icmp6_echo_reply_callback_add
                0x0000000000009e60       0x18 build/simplelink/launchpad/cc2650/obj/uip-icmp6.o
                0x0000000000009e60                uip_icmp6_echo_reply_callback_add
 .text.uip_icmp6_init
                0x0000000000009e78       0x1c build/simplelink/launchpad/cc2650/obj/uip-icmp6.o
                0x0000000000009e78                uip_icmp6_init
 .text.ns_input
                0x0000000000009e94      0x284 build/simplelink/launchpad/cc2650/obj/uip-nd6.o
 .text.uip_nd6_init
                0x000000000000a118        0xc build/simplelink/launchpad/cc2650/obj/uip-nd6.o
                0x000000000000a118                uip_nd6_init
 .text.uip_sr_num_nodes
                0x000000000000a124        0xc build/simplelink/launchpad/cc2650/obj/uip-sr.o
                0x000000000000a124                uip_sr_num_nodes
 .text.uip_sr_node_head
                0x000000000000a130        0xc build/simplelink/launchpad/cc2650/obj/uip-sr.o
                0x000000000000a130                uip_sr_node_head
 .text.uip_sr_link_snprint
                0x000000000000a13c       0x8c build/simplelink/launchpad/cc2650/obj/uip-sr.o
                0x000000000000a13c                uip_sr_link_snprint
 .text.upper_layer_chksum
                0x000000000000a1c8       0x54 build/simplelink/launchpad/cc2650/obj/uip6.o
 .text.ext_hdr_options_process
                0x000000000000a21c       0x78 build/simplelink/launchpad/cc2650/obj/uip6.o
 .text.uip_update_ttl.isra.0
                0x000000000000a294       0x1c build/simplelink/launchpad/cc2650/obj/uip6.o
 .text.uip_init
                0x000000000000a2b0       0x44 build/simplelink/launchpad/cc2650/obj/uip6.o
                0x000000000000a2b0                uip_init
 .text.uip_remove_ext_hdr
                0x000000000000a2f4       0x6c build/simplelink/launchpad/cc2650/obj/uip6.o
                0x000000000000a2f4                uip_remove_ext_hdr
 .text.uip_udp_new
                0x000000000000a360       0x94 build/simplelink/launchpad/cc2650/obj/uip6.o
                0x000000000000a360                uip_udp_new
 .text.uip_process
                0x000000000000a3f4      0x42c build/simplelink/launchpad/cc2650/obj/uip6.o
                0x000000000000a3f4                uip_process
 .text.uipbuf_add_ext_hdr
                0x000000000000a820       0x30 build/simplelink/launchpad/cc2650/obj/uipbuf.o
                0x000000000000a820                uipbuf_add_ext_hdr
 .text.uipbuf_set_len
                0x000000000000a850       0x14 build/simplelink/launchpad/cc2650/obj/uipbuf.o
                0x000000000000a850                uipbuf_set_len
 .text.uipbuf_get_attr
                0x000000000000a864       0x14 build/simplelink/launchpad/cc2650/obj/uipbuf.o
                0x000000000000a864                uipbuf_get_attr
 .text.uipbuf_set_attr
                0x000000000000a878       0x14 build/simplelink/launchpad/cc2650/obj/uipbuf.o
                0x000000000000a878                uipbuf_set_attr
 .text.uipbuf_clear_attr
                0x000000000000a88c       0x14 build/simplelink/launchpad/cc2650/obj/uipbuf.o
                0x000000000000a88c                uipbuf_clear_attr
 .text.uipbuf_clear
                0x000000000000a8a0       0x20 build/simplelink/launchpad/cc2650/obj/uipbuf.o
                0x000000000000a8a0                uipbuf_clear
 .text.uipbuf_init
                0x000000000000a8c0       0x20 build/simplelink/launchpad/cc2650/obj/uipbuf.o
                0x000000000000a8c0                uipbuf_init
 .text.uiplib_ipaddr_snprint
                0x000000000000a8e0       0xf4 build/simplelink/launchpad/cc2650/obj/uiplib.o
                0x000000000000a8e0                uiplib_ipaddr_snprint
 .text.rpl_dag_root_set_prefix
                0x000000000000a9d4       0x68 build/simplelink/launchpad/cc2650/obj/rpl-dag-root.o
                0x000000000000a9d4                rpl_dag_root_set_prefix
 .text.rpl_dag_root_start
                0x000000000000aa3c       0xb8 build/simplelink/launchpad/cc2650/obj/rpl-dag-root.o
                0x000000000000aa3c                rpl_dag_root_start
 .text.rpl_set_preferred_parent
                0x000000000000aaf4       0x2c build/simplelink/launchpad/cc2650/obj/rpl-dag.o
 .text.set_ip_from_prefix
                0x000000000000ab20       0x2c build/simplelink/launchpad/cc2650/obj/rpl-dag.o
 .text.find_parent_any_dag_any_instance
                0x000000000000ab4c       0x1c build/simplelink/launchpad/cc2650/obj/rpl-dag.o
 .text.rpl_dag_init
                0x000000000000ab68       0x14 build/simplelink/launchpad/cc2650/obj/rpl-dag.o
                0x000000000000ab68                rpl_dag_init
 .text.rpl_get_parent
                0x000000000000ab7c       0x10 build/simplelink/launchpad/cc2650/obj/rpl-dag.o
                0x000000000000ab7c                rpl_get_parent
 .text.rpl_get_parent_lladdr
                0x000000000000ab8c       0x10 build/simplelink/launchpad/cc2650/obj/rpl-dag.o
                0x000000000000ab8c                rpl_get_parent_lladdr
 .text.best_parent
                0x000000000000ab9c       0x80 build/simplelink/launchpad/cc2650/obj/rpl-dag.o
 .text.rpl_alloc_instance
                0x000000000000ac1c       0x38 build/simplelink/launchpad/cc2650/obj/rpl-dag.o
                0x000000000000ac1c                rpl_alloc_instance
 .text.rpl_get_default_instance
                0x000000000000ac54        0xc build/simplelink/launchpad/cc2650/obj/rpl-dag.o
                0x000000000000ac54                rpl_get_default_instance
 .text.rpl_add_parent
                0x000000000000ac60       0x30 build/simplelink/launchpad/cc2650/obj/rpl-dag.o
                0x000000000000ac60                rpl_add_parent
 .text.rpl_remove_parent
                0x000000000000ac90       0x1c build/simplelink/launchpad/cc2650/obj/rpl-dag.o
                0x000000000000ac90                rpl_remove_parent
 .text.remove_parents.constprop.0
                0x000000000000acac       0x2c build/simplelink/launchpad/cc2650/obj/rpl-dag.o
 .text.rpl_has_joined
                0x000000000000acd8       0x30 build/simplelink/launchpad/cc2650/obj/rpl-dag.o
                0x000000000000acd8                rpl_has_joined
 .text.rpl_has_downward_route
                0x000000000000ad08       0x24 build/simplelink/launchpad/cc2650/obj/rpl-dag.o
                0x000000000000ad08                rpl_has_downward_route
 .text.rpl_get_dag
                0x000000000000ad2c       0x50 build/simplelink/launchpad/cc2650/obj/rpl-dag.o
                0x000000000000ad2c                rpl_get_dag
 .text.rpl_get_any_dag
                0x000000000000ad7c       0x18 build/simplelink/launchpad/cc2650/obj/rpl-dag.o
                0x000000000000ad7c                rpl_get_any_dag
 .text.rpl_get_instance
                0x000000000000ad94       0x1c build/simplelink/launchpad/cc2650/obj/rpl-dag.o
                0x000000000000ad94                rpl_get_instance
 .text.rpl_find_of
                0x000000000000adb0       0x14 build/simplelink/launchpad/cc2650/obj/rpl-dag.o
                0x000000000000adb0                rpl_find_of
 .text.rpl_set_root
                0x000000000000adc4      0x108 build/simplelink/launchpad/cc2650/obj/rpl-dag.o
                0x000000000000adc4                rpl_set_root
 .text.rpl_join_instance
                0x000000000000aecc      0x11c build/simplelink/launchpad/cc2650/obj/rpl-dag.o
                0x000000000000aecc                rpl_join_instance
 .text.rpl_local_repair
                0x000000000000afe8       0x78 build/simplelink/launchpad/cc2650/obj/rpl-dag.o
                0x000000000000afe8                rpl_local_repair
 .text.rpl_recalculate_ranks
                0x000000000000b060       0x3c build/simplelink/launchpad/cc2650/obj/rpl-dag.o
                0x000000000000b060                rpl_recalculate_ranks
 .text.update_hbh_header
                0x000000000000b09c       0xb4 build/simplelink/launchpad/cc2650/obj/rpl-ext-header.o
 .text.insert_hbh_header
                0x000000000000b150       0x78 build/simplelink/launchpad/cc2650/obj/rpl-ext-header.o
 .text.rpl_ext_header_hbh_update
                0x000000000000b1c8       0xb0 build/simplelink/launchpad/cc2650/obj/rpl-ext-header.o
                0x000000000000b1c8                rpl_ext_header_hbh_update
 .text.rpl_ext_header_remove
                0x000000000000b278       0xac build/simplelink/launchpad/cc2650/obj/rpl-ext-header.o
                0x000000000000b278                rpl_ext_header_remove
 .text.rpl_ext_header_update
                0x000000000000b324       0x6c build/simplelink/launchpad/cc2650/obj/rpl-ext-header.o
                0x000000000000b324                rpl_ext_header_update
 .text.dio_input
                0x000000000000b390      0x200 build/simplelink/launchpad/cc2650/obj/rpl-icmp6.o
 .text.dao_input
                0x000000000000b590      0x2a0 build/simplelink/launchpad/cc2650/obj/rpl-icmp6.o
 .text.dis_output
                0x000000000000b830       0x54 build/simplelink/launchpad/cc2650/obj/rpl-icmp6.o
                0x000000000000b830                dis_output
 .text.dio_output
                0x000000000000b884      0x210 build/simplelink/launchpad/cc2650/obj/rpl-icmp6.o
                0x000000000000b884                dio_output
 .text.dis_input
                0x000000000000ba94       0x44 build/simplelink/launchpad/cc2650/obj/rpl-icmp6.o
 .text.dao_output_target
                0x000000000000bad8       0xf0 build/simplelink/launchpad/cc2650/obj/rpl-icmp6.o
                0x000000000000bad8                dao_output_target
 .text.dao_output
                0x000000000000bbc8       0xb4 build/simplelink/launchpad/cc2650/obj/rpl-icmp6.o
                0x000000000000bbc8                dao_output
 .text.rpl_icmp6_register_handlers
                0x000000000000bc7c       0x30 build/simplelink/launchpad/cc2650/obj/rpl-icmp6.o
                0x000000000000bc7c                rpl_icmp6_register_handlers
 .text.handle_periodic_timer
                0x000000000000bcac       0x5c build/simplelink/launchpad/cc2650/obj/rpl-timers.o
 .text.new_dio_interval
                0x000000000000bd08       0x70 build/simplelink/launchpad/cc2650/obj/rpl-timers.o
 .text.handle_dio_timer
                0x000000000000bd78       0x80 build/simplelink/launchpad/cc2650/obj/rpl-timers.o
 .text.set_dao_lifetime_timer
                0x000000000000bdf8       0x44 build/simplelink/launchpad/cc2650/obj/rpl-timers.o
 .text.handle_dao_timer
                0x000000000000be3c       0x58 build/simplelink/launchpad/cc2650/obj/rpl-timers.o
 .text.schedule_dao
                0x000000000000be94       0x50 build/simplelink/launchpad/cc2650/obj/rpl-timers.o
 .text.rpl_reset_periodic_timer
                0x000000000000bee4       0x34 build/simplelink/launchpad/cc2650/obj/rpl-timers.o
                0x000000000000bee4                rpl_reset_periodic_timer
 .text.rpl_schedule_unicast_dio_immediately
                0x000000000000bf18       0x14 build/simplelink/launchpad/cc2650/obj/rpl-timers.o
                0x000000000000bf18                rpl_schedule_unicast_dio_immediately
 .text.get_probing_target
                0x000000000000bf2c       0xb8 build/simplelink/launchpad/cc2650/obj/rpl-timers.o
                0x000000000000bf2c                get_probing_target
 .text.rpl_schedule_probing
                0x000000000000bfe4       0x20 build/simplelink/launchpad/cc2650/obj/rpl-timers.o
                0x000000000000bfe4                rpl_schedule_probing
 .text.rpl_schedule_probing_now
                0x000000000000c004       0x20 build/simplelink/launchpad/cc2650/obj/rpl-timers.o
                0x000000000000c004                rpl_schedule_probing_now
 .text.rpl_link_callback
                0x000000000000c024       0x64 build/simplelink/launchpad/cc2650/obj/rpl.o
                0x000000000000c024                rpl_link_callback
 .text.rpl_ipv6_neighbor_callback
                0x000000000000c088       0x28 build/simplelink/launchpad/cc2650/obj/rpl.o
                0x000000000000c088                rpl_ipv6_neighbor_callback
 .text.init     0x000000000000c0b0       0x4c build/simplelink/launchpad/cc2650/obj/rpl.o
 .text.rpl_get_mode
                0x000000000000c0fc        0xc build/simplelink/launchpad/cc2650/obj/rpl.o
                0x000000000000c0fc                rpl_get_mode
 .text.rpl_purge_routes
                0x000000000000c108       0x6c build/simplelink/launchpad/cc2650/obj/rpl.o
                0x000000000000c108                rpl_purge_routes
 .text.rpl_purge_dags
                0x000000000000c174       0x58 build/simplelink/launchpad/cc2650/obj/rpl.o
                0x000000000000c174                rpl_purge_dags
 .text.process_thread_udp_server_process
                0x000000000000c1cc       0xcc ber.o
 .text.ip_beautify
                0x000000000000c298       0x84 ber.o
                0x000000000000c298                ip_beautify
 .text.print_payload_as_json
                0x000000000000c31c      0x14c ber.o
                0x000000000000c31c                print_payload_as_json
 .text.udp_rx_callback
                0x000000000000c468      0x208 ber.o
 .text.NoRTOS_start
                0x000000000000c670        0x4 ../coresdk_cc13xx_cc26xx/kernel/nortos/lib/nortos_cc26x0.am3g(NoRTOS.om3g)
                0x000000000000c670                NoRTOS_start
 .text.clkFxn   0x000000000000c674        0x4 ../coresdk_cc13xx_cc26xx/kernel/nortos/lib/nortos_cc26x0.am3g(SemaphoreP_nortos.om3g)
                0x000000000000c674                clkFxn
 .text.SemaphoreP_construct
                0x000000000000c678       0x5c ../coresdk_cc13xx_cc26xx/kernel/nortos/lib/nortos_cc26x0.am3g(SemaphoreP_nortos.om3g)
                0x000000000000c678                SemaphoreP_construct
 .text.SemaphoreP_constructBinary
                0x000000000000c6d4       0x2c ../coresdk_cc13xx_cc26xx/kernel/nortos/lib/nortos_cc26x0.am3g(SemaphoreP_nortos.om3g)
                0x000000000000c6d4                SemaphoreP_constructBinary
 .text.SemaphoreP_destruct
                0x000000000000c700        0x4 ../coresdk_cc13xx_cc26xx/kernel/nortos/lib/nortos_cc26x0.am3g(SemaphoreP_nortos.om3g)
                0x000000000000c700                SemaphoreP_destruct
 .text.SemaphoreP_pend
                0x000000000000c704       0xb4 ../coresdk_cc13xx_cc26xx/kernel/nortos/lib/nortos_cc26x0.am3g(SemaphoreP_nortos.om3g)
                0x000000000000c704                SemaphoreP_pend
 .text.SemaphoreP_post
                0x000000000000c7b8       0x4c ../coresdk_cc13xx_cc26xx/kernel/nortos/lib/nortos_cc26x0.am3g(SemaphoreP_nortos.om3g)
                0x000000000000c7b8                SemaphoreP_post
 .text.ClockP_doTick
                0x000000000000c804        0xc ../coresdk_cc13xx_cc26xx/kernel/nortos/lib/nortos_cc26x0.am3g(ClockPTimer_nortos.om3g)
                0x000000000000c804                ClockP_doTick
 .text.ClockP_startup.part.1
                0x000000000000c810       0xa8 ../coresdk_cc13xx_cc26xx/kernel/nortos/lib/nortos_cc26x0.am3g(ClockPTimer_nortos.om3g)
 .text.ClockP_Params_init
                0x000000000000c8b8       0x10 ../coresdk_cc13xx_cc26xx/kernel/nortos/lib/nortos_cc26x0.am3g(ClockPTimer_nortos.om3g)
                0x000000000000c8b8                ClockP_Params_init
 .text.ClockP_startup
                0x000000000000c8c8       0x10 ../coresdk_cc13xx_cc26xx/kernel/nortos/lib/nortos_cc26x0.am3g(ClockPTimer_nortos.om3g)
                0x000000000000c8c8                ClockP_startup
 .text.ClockP_getTicks
                0x000000000000c8d8       0x24 ../coresdk_cc13xx_cc26xx/kernel/nortos/lib/nortos_cc26x0.am3g(ClockPTimer_nortos.om3g)
                0x000000000000c8d8                ClockP_getTicks
 .text.ClockP_getTicksUntilInterrupt
                0x000000000000c8fc       0x30 ../coresdk_cc13xx_cc26xx/kernel/nortos/lib/nortos_cc26x0.am3g(ClockPTimer_nortos.om3g)
                0x000000000000c8fc                ClockP_getTicksUntilInterrupt
 .text.ClockP_walkQueueDynamic
                0x000000000000c92c       0x70 ../coresdk_cc13xx_cc26xx/kernel/nortos/lib/nortos_cc26x0.am3g(ClockPTimer_nortos.om3g)
                0x000000000000c92c                ClockP_walkQueueDynamic
 .text.ClockP_workFuncDynamic
                0x000000000000c99c       0xc0 ../coresdk_cc13xx_cc26xx/kernel/nortos/lib/nortos_cc26x0.am3g(ClockPTimer_nortos.om3g)
                0x000000000000c99c                ClockP_workFuncDynamic
 .text.ClockP_add
                0x000000000000ca5c       0x1c ../coresdk_cc13xx_cc26xx/kernel/nortos/lib/nortos_cc26x0.am3g(ClockPTimer_nortos.om3g)
                0x000000000000ca5c                ClockP_add
 .text.ClockP_destruct
                0x000000000000ca78       0x1c ../coresdk_cc13xx_cc26xx/kernel/nortos/lib/nortos_cc26x0.am3g(ClockPTimer_nortos.om3g)
                0x000000000000ca78                ClockP_destruct
 .text.ClockP_start
                0x000000000000ca94       0x84 ../coresdk_cc13xx_cc26xx/kernel/nortos/lib/nortos_cc26x0.am3g(ClockPTimer_nortos.om3g)
                0x000000000000ca94                ClockP_start
 .text.ClockP_construct
                0x000000000000cb18       0x54 ../coresdk_cc13xx_cc26xx/kernel/nortos/lib/nortos_cc26x0.am3g(ClockPTimer_nortos.om3g)
                0x000000000000cb18                ClockP_construct
 .text.ClockP_stop
                0x000000000000cb6c        0x8 ../coresdk_cc13xx_cc26xx/kernel/nortos/lib/nortos_cc26x0.am3g(ClockPTimer_nortos.om3g)
                0x000000000000cb6c                ClockP_stop
 .text.ClockP_setTimeout
                0x000000000000cb74        0x4 ../coresdk_cc13xx_cc26xx/kernel/nortos/lib/nortos_cc26x0.am3g(ClockPTimer_nortos.om3g)
                0x000000000000cb74                ClockP_setTimeout
 .text.ClockP_getTimeout
                0x000000000000cb78       0x14 ../coresdk_cc13xx_cc26xx/kernel/nortos/lib/nortos_cc26x0.am3g(ClockPTimer_nortos.om3g)
                0x000000000000cb78                ClockP_getTimeout
 .text.ClockP_isActive
                0x000000000000cb8c        0x4 ../coresdk_cc13xx_cc26xx/kernel/nortos/lib/nortos_cc26x0.am3g(ClockPTimer_nortos.om3g)
                0x000000000000cb8c                ClockP_isActive
 .text.ClockP_getCpuFreq
                0x000000000000cb90       0x10 ../coresdk_cc13xx_cc26xx/kernel/nortos/lib/nortos_cc26x0.am3g(ClockPTimer_nortos.om3g)
                0x000000000000cb90                ClockP_getCpuFreq
 .text.ClockP_getSystemTickPeriod